Archive member included to satisfy reference by file (symbol)

/opt/Atollic_TrueSTUDIO_for_ARM_x86_64_8.0.0/ARMTools/bin/../lib/gcc/arm-atollic-eabi/6.3.1/../../../../arm-atollic-eabi/lib/armv7e-m/fpu/libc_nano.a(lib_a-init.o)
                              src/startup_stm32f40xx.o (__libc_init_array)
/opt/Atollic_TrueSTUDIO_for_ARM_x86_64_8.0.0/ARMTools/bin/../lib/gcc/arm-atollic-eabi/6.3.1/../../../../arm-atollic-eabi/lib/armv7e-m/fpu/libc_nano.a(lib_a-malloc.o)
                              Libraries/tm_stm32f4_delay/tm_stm32f4_delay.o (malloc)
/opt/Atollic_TrueSTUDIO_for_ARM_x86_64_8.0.0/ARMTools/bin/../lib/gcc/arm-atollic-eabi/6.3.1/../../../../arm-atollic-eabi/lib/armv7e-m/fpu/libc_nano.a(lib_a-memcpy-stub.o)
                              Libraries/tm_stm32f4_fatfs/fatfs/drivers/fatfs_sd_sdio.o (memcpy)
/opt/Atollic_TrueSTUDIO_for_ARM_x86_64_8.0.0/ARMTools/bin/../lib/gcc/arm-atollic-eabi/6.3.1/../../../../arm-atollic-eabi/lib/armv7e-m/fpu/libc_nano.a(lib_a-memset.o)
                              Libraries/tm_stm32f4_fatfs/fatfs/drivers/fatfs_sd_sdio.o (memset)
/opt/Atollic_TrueSTUDIO_for_ARM_x86_64_8.0.0/ARMTools/bin/../lib/gcc/arm-atollic-eabi/6.3.1/../../../../arm-atollic-eabi/lib/armv7e-m/fpu/libc_nano.a(lib_a-nano-freer.o)
                              /opt/Atollic_TrueSTUDIO_for_ARM_x86_64_8.0.0/ARMTools/bin/../lib/gcc/arm-atollic-eabi/6.3.1/../../../../arm-atollic-eabi/lib/armv7e-m/fpu/libc_nano.a(lib_a-malloc.o) (_free_r)
/opt/Atollic_TrueSTUDIO_for_ARM_x86_64_8.0.0/ARMTools/bin/../lib/gcc/arm-atollic-eabi/6.3.1/../../../../arm-atollic-eabi/lib/armv7e-m/fpu/libc_nano.a(lib_a-nano-mallocr.o)
                              /opt/Atollic_TrueSTUDIO_for_ARM_x86_64_8.0.0/ARMTools/bin/../lib/gcc/arm-atollic-eabi/6.3.1/../../../../arm-atollic-eabi/lib/armv7e-m/fpu/libc_nano.a(lib_a-malloc.o) (_malloc_r)
/opt/Atollic_TrueSTUDIO_for_ARM_x86_64_8.0.0/ARMTools/bin/../lib/gcc/arm-atollic-eabi/6.3.1/../../../../arm-atollic-eabi/lib/armv7e-m/fpu/libc_nano.a(lib_a-sbrkr.o)
                              /opt/Atollic_TrueSTUDIO_for_ARM_x86_64_8.0.0/ARMTools/bin/../lib/gcc/arm-atollic-eabi/6.3.1/../../../../arm-atollic-eabi/lib/armv7e-m/fpu/libc_nano.a(lib_a-nano-mallocr.o) (_sbrk_r)
/opt/Atollic_TrueSTUDIO_for_ARM_x86_64_8.0.0/ARMTools/bin/../lib/gcc/arm-atollic-eabi/6.3.1/../../../../arm-atollic-eabi/lib/armv7e-m/fpu/libc_nano.a(lib_a-strcpy.o)
                              Libraries/tm_stm32f4_fatfs/tm_stm32f4_fatfs.o (strcpy)
/opt/Atollic_TrueSTUDIO_for_ARM_x86_64_8.0.0/ARMTools/bin/../lib/gcc/arm-atollic-eabi/6.3.1/../../../../arm-atollic-eabi/lib/armv7e-m/fpu/libc_nano.a(lib_a-strlen.o)
                              Libraries/tm_stm32f4_fatfs/tm_stm32f4_fatfs.o (strlen)
/opt/Atollic_TrueSTUDIO_for_ARM_x86_64_8.0.0/ARMTools/bin/../lib/gcc/arm-atollic-eabi/6.3.1/../../../../arm-atollic-eabi/lib/armv7e-m/fpu/libc_nano.a(lib_a-impure.o)
                              /opt/Atollic_TrueSTUDIO_for_ARM_x86_64_8.0.0/ARMTools/bin/../lib/gcc/arm-atollic-eabi/6.3.1/../../../../arm-atollic-eabi/lib/armv7e-m/fpu/libc_nano.a(lib_a-malloc.o) (_impure_ptr)
/opt/Atollic_TrueSTUDIO_for_ARM_x86_64_8.0.0/ARMTools/bin/../lib/gcc/arm-atollic-eabi/6.3.1/../../../../arm-atollic-eabi/lib/armv7e-m/fpu/libc_nano.a(lib_a-mlock.o)
                              /opt/Atollic_TrueSTUDIO_for_ARM_x86_64_8.0.0/ARMTools/bin/../lib/gcc/arm-atollic-eabi/6.3.1/../../../../arm-atollic-eabi/lib/armv7e-m/fpu/libc_nano.a(lib_a-nano-freer.o) (__malloc_lock)
/opt/Atollic_TrueSTUDIO_for_ARM_x86_64_8.0.0/ARMTools/bin/../lib/gcc/arm-atollic-eabi/6.3.1/../../../../arm-atollic-eabi/lib/armv7e-m/fpu/libc_nano.a(lib_a-reent.o)
                              /opt/Atollic_TrueSTUDIO_for_ARM_x86_64_8.0.0/ARMTools/bin/../lib/gcc/arm-atollic-eabi/6.3.1/../../../../arm-atollic-eabi/lib/armv7e-m/fpu/libc_nano.a(lib_a-sbrkr.o) (errno)
/opt/Atollic_TrueSTUDIO_for_ARM_x86_64_8.0.0/ARMTools/bin/../lib/gcc/arm-atollic-eabi/6.3.1/../../../../arm-atollic-eabi/lib/armv7e-m/fpu/libm.a(lib_a-w_log10.o)
                              src/sound.o (log10)
/opt/Atollic_TrueSTUDIO_for_ARM_x86_64_8.0.0/ARMTools/bin/../lib/gcc/arm-atollic-eabi/6.3.1/../../../../arm-atollic-eabi/lib/armv7e-m/fpu/libm.a(lib_a-w_pow.o)
                              src/sound.o (pow)
/opt/Atollic_TrueSTUDIO_for_ARM_x86_64_8.0.0/ARMTools/bin/../lib/gcc/arm-atollic-eabi/6.3.1/../../../../arm-atollic-eabi/lib/armv7e-m/fpu/libm.a(lib_a-e_log10.o)
                              /opt/Atollic_TrueSTUDIO_for_ARM_x86_64_8.0.0/ARMTools/bin/../lib/gcc/arm-atollic-eabi/6.3.1/../../../../arm-atollic-eabi/lib/armv7e-m/fpu/libm.a(lib_a-w_log10.o) (__ieee754_log10)
/opt/Atollic_TrueSTUDIO_for_ARM_x86_64_8.0.0/ARMTools/bin/../lib/gcc/arm-atollic-eabi/6.3.1/../../../../arm-atollic-eabi/lib/armv7e-m/fpu/libm.a(lib_a-e_pow.o)
                              /opt/Atollic_TrueSTUDIO_for_ARM_x86_64_8.0.0/ARMTools/bin/../lib/gcc/arm-atollic-eabi/6.3.1/../../../../arm-atollic-eabi/lib/armv7e-m/fpu/libm.a(lib_a-w_pow.o) (__ieee754_pow)
[...]
Memory Configuration

Name             Origin             Length             Attributes
FLASH            0x0000000008000000 0x0000000000100000 xr
RAM              0x0000000020000000 0x0000000000020000 xrw
MEMORY_B1        0x0000000060000000 0x0000000000000000 xr
CCMRAM           0x0000000010000000 0x0000000000010000 rw
*default*        0x0000000000000000 0xffffffffffffffff

Linker script and memory map

LOAD /opt/Atollic_TrueSTUDIO_for_ARM_x86_64_8.0.0/ARMTools/bin/../lib/gcc/arm-atollic-eabi/6.3.1/armv7e-m/fpu/crti.o
LOAD /opt/Atollic_TrueSTUDIO_for_ARM_x86_64_8.0.0/ARMTools/bin/../lib/gcc/arm-atollic-eabi/6.3.1/armv7e-m/fpu/crtbegin.o
LOAD Libraries/STM32F4xx_StdPeriph_Driver/src/misc.o
LOAD Libraries/STM32F4xx_StdPeriph_Driver/src/stm32f4xx_adc.o
LOAD Libraries/STM32F4xx_StdPeriph_Driver/src/stm32f4xx_can.o
LOAD Libraries/STM32F4xx_StdPeriph_Driver/src/stm32f4xx_crc.o
LOAD Libraries/STM32F4xx_StdPeriph_Driver/src/stm32f4xx_cryp.o
LOAD Libraries/STM32F4xx_StdPeriph_Driver/src/stm32f4xx_cryp_aes.o
LOAD Libraries/STM32F4xx_StdPeriph_Driver/src/stm32f4xx_cryp_des.o
LOAD Libraries/STM32F4xx_StdPeriph_Driver/src/stm32f4xx_cryp_tdes.o
LOAD Libraries/STM32F4xx_StdPeriph_Driver/src/stm32f4xx_dac.o
LOAD Libraries/STM32F4xx_StdPeriph_Driver/src/stm32f4xx_dbgmcu.o
LOAD Libraries/STM32F4xx_StdPeriph_Driver/src/stm32f4xx_dcmi.o
LOAD Libraries/STM32F4xx_StdPeriph_Driver/src/stm32f4xx_dma.o
LOAD Libraries/STM32F4xx_StdPeriph_Driver/src/stm32f4xx_exti.o
LOAD Libraries/STM32F4xx_StdPeriph_Driver/src/stm32f4xx_flash.o
LOAD Libraries/STM32F4xx_StdPeriph_Driver/src/stm32f4xx_fsmc.o
LOAD Libraries/STM32F4xx_StdPeriph_Driver/src/stm32f4xx_gpio.o
LOAD Libraries/STM32F4xx_StdPeriph_Driver/src/stm32f4xx_hash.o
LOAD Libraries/STM32F4xx_StdPeriph_Driver/src/stm32f4xx_hash_md5.o
LOAD Libraries/STM32F4xx_StdPeriph_Driver/src/stm32f4xx_hash_sha1.o
LOAD Libraries/STM32F4xx_StdPeriph_Driver/src/stm32f4xx_i2c.o
LOAD Libraries/STM32F4xx_StdPeriph_Driver/src/stm32f4xx_iwdg.o
LOAD Libraries/STM32F4xx_StdPeriph_Driver/src/stm32f4xx_pwr.o
LOAD Libraries/STM32F4xx_StdPeriph_Driver/src/stm32f4xx_rcc.o
LOAD Libraries/STM32F4xx_StdPeriph_Driver/src/stm32f4xx_rng.o
LOAD Libraries/STM32F4xx_StdPeriph_Driver/src/stm32f4xx_rtc.o
LOAD Libraries/STM32F4xx_StdPeriph_Driver/src/stm32f4xx_sdio.o
LOAD Libraries/STM32F4xx_StdPeriph_Driver/src/stm32f4xx_spi.o
LOAD Libraries/STM32F4xx_StdPeriph_Driver/src/stm32f4xx_syscfg.o
LOAD Libraries/STM32F4xx_StdPeriph_Driver/src/stm32f4xx_tim.o
LOAD Libraries/STM32F4xx_StdPeriph_Driver/src/stm32f4xx_usart.o
LOAD Libraries/STM32F4xx_StdPeriph_Driver/src/stm32f4xx_wwdg.o
LOAD Libraries/tm_stm32f4_delay/tm_stm32f4_delay.o
LOAD Libraries/tm_stm32f4_delay/tm_stm32f4_timer_properties.o
LOAD Libraries/tm_stm32f4_fatfs/fatfs/diskio.o
LOAD Libraries/tm_stm32f4_fatfs/fatfs/drivers/fatfs_sd.o
LOAD Libraries/tm_stm32f4_fatfs/fatfs/drivers/fatfs_sd_sdio.o
LOAD Libraries/tm_stm32f4_fatfs/fatfs/ff.o
LOAD Libraries/tm_stm32f4_fatfs/fatfs/option/ccsbcs.o
LOAD Libraries/tm_stm32f4_fatfs/fatfs/option/syscall.o
LOAD Libraries/tm_stm32f4_fatfs/fatfs/option/unicode.o
LOAD Libraries/tm_stm32f4_fatfs/tm_stm32f4_fatfs.o
LOAD Libraries/tm_stm32f4_gpio/tm_stm32f4_gpio.o
LOAD Libraries/tm_stm32f4_spi/tm_stm32f4_spi.o
LOAD Utilities/STM32F4-Discovery/stm32f4_discovery.o
LOAD Utilities/STM32F4-Discovery/stm32f4_discovery_audio_codec.o
LOAD Utilities/STM32F4-Discovery/stm32f4_discovery_lis302dl.o
LOAD src/codec.o
LOAD src/main.o
LOAD src/sound.o
LOAD src/startup_stm32f40xx.o
LOAD src/stm32f4xx_it.o
LOAD src/system_stm32f4xx.o
LOAD src/tiny_printf.o
LOAD src/wav.o
                0x0000000000000080                malloc_getpagesize_P = 0x80
START GROUP
LOAD /opt/Atollic_TrueSTUDIO_for_ARM_x86_64_8.0.0/ARMTools/bin/../lib/gcc/arm-atollic-eabi/6.3.1/../../../../arm-atollic-eabi/lib/armv7e-m/fpu/libc_nano.a
LOAD /opt/Atollic_TrueSTUDIO_for_ARM_x86_64_8.0.0/ARMTools/bin/../lib/gcc/arm-atollic-eabi/6.3.1/../../../../arm-atollic-eabi/lib/armv7e-m/fpu/libm.a
END GROUP
START GROUP
LOAD /opt/Atollic_TrueSTUDIO_for_ARM_x86_64_8.0.0/ARMTools/bin/../lib/gcc/arm-atollic-eabi/6.3.1/armv7e-m/fpu/libgcc.a
LOAD /opt/Atollic_TrueSTUDIO_for_ARM_x86_64_8.0.0/ARMTools/bin/../lib/gcc/arm-atollic-eabi/6.3.1/../../../../arm-atollic-eabi/lib/armv7e-m/fpu/libc_nano.a
END GROUP
START GROUP
LOAD /opt/Atollic_TrueSTUDIO_for_ARM_x86_64_8.0.0/ARMTools/bin/../lib/gcc/arm-atollic-eabi/6.3.1/armv7e-m/fpu/libgcc.a
LOAD /opt/Atollic_TrueSTUDIO_for_ARM_x86_64_8.0.0/ARMTools/bin/../lib/gcc/arm-atollic-eabi/6.3.1/../../../../arm-atollic-eabi/lib/armv7e-m/fpu/libc_nano.a
LOAD /opt/Atollic_TrueSTUDIO_for_ARM_x86_64_8.0.0/ARMTools/bin/../lib/gcc/arm-atollic-eabi/6.3.1/../../../../arm-atollic-eabi/lib/armv7e-m/fpu/libnosys.a
END GROUP
START GROUP
LOAD /opt/Atollic_TrueSTUDIO_for_ARM_x86_64_8.0.0/ARMTools/bin/../lib/gcc/arm-atollic-eabi/6.3.1/armv7e-m/fpu/libgcc.a
LOAD /opt/Atollic_TrueSTUDIO_for_ARM_x86_64_8.0.0/ARMTools/bin/../lib/gcc/arm-atollic-eabi/6.3.1/../../../../arm-atollic-eabi/lib/armv7e-m/fpu/libc_nano.a
LOAD /opt/Atollic_TrueSTUDIO_for_ARM_x86_64_8.0.0/ARMTools/bin/../lib/gcc/arm-atollic-eabi/6.3.1/../../../../arm-atollic-eabi/lib/armv7e-m/fpu/libnosys.a
END GROUP
LOAD /opt/Atollic_TrueSTUDIO_for_ARM_x86_64_8.0.0/ARMTools/bin/../lib/gcc/arm-atollic-eabi/6.3.1/armv7e-m/fpu/crtend.o
LOAD /opt/Atollic_TrueSTUDIO_for_ARM_x86_64_8.0.0/ARMTools/bin/../lib/gcc/arm-atollic-eabi/6.3.1/armv7e-m/fpu/crtn.o
                0x0000000020020000                _estack = 0x20020000
                0x0000000000000000                _Min_Heap_Size = 0x0
                0x0000000000000400                _Min_Stack_Size = 0x400

.isr_vector     0x0000000008000000      0x188
                0x0000000008000000                . = ALIGN (0x4)
 *(.isr_vector)
 .isr_vector    0x0000000008000000      0x188 src/startup_stm32f40xx.o
                0x0000000008000000                g_pfnVectors
                0x0000000008000188                . = ALIGN (0x4)

.text           0x0000000008000188     0x7398
                0x0000000008000188                . = ALIGN (0x4)
 *(.text)
 .text          0x0000000008000188       0x40 /opt/Atollic_TrueSTUDIO_for_ARM_x86_64_8.0.0/ARMTools/bin/../lib/gcc/arm-atollic-eabi/6.3.1/armv7e-m/fpu/crtbegin.o
 *(.text*)
 .text.NVIC_PriorityGroupConfig
                0x00000000080001c8       0x28 Libraries/STM32F4xx_StdPeriph_Driver/src/misc.o
                0x00000000080001c8                NVIC_PriorityGroupConfig
 .text.NVIC_Init
                0x00000000080001f0       0xc4 Libraries/STM32F4xx_StdPeriph_Driver/src/misc.o
                0x00000000080001f0                NVIC_Init
 .text.DAC_SetChannel1Data
                0x00000000080002b4       0x38 Libraries/STM32F4xx_StdPeriph_Driver/src/stm32f4xx_dac.o
                0x00000000080002b4                DAC_SetChannel1Data
 .text.DMA_DeInit
                0x00000000080002ec      0x1a8 Libraries/STM32F4xx_StdPeriph_Driver/src/stm32f4xx_dma.o
                0x00000000080002ec                DMA_DeInit
 .text.DMA_Init
                0x0000000008000494       0xb0 Libraries/STM32F4xx_StdPeriph_Driver/src/stm32f4xx_dma.o
                0x0000000008000494                DMA_Init
 .text.DMA_Cmd  0x0000000008000544       0x38 Libraries/STM32F4xx_StdPeriph_Driver/src/stm32f4xx_dma.o
                0x0000000008000544                DMA_Cmd
 .text.DMA_FlowControllerConfig
                0x000000000800057c       0x36 Libraries/STM32F4xx_StdPeriph_Driver/src/stm32f4xx_dma.o
                0x000000000800057c                DMA_FlowControllerConfig
 .text.DMA_GetCmdStatus
                0x00000000080005b2       0x30 Libraries/STM32F4xx_StdPeriph_Driver/src/stm32f4xx_dma.o
                0x00000000080005b2                DMA_GetCmdStatus
 *fill*         0x00000000080005e2        0x2 
 .text.DMA_GetFlagStatus
                0x00000000080005e4       0x78 Libraries/STM32F4xx_StdPeriph_Driver/src/stm32f4xx_dma.o
                0x00000000080005e4                DMA_GetFlagStatus
 .text.DMA_ClearFlag
                0x000000000800065c       0x5c Libraries/STM32F4xx_StdPeriph_Driver/src/stm32f4xx_dma.o
                0x000000000800065c                DMA_ClearFlag
 .text.DMA_ITConfig
                0x00000000080006b8       0x74 Libraries/STM32F4xx_StdPeriph_Driver/src/stm32f4xx_dma.o
                0x00000000080006b8                DMA_ITConfig
 .text.GPIO_Init
                0x000000000800072c      0x11c Libraries/STM32F4xx_StdPeriph_Driver/src/stm32f4xx_gpio.o
                0x000000000800072c                GPIO_Init
 .text.GPIO_StructInit
                0x0000000008000848       0x34 Libraries/STM32F4xx_StdPeriph_Driver/src/stm32f4xx_gpio.o
                0x0000000008000848                GPIO_StructInit
 .text.GPIO_SetBits
                0x000000000800087c       0x1e Libraries/STM32F4xx_StdPeriph_Driver/src/stm32f4xx_gpio.o
                0x000000000800087c                GPIO_SetBits
 .text.GPIO_ResetBits
                0x000000000800089a       0x1e Libraries/STM32F4xx_StdPeriph_Driver/src/stm32f4xx_gpio.o
                0x000000000800089a                GPIO_ResetBits
 .text.GPIO_PinAFConfig
                0x00000000080008b8       0x92 Libraries/STM32F4xx_StdPeriph_Driver/src/stm32f4xx_gpio.o
                0x00000000080008b8                GPIO_PinAFConfig
 *fill*         0x000000000800094a        0x2 
 .text.I2C_DeInit
                0x000000000800094c       0x74 Libraries/STM32F4xx_StdPeriph_Driver/src/stm32f4xx_i2c.o
                0x000000000800094c                I2C_DeInit
 .text.I2C_Init
                0x00000000080009c0      0x184 Libraries/STM32F4xx_StdPeriph_Driver/src/stm32f4xx_i2c.o
                0x00000000080009c0                I2C_Init
 .text.I2C_Cmd  0x0000000008000b44       0x40 Libraries/STM32F4xx_StdPeriph_Driver/src/stm32f4xx_i2c.o
                0x0000000008000b44                I2C_Cmd
 .text.I2C_GenerateSTART
                0x0000000008000b84       0x40 Libraries/STM32F4xx_StdPeriph_Driver/src/stm32f4xx_i2c.o
                0x0000000008000b84                I2C_GenerateSTART
 .text.I2C_GenerateSTOP
                0x0000000008000bc4       0x40 Libraries/STM32F4xx_StdPeriph_Driver/src/stm32f4xx_i2c.o
                0x0000000008000bc4                I2C_GenerateSTOP
 .text.I2C_Send7bitAddress
                0x0000000008000c04       0x3c Libraries/STM32F4xx_StdPeriph_Driver/src/stm32f4xx_i2c.o
                0x0000000008000c04                I2C_Send7bitAddress
 .text.I2C_AcknowledgeConfig
                0x0000000008000c40       0x40 Libraries/STM32F4xx_StdPeriph_Driver/src/stm32f4xx_i2c.o
                0x0000000008000c40                I2C_AcknowledgeConfig
 .text.I2C_SendData
                0x0000000008000c80       0x20 Libraries/STM32F4xx_StdPeriph_Driver/src/stm32f4xx_i2c.o
                0x0000000008000c80                I2C_SendData
 .text.I2C_ReceiveData
                0x0000000008000ca0       0x1c Libraries/STM32F4xx_StdPeriph_Driver/src/stm32f4xx_i2c.o
                0x0000000008000ca0                I2C_ReceiveData
 .text.I2C_CheckEvent
                0x0000000008000cbc       0x60 Libraries/STM32F4xx_StdPeriph_Driver/src/stm32f4xx_i2c.o
                0x0000000008000cbc                I2C_CheckEvent
 .text.I2C_GetFlagStatus
                0x0000000008000d1c       0x66 Libraries/STM32F4xx_StdPeriph_Driver/src/stm32f4xx_i2c.o
                0x0000000008000d1c                I2C_GetFlagStatus
 *fill*         0x0000000008000d82        0x2 
 .text.RCC_PLLI2SCmd
                0x0000000008000d84       0x20 Libraries/STM32F4xx_StdPeriph_Driver/src/stm32f4xx_rcc.o
                0x0000000008000d84                RCC_PLLI2SCmd
 .text.RCC_GetClocksFreq
                0x0000000008000da4      0x150 Libraries/STM32F4xx_StdPeriph_Driver/src/stm32f4xx_rcc.o
                0x0000000008000da4                RCC_GetClocksFreq
 .text.RCC_AHB1PeriphClockCmd
                0x0000000008000ef4       0x40 Libraries/STM32F4xx_StdPeriph_Driver/src/stm32f4xx_rcc.o
                0x0000000008000ef4                RCC_AHB1PeriphClockCmd
 .text.RCC_APB1PeriphClockCmd
                0x0000000008000f34       0x40 Libraries/STM32F4xx_StdPeriph_Driver/src/stm32f4xx_rcc.o
                0x0000000008000f34                RCC_APB1PeriphClockCmd
 .text.RCC_APB1PeriphResetCmd
                0x0000000008000f74       0x40 Libraries/STM32F4xx_StdPeriph_Driver/src/stm32f4xx_rcc.o
                0x0000000008000f74                RCC_APB1PeriphResetCmd
 .text.RCC_APB2PeriphResetCmd
                0x0000000008000fb4       0x40 Libraries/STM32F4xx_StdPeriph_Driver/src/stm32f4xx_rcc.o
                0x0000000008000fb4                RCC_APB2PeriphResetCmd
 .text.SDIO_DeInit
                0x0000000008000ff4       0x1c Libraries/STM32F4xx_StdPeriph_Driver/src/stm32f4xx_sdio.o
                0x0000000008000ff4                SDIO_DeInit
 .text.SDIO_Init
                0x0000000008001010       0x60 Libraries/STM32F4xx_StdPeriph_Driver/src/stm32f4xx_sdio.o
                0x0000000008001010                SDIO_Init
 .text.SDIO_ClockCmd
                0x0000000008001070       0x20 Libraries/STM32F4xx_StdPeriph_Driver/src/stm32f4xx_sdio.o
                0x0000000008001070                SDIO_ClockCmd
 .text.SDIO_SetPowerState
                0x0000000008001090       0x20 Libraries/STM32F4xx_StdPeriph_Driver/src/stm32f4xx_sdio.o
                0x0000000008001090                SDIO_SetPowerState
 .text.SDIO_GetPowerState
                0x00000000080010b0       0x1c Libraries/STM32F4xx_StdPeriph_Driver/src/stm32f4xx_sdio.o
                0x00000000080010b0                SDIO_GetPowerState
 .text.SDIO_SendCommand
                0x00000000080010cc       0x58 Libraries/STM32F4xx_StdPeriph_Driver/src/stm32f4xx_sdio.o
                0x00000000080010cc                SDIO_SendCommand
 .text.SDIO_GetCommandResponse
                0x0000000008001124       0x18 Libraries/STM32F4xx_StdPeriph_Driver/src/stm32f4xx_sdio.o
                0x0000000008001124                SDIO_GetCommandResponse
 .text.SDIO_GetResponse
                0x000000000800113c       0x28 Libraries/STM32F4xx_StdPeriph_Driver/src/stm32f4xx_sdio.o
                0x000000000800113c                SDIO_GetResponse
 .text.SDIO_DataConfig
                0x0000000008001164       0x5c Libraries/STM32F4xx_StdPeriph_Driver/src/stm32f4xx_sdio.o
                0x0000000008001164                SDIO_DataConfig
 .text.SDIO_ReadData
                0x00000000080011c0       0x18 Libraries/STM32F4xx_StdPeriph_Driver/src/stm32f4xx_sdio.o
                0x00000000080011c0                SDIO_ReadData
 .text.SDIO_DMACmd
                0x00000000080011d8       0x20 Libraries/STM32F4xx_StdPeriph_Driver/src/stm32f4xx_sdio.o
                0x00000000080011d8                SDIO_DMACmd
 .text.SDIO_GetFlagStatus
                0x00000000080011f8       0x34 Libraries/STM32F4xx_StdPeriph_Driver/src/stm32f4xx_sdio.o
                0x00000000080011f8                SDIO_GetFlagStatus
 .text.SDIO_GetITStatus
                0x000000000800122c       0x34 Libraries/STM32F4xx_StdPeriph_Driver/src/stm32f4xx_sdio.o
                0x000000000800122c                SDIO_GetITStatus
 .text.SDIO_ClearITPendingBit
                0x0000000008001260       0x20 Libraries/STM32F4xx_StdPeriph_Driver/src/stm32f4xx_sdio.o
                0x0000000008001260                SDIO_ClearITPendingBit
 .text.SPI_I2S_DeInit
                0x0000000008001280       0xdc Libraries/STM32F4xx_StdPeriph_Driver/src/stm32f4xx_spi.o
                0x0000000008001280                SPI_I2S_DeInit
 .text.I2S_Init
                0x000000000800135c      0x1ac Libraries/STM32F4xx_StdPeriph_Driver/src/stm32f4xx_spi.o
                0x000000000800135c                I2S_Init
 .text.I2S_Cmd  0x0000000008001508       0x40 Libraries/STM32F4xx_StdPeriph_Driver/src/stm32f4xx_spi.o
                0x0000000008001508                I2S_Cmd
 .text.SPI_I2S_SendData
                0x0000000008001548       0x1e Libraries/STM32F4xx_StdPeriph_Driver/src/stm32f4xx_spi.o
                0x0000000008001548                SPI_I2S_SendData
 .text.SPI_I2S_GetFlagStatus
                0x0000000008001566       0x38 Libraries/STM32F4xx_StdPeriph_Driver/src/stm32f4xx_spi.o
                0x0000000008001566                SPI_I2S_GetFlagStatus
 *fill*         0x000000000800159e        0x2 
 .text.SysTick_Handler
                0x00000000080015a0       0xf0 Libraries/tm_stm32f4_delay/tm_stm32f4_delay.o
                0x00000000080015a0                SysTick_Handler
 .text.disk_initialize
                0x0000000008001690       0x44 Libraries/tm_stm32f4_fatfs/fatfs/diskio.o
                0x0000000008001690                disk_initialize
 .text.disk_status
                0x00000000080016d4       0x48 Libraries/tm_stm32f4_fatfs/fatfs/diskio.o
                0x00000000080016d4                disk_status
 .text.disk_read
                0x000000000800171c       0x5c Libraries/tm_stm32f4_fatfs/fatfs/diskio.o
                0x000000000800171c                disk_read
 .text.disk_write
                0x0000000008001778       0x5c Libraries/tm_stm32f4_fatfs/fatfs/diskio.o
                0x0000000008001778                disk_write
 .text.disk_ioctl
                0x00000000080017d4       0x54 Libraries/tm_stm32f4_fatfs/fatfs/diskio.o
                0x00000000080017d4                disk_ioctl
 .text.get_fattime
                0x0000000008001828       0x14 Libraries/tm_stm32f4_fatfs/fatfs/diskio.o
                0x0000000008001828                get_fattime
 .text.TM_FATFS_USB_disk_initialize
                0x000000000800183c       0x10 Libraries/tm_stm32f4_fatfs/fatfs/diskio.o
                0x000000000800183c                TM_FATFS_USB_disk_initialize
 .text.TM_FATFS_SDRAM_disk_initialize
                0x000000000800184c       0x10 Libraries/tm_stm32f4_fatfs/fatfs/diskio.o
                0x000000000800184c                TM_FATFS_SDRAM_disk_initialize
 .text.TM_FATFS_SPI_FLASH_disk_initialize
                0x000000000800185c       0x10 Libraries/tm_stm32f4_fatfs/fatfs/diskio.o
                0x000000000800185c                TM_FATFS_SPI_FLASH_disk_initialize
 .text.TM_FATFS_USB_disk_status
                0x000000000800186c       0x10 Libraries/tm_stm32f4_fatfs/fatfs/diskio.o
                0x000000000800186c                TM_FATFS_USB_disk_status
 .text.TM_FATFS_SDRAM_disk_status
                0x000000000800187c       0x10 Libraries/tm_stm32f4_fatfs/fatfs/diskio.o
                0x000000000800187c                TM_FATFS_SDRAM_disk_status
 .text.TM_FATFS_SPI_FLASH_disk_status
                0x000000000800188c       0x10 Libraries/tm_stm32f4_fatfs/fatfs/diskio.o
                0x000000000800188c                TM_FATFS_SPI_FLASH_disk_status
 .text.TM_FATFS_USB_disk_ioctl
                0x000000000800189c       0x1a Libraries/tm_stm32f4_fatfs/fatfs/diskio.o
                0x000000000800189c                TM_FATFS_USB_disk_ioctl
 .text.TM_FATFS_SDRAM_disk_ioctl
                0x00000000080018b6       0x1a Libraries/tm_stm32f4_fatfs/fatfs/diskio.o
                0x00000000080018b6                TM_FATFS_SDRAM_disk_ioctl
 .text.TM_FATFS_SPI_FLASH_disk_ioctl
                0x00000000080018d0       0x1a Libraries/tm_stm32f4_fatfs/fatfs/diskio.o
                0x00000000080018d0                TM_FATFS_SPI_FLASH_disk_ioctl
 .text.TM_FATFS_USB_disk_read
                0x00000000080018ea       0x1a Libraries/tm_stm32f4_fatfs/fatfs/diskio.o
                0x00000000080018ea                TM_FATFS_USB_disk_read
 .text.TM_FATFS_SDRAM_disk_read
                0x0000000008001904       0x1a Libraries/tm_stm32f4_fatfs/fatfs/diskio.o
                0x0000000008001904                TM_FATFS_SDRAM_disk_read
 .text.TM_FATFS_SPI_FLASH_disk_read
                0x000000000800191e       0x1a Libraries/tm_stm32f4_fatfs/fatfs/diskio.o
                0x000000000800191e                TM_FATFS_SPI_FLASH_disk_read
 .text.TM_FATFS_USB_disk_write
                0x0000000008001938       0x1a Libraries/tm_stm32f4_fatfs/fatfs/diskio.o
                0x0000000008001938                TM_FATFS_USB_disk_write
 .text.TM_FATFS_SDRAM_disk_write
                0x0000000008001952       0x1a Libraries/tm_stm32f4_fatfs/fatfs/diskio.o
                0x0000000008001952                TM_FATFS_SDRAM_disk_write
 .text.TM_FATFS_SPI_FLASH_disk_write
                0x000000000800196c       0x1a Libraries/tm_stm32f4_fatfs/fatfs/diskio.o
                0x000000000800196c                TM_FATFS_SPI_FLASH_disk_write
 .text.TM_FATFS_SDIO_WriteEnabled
                0x0000000008001986       0x10 Libraries/tm_stm32f4_fatfs/fatfs/drivers/fatfs_sd_sdio.o
                0x0000000008001986                TM_FATFS_SDIO_WriteEnabled
 *fill*         0x0000000008001996        0x2 
 .text.TM_FATFS_SD_SDIO_disk_initialize
                0x0000000008001998       0xa8 Libraries/tm_stm32f4_fatfs/fatfs/drivers/fatfs_sd_sdio.o
                0x0000000008001998                TM_FATFS_SD_SDIO_disk_initialize
 .text.TM_FATFS_SD_SDIO_disk_status
                0x0000000008001a40       0x4c Libraries/tm_stm32f4_fatfs/fatfs/drivers/fatfs_sd_sdio.o
                0x0000000008001a40                TM_FATFS_SD_SDIO_disk_status
 .text.TM_FATFS_SD_SDIO_disk_read
                0x0000000008001a8c      0x120 Libraries/tm_stm32f4_fatfs/fatfs/drivers/fatfs_sd_sdio.o
                0x0000000008001a8c                TM_FATFS_SD_SDIO_disk_read
 .text.TM_FATFS_SD_SDIO_disk_write
                0x0000000008001bac      0x126 Libraries/tm_stm32f4_fatfs/fatfs/drivers/fatfs_sd_sdio.o
                0x0000000008001bac                TM_FATFS_SD_SDIO_disk_write
 *fill*         0x0000000008001cd2        0x2 
 .text.TM_FATFS_SD_SDIO_disk_ioctl
                0x0000000008001cd4       0x4c Libraries/tm_stm32f4_fatfs/fatfs/drivers/fatfs_sd_sdio.o
                0x0000000008001cd4                TM_FATFS_SD_SDIO_disk_ioctl
 .text.SDIO_IRQHandler
                0x0000000008001d20        0xc Libraries/tm_stm32f4_fatfs/fatfs/drivers/fatfs_sd_sdio.o
                0x0000000008001d20                SDIO_IRQHandler
 .text.DMA2_Stream3_IRQHandler
                0x0000000008001d2c        0xc Libraries/tm_stm32f4_fatfs/fatfs/drivers/fatfs_sd_sdio.o
                0x0000000008001d2c                DMA2_Stream3_IRQHandler
 .text.SD_Init  0x0000000008001d38       0xb8 Libraries/tm_stm32f4_fatfs/fatfs/drivers/fatfs_sd_sdio.o
                0x0000000008001d38                SD_Init
 .text.SD_GetStatus
                0x0000000008001df0       0x30 Libraries/tm_stm32f4_fatfs/fatfs/drivers/fatfs_sd_sdio.o
                0x0000000008001df0                SD_GetStatus
 .text.SD_GetState
                0x0000000008001e20       0x3e Libraries/tm_stm32f4_fatfs/fatfs/drivers/fatfs_sd_sdio.o
                0x0000000008001e20                SD_GetState
 .text.SD_Detect
                0x0000000008001e5e       0x24 Libraries/tm_stm32f4_fatfs/fatfs/drivers/fatfs_sd_sdio.o
                0x0000000008001e5e                SD_Detect
 *fill*         0x0000000008001e82        0x2 
 .text.SD_PowerON
                0x0000000008001e84      0x22c Libraries/tm_stm32f4_fatfs/fatfs/drivers/fatfs_sd_sdio.o
                0x0000000008001e84                SD_PowerON
 .text.SD_InitializeCards
                0x00000000080020b0      0x188 Libraries/tm_stm32f4_fatfs/fatfs/drivers/fatfs_sd_sdio.o
                0x00000000080020b0                SD_InitializeCards
 .text.SD_GetCardInfo
                0x0000000008002238      0x580 Libraries/tm_stm32f4_fatfs/fatfs/drivers/fatfs_sd_sdio.o
                0x0000000008002238                SD_GetCardInfo
 .text.SD_EnableWideBusOperation
                0x00000000080027b8       0xd8 Libraries/tm_stm32f4_fatfs/fatfs/drivers/fatfs_sd_sdio.o
                0x00000000080027b8                SD_EnableWideBusOperation
 .text.SD_SelectDeselect
                0x0000000008002890       0x4c Libraries/tm_stm32f4_fatfs/fatfs/drivers/fatfs_sd_sdio.o
                0x0000000008002890                SD_SelectDeselect
 .text.SD_ReadMultiBlocks
                0x00000000080028dc      0x138 Libraries/tm_stm32f4_fatfs/fatfs/drivers/fatfs_sd_sdio.o
                0x00000000080028dc                SD_ReadMultiBlocks
 .text.SD_WaitReadOperation
                0x0000000008002a14       0xbc Libraries/tm_stm32f4_fatfs/fatfs/drivers/fatfs_sd_sdio.o
                0x0000000008002a14                SD_WaitReadOperation
 .text.SD_WriteMultiBlocks
                0x0000000008002ad0      0x1b4 Libraries/tm_stm32f4_fatfs/fatfs/drivers/fatfs_sd_sdio.o
                0x0000000008002ad0                SD_WriteMultiBlocks
 .text.SD_WaitWriteOperation
                0x0000000008002c84       0xbc Libraries/tm_stm32f4_fatfs/fatfs/drivers/fatfs_sd_sdio.o
                0x0000000008002c84                SD_WaitWriteOperation
 .text.SD_StopTransfer
                0x0000000008002d40       0x48 Libraries/tm_stm32f4_fatfs/fatfs/drivers/fatfs_sd_sdio.o
                0x0000000008002d40                SD_StopTransfer
 .text.SD_SendStatus
                0x0000000008002d88       0x78 Libraries/tm_stm32f4_fatfs/fatfs/drivers/fatfs_sd_sdio.o
                0x0000000008002d88                SD_SendStatus
 .text.SD_ProcessIRQSrc
                0x0000000008002e00       0xd4 Libraries/tm_stm32f4_fatfs/fatfs/drivers/fatfs_sd_sdio.o
                0x0000000008002e00                SD_ProcessIRQSrc
 .text.SD_ProcessDMAIRQ
                0x0000000008002ed4       0x30 Libraries/tm_stm32f4_fatfs/fatfs/drivers/fatfs_sd_sdio.o
                0x0000000008002ed4                SD_ProcessDMAIRQ
 .text.CmdError
                0x0000000008002f04       0x50 Libraries/tm_stm32f4_fatfs/fatfs/drivers/fatfs_sd_sdio.o
 .text.CmdResp7Error
                0x0000000008002f54       0x7c Libraries/tm_stm32f4_fatfs/fatfs/drivers/fatfs_sd_sdio.o
 .text.CmdResp1Error
                0x0000000008002fd0      0x1a4 Libraries/tm_stm32f4_fatfs/fatfs/drivers/fatfs_sd_sdio.o
 .text.CmdResp3Error
                0x0000000008003174       0x54 Libraries/tm_stm32f4_fatfs/fatfs/drivers/fatfs_sd_sdio.o
 .text.CmdResp2Error
                0x00000000080031c8       0x6c Libraries/tm_stm32f4_fatfs/fatfs/drivers/fatfs_sd_sdio.o
 .text.CmdResp6Error
                0x0000000008003234       0xd0 Libraries/tm_stm32f4_fatfs/fatfs/drivers/fatfs_sd_sdio.o
 .text.SDEnWideBus
                0x0000000008003304      0x180 Libraries/tm_stm32f4_fatfs/fatfs/drivers/fatfs_sd_sdio.o
 .text.FindSCR  0x0000000008003484      0x204 Libraries/tm_stm32f4_fatfs/fatfs/drivers/fatfs_sd_sdio.o
 .text.SD_LowLevel_DeInit
                0x0000000008003688       0x58 Libraries/tm_stm32f4_fatfs/fatfs/drivers/fatfs_sd_sdio.o
                0x0000000008003688                SD_LowLevel_DeInit
 .text.SD_LowLevel_Init
                0x00000000080036e0       0x5c Libraries/tm_stm32f4_fatfs/fatfs/drivers/fatfs_sd_sdio.o
                0x00000000080036e0                SD_LowLevel_Init
 .text.SD_LowLevel_DMA_TxConfig
                0x000000000800373c       0xa0 Libraries/tm_stm32f4_fatfs/fatfs/drivers/fatfs_sd_sdio.o
                0x000000000800373c                SD_LowLevel_DMA_TxConfig
 .text.SD_LowLevel_DMA_RxConfig
                0x00000000080037dc       0xa4 Libraries/tm_stm32f4_fatfs/fatfs/drivers/fatfs_sd_sdio.o
                0x00000000080037dc                SD_LowLevel_DMA_RxConfig
 .text.mem_cpy  0x0000000008003880       0x3c Libraries/tm_stm32f4_fatfs/fatfs/ff.o
 .text.mem_set  0x00000000080038bc       0x34 Libraries/tm_stm32f4_fatfs/fatfs/ff.o
 .text.mem_cmp  0x00000000080038f0       0x4e Libraries/tm_stm32f4_fatfs/fatfs/ff.o
 .text.chk_chr  0x000000000800393e       0x36 Libraries/tm_stm32f4_fatfs/fatfs/ff.o
 .text.sync_window
                0x0000000008003974       0x88 Libraries/tm_stm32f4_fatfs/fatfs/ff.o
 .text.move_window
                0x00000000080039fc       0x5a Libraries/tm_stm32f4_fatfs/fatfs/ff.o
 .text.sync_fs  0x0000000008003a56      0x144 Libraries/tm_stm32f4_fatfs/fatfs/ff.o
 .text.clust2sect
                0x0000000008003b9a       0x3e Libraries/tm_stm32f4_fatfs/fatfs/ff.o
                0x0000000008003b9a                clust2sect
 .text.get_fat  0x0000000008003bd8      0x172 Libraries/tm_stm32f4_fatfs/fatfs/ff.o
                0x0000000008003bd8                get_fat
 .text.put_fat  0x0000000008003d4a      0x212 Libraries/tm_stm32f4_fatfs/fatfs/ff.o
                0x0000000008003d4a                put_fat
 .text.remove_chain
                0x0000000008003f5c       0xa6 Libraries/tm_stm32f4_fatfs/fatfs/ff.o
 .text.create_chain
                0x0000000008004002      0x126 Libraries/tm_stm32f4_fatfs/fatfs/ff.o
 .text.dir_sdi  0x0000000008004128       0xfe Libraries/tm_stm32f4_fatfs/fatfs/ff.o
 .text.dir_next
                0x0000000008004226      0x1a6 Libraries/tm_stm32f4_fatfs/fatfs/ff.o
 .text.dir_alloc
                0x00000000080043cc       0x8c Libraries/tm_stm32f4_fatfs/fatfs/ff.o
 .text.ld_clust
                0x0000000008004458       0x5a Libraries/tm_stm32f4_fatfs/fatfs/ff.o
 .text.st_clust
                0x00000000080044b2       0x4e Libraries/tm_stm32f4_fatfs/fatfs/ff.o
 .text.cmp_lfn  0x0000000008004500       0xdc Libraries/tm_stm32f4_fatfs/fatfs/ff.o
 .text.fit_lfn  0x00000000080045dc       0xec Libraries/tm_stm32f4_fatfs/fatfs/ff.o
 .text.gen_numname
                0x00000000080046c8      0x11c Libraries/tm_stm32f4_fatfs/fatfs/ff.o
 .text.sum_sfn  0x00000000080047e4       0x42 Libraries/tm_stm32f4_fatfs/fatfs/ff.o
 .text.dir_find
                0x0000000008004826      0x168 Libraries/tm_stm32f4_fatfs/fatfs/ff.o
 *fill*         0x000000000800498e        0x2 
 .text.dir_register
                0x0000000008004990      0x200 Libraries/tm_stm32f4_fatfs/fatfs/ff.o
 .text.create_name
                0x0000000008004b90      0x3f8 Libraries/tm_stm32f4_fatfs/fatfs/ff.o
 .text.follow_path
                0x0000000008004f88      0x106 Libraries/tm_stm32f4_fatfs/fatfs/ff.o
 *fill*         0x000000000800508e        0x2 
 .text.get_ldnumber
                0x0000000008005090      0x10c Libraries/tm_stm32f4_fatfs/fatfs/ff.o
 .text.check_fs
                0x000000000800519c       0xd0 Libraries/tm_stm32f4_fatfs/fatfs/ff.o
 .text.find_volume
                0x000000000800526c      0x568 Libraries/tm_stm32f4_fatfs/fatfs/ff.o
 .text.validate
                0x00000000080057d4       0x5a Libraries/tm_stm32f4_fatfs/fatfs/ff.o
 *fill*         0x000000000800582e        0x2 
 .text.f_mount  0x0000000008005830       0x88 Libraries/tm_stm32f4_fatfs/fatfs/ff.o
                0x0000000008005830                f_mount
 .text.f_open   0x00000000080058b8      0x29e Libraries/tm_stm32f4_fatfs/fatfs/ff.o
                0x00000000080058b8                f_open
 .text.f_read   0x0000000008005b56      0x26e Libraries/tm_stm32f4_fatfs/fatfs/ff.o
                0x0000000008005b56                f_read
 .text.f_sync   0x0000000008005dc4      0x150 Libraries/tm_stm32f4_fatfs/fatfs/ff.o
                0x0000000008005dc4                f_sync
 .text.f_close  0x0000000008005f14       0x38 Libraries/tm_stm32f4_fatfs/fatfs/ff.o
                0x0000000008005f14                f_close
 .text.f_lseek  0x0000000008005f4c      0x266 Libraries/tm_stm32f4_fatfs/fatfs/ff.o
                0x0000000008005f4c                f_lseek
 *fill*         0x00000000080061b2        0x2 
 .text.ff_convert
                0x00000000080061b4       0x78 Libraries/tm_stm32f4_fatfs/fatfs/option/ccsbcs.o
                0x00000000080061b4                ff_convert
 .text.ff_wtoupper
                0x000000000800622c       0x5c Libraries/tm_stm32f4_fatfs/fatfs/option/ccsbcs.o
                0x000000000800622c                ff_wtoupper
 .text.ff_memalloc
                0x0000000008006288       0x18 Libraries/tm_stm32f4_fatfs/fatfs/option/syscall.o
                0x0000000008006288                ff_memalloc
 .text.ff_memfree
                0x00000000080062a0       0x16 Libraries/tm_stm32f4_fatfs/fatfs/option/syscall.o
                0x00000000080062a0                ff_memfree
 .text.TM_FATFS_CheckCardDetectPin
                0x00000000080062b6       0x18 Libraries/tm_stm32f4_fatfs/tm_stm32f4_fatfs.o
                0x00000000080062b6                TM_FATFS_CheckCardDetectPin
 .text.TM_GPIO_InitAlternate
                0x00000000080062ce       0xa6 Libraries/tm_stm32f4_gpio/tm_stm32f4_gpio.o
                0x00000000080062ce                TM_GPIO_InitAlternate
 .text.TM_GPIO_DeInit
                0x0000000008006374       0x80 Libraries/tm_stm32f4_gpio/tm_stm32f4_gpio.o
                0x0000000008006374                TM_GPIO_DeInit
 .text.TM_GPIO_SetPullResistor
                0x00000000080063f4       0x64 Libraries/tm_stm32f4_gpio/tm_stm32f4_gpio.o
                0x00000000080063f4                TM_GPIO_SetPullResistor
 .text.TM_GPIO_GetPortSource
                0x0000000008006458       0x22 Libraries/tm_stm32f4_gpio/tm_stm32f4_gpio.o
                0x0000000008006458                TM_GPIO_GetPortSource
 *fill*         0x000000000800647a        0x2 
 .text.TM_GPIO_INT_EnableClock
                0x000000000800647c       0x30 Libraries/tm_stm32f4_gpio/tm_stm32f4_gpio.o
                0x000000000800647c                TM_GPIO_INT_EnableClock
 .text.TM_GPIO_INT_Init
                0x00000000080064ac      0x10c Libraries/tm_stm32f4_gpio/tm_stm32f4_gpio.o
                0x00000000080064ac                TM_GPIO_INT_Init
 .text.STM_EVAL_LEDInit
                0x00000000080065b8       0x5c Utilities/STM32F4-Discovery/stm32f4_discovery.o
                0x00000000080065b8                STM_EVAL_LEDInit
 .text.STM_EVAL_LEDOn
                0x0000000008006614       0x30 Utilities/STM32F4-Discovery/stm32f4_discovery.o
                0x0000000008006614                STM_EVAL_LEDOn
 .text.STM_EVAL_LEDOff
                0x0000000008006644       0x30 Utilities/STM32F4-Discovery/stm32f4_discovery.o
                0x0000000008006644                STM_EVAL_LEDOff
 .text.Audio_MAL_IRQHandler
                0x0000000008006674      0x100 Utilities/STM32F4-Discovery/stm32f4_discovery_audio_codec.o
 .text.DMA1_Stream7_IRQHandler
                0x0000000008006774        0xc Utilities/STM32F4-Discovery/stm32f4_discovery_audio_codec.o
                0x0000000008006774                DMA1_Stream7_IRQHandler
 .text.DMA1_Stream0_IRQHandler
                0x0000000008006780        0xc Utilities/STM32F4-Discovery/stm32f4_discovery_audio_codec.o
                0x0000000008006780                DMA1_Stream0_IRQHandler
 .text.SPI3_IRQHandler
                0x000000000800678c       0x44 Utilities/STM32F4-Discovery/stm32f4_discovery_audio_codec.o
                0x000000000800678c                SPI3_IRQHandler
 .text.codec_init
                0x00000000080067d0      0x170 src/codec.o
                0x00000000080067d0                codec_init
 .text.codec_ctrl_init
                0x0000000008006940      0x168 src/codec.o
                0x0000000008006940                codec_ctrl_init
 .text.send_codec_ctrl
                0x0000000008006aa8       0xb8 src/codec.o
                0x0000000008006aa8                send_codec_ctrl
 .text.read_codec_register
                0x0000000008006b60      0x104 src/codec.o
                0x0000000008006b60                read_codec_register
 .text.main     0x0000000008006c64       0xc0 src/main.o
                0x0000000008006c64                main
 .text.EVAL_AUDIO_TransferComplete_CallBack
                0x0000000008006d24       0x16 src/main.o
                0x0000000008006d24                EVAL_AUDIO_TransferComplete_CallBack
 .text.EVAL_AUDIO_GetSampleCallBack
                0x0000000008006d3a       0x12 src/main.o
                0x0000000008006d3a                EVAL_AUDIO_GetSampleCallBack
 .text.initAudio
                0x0000000008006d4c       0x58 src/sound.o
                0x0000000008006d4c                initAudio
 .text.playBuffer
                0x0000000008006da4       0x78 src/sound.o
                0x0000000008006da4                playBuffer
 .text.Reset_Handler
                0x0000000008006e1c       0x50 src/startup_stm32f40xx.o
                0x0000000008006e1c                Reset_Handler
 .text.Default_Handler
                0x0000000008006e6c        0x2 src/startup_stm32f40xx.o
                0x0000000008006e6c                RTC_Alarm_IRQHandler
                0x0000000008006e6c                HASH_RNG_IRQHandler
                0x0000000008006e6c                EXTI2_IRQHandler
                0x0000000008006e6c                TIM8_CC_IRQHandler
                0x0000000008006e6c                TIM1_CC_IRQHandler
                0x0000000008006e6c                DMA2_Stream5_IRQHandler
                0x0000000008006e6c                DMA1_Stream5_IRQHandler
                0x0000000008006e6c                PVD_IRQHandler
                0x0000000008006e6c                TAMP_STAMP_IRQHandler
                0x0000000008006e6c                CAN2_RX1_IRQHandler
                0x0000000008006e6c                EXTI3_IRQHandler
                0x0000000008006e6c                TIM8_TRG_COM_TIM14_IRQHandler
                0x0000000008006e6c                TIM1_UP_TIM10_IRQHandler
                0x0000000008006e6c                TIM8_UP_TIM13_IRQHandler
                0x0000000008006e6c                I2C3_ER_IRQHandler
                0x0000000008006e6c                EXTI0_IRQHandler
                0x0000000008006e6c                I2C2_EV_IRQHandler
                0x0000000008006e6c                DMA1_Stream2_IRQHandler
                0x0000000008006e6c                CAN1_RX0_IRQHandler
                0x0000000008006e6c                FPU_IRQHandler
                0x0000000008006e6c                OTG_HS_WKUP_IRQHandler
                0x0000000008006e6c                CAN2_SCE_IRQHandler
                0x0000000008006e6c                DMA2_Stream2_IRQHandler
                0x0000000008006e6c                SPI1_IRQHandler
                0x0000000008006e6c                TIM6_DAC_IRQHandler
                0x0000000008006e6c                TIM1_BRK_TIM9_IRQHandler
                0x0000000008006e6c                DCMI_IRQHandler
                0x0000000008006e6c                CAN2_RX0_IRQHandler
                0x0000000008006e6c                USART6_IRQHandler
                0x0000000008006e6c                USART3_IRQHandler
                0x0000000008006e6c                CRYP_IRQHandler
                0x0000000008006e6c                CAN1_RX1_IRQHandler
                0x0000000008006e6c                UART5_IRQHandler
                0x0000000008006e6c                DMA2_Stream0_IRQHandler
                0x0000000008006e6c                TIM4_IRQHandler
                0x0000000008006e6c                I2C1_EV_IRQHandler
                0x0000000008006e6c                DMA1_Stream6_IRQHandler
                0x0000000008006e6c                DMA1_Stream1_IRQHandler
                0x0000000008006e6c                UART4_IRQHandler
                0x0000000008006e6c                TIM3_IRQHandler
                0x0000000008006e6c                RCC_IRQHandler
                0x0000000008006e6c                TIM8_BRK_TIM12_IRQHandler
                0x0000000008006e6c                Default_Handler
                0x0000000008006e6c                EXTI15_10_IRQHandler
                0x0000000008006e6c                ADC_IRQHandler
                0x0000000008006e6c                TIM7_IRQHandler
                0x0000000008006e6c                CAN2_TX_IRQHandler
                0x0000000008006e6c                TIM5_IRQHandler
                0x0000000008006e6c                DMA2_Stream7_IRQHandler
                0x0000000008006e6c                I2C3_EV_IRQHandler
                0x0000000008006e6c                EXTI9_5_IRQHandler
                0x0000000008006e6c                RTC_WKUP_IRQHandler
                0x0000000008006e6c                ETH_WKUP_IRQHandler
                0x0000000008006e6c                SPI2_IRQHandler
                0x0000000008006e6c                OTG_HS_EP1_IN_IRQHandler
                0x0000000008006e6c                CAN1_TX_IRQHandler
                0x0000000008006e6c                EXTI4_IRQHandler
                0x0000000008006e6c                FSMC_IRQHandler
                0x0000000008006e6c                ETH_IRQHandler
                0x0000000008006e6c                OTG_HS_EP1_OUT_IRQHandler
                0x0000000008006e6c                WWDG_IRQHandler
                0x0000000008006e6c                TIM2_IRQHandler
                0x0000000008006e6c                OTG_FS_WKUP_IRQHandler
                0x0000000008006e6c                TIM1_TRG_COM_TIM11_IRQHandler
                0x0000000008006e6c                OTG_HS_IRQHandler
                0x0000000008006e6c                EXTI1_IRQHandler
                0x0000000008006e6c                USART2_IRQHandler
                0x0000000008006e6c                I2C2_ER_IRQHandler
                0x0000000008006e6c                DMA2_Stream1_IRQHandler
                0x0000000008006e6c                CAN1_SCE_IRQHandler
                0x0000000008006e6c                FLASH_IRQHandler
                0x0000000008006e6c                DMA2_Stream4_IRQHandler
                0x0000000008006e6c                USART1_IRQHandler
                0x0000000008006e6c                OTG_FS_IRQHandler
                0x0000000008006e6c                DMA1_Stream4_IRQHandler
                0x0000000008006e6c                I2C1_ER_IRQHandler
                0x0000000008006e6c                DMA2_Stream6_IRQHandler
                0x0000000008006e6c                DMA1_Stream3_IRQHandler
 .text.NMI_Handler
                0x0000000008006e6e        0xe src/stm32f4xx_it.o
                0x0000000008006e6e                NMI_Handler
 .text.HardFault_Handler
                0x0000000008006e7c        0x6 src/stm32f4xx_it.o
                0x0000000008006e7c                HardFault_Handler
 .text.MemManage_Handler
                0x0000000008006e82        0x6 src/stm32f4xx_it.o
                0x0000000008006e82                MemManage_Handler
 .text.BusFault_Handler
                0x0000000008006e88        0x6 src/stm32f4xx_it.o
                0x0000000008006e88                BusFault_Handler
 .text.UsageFault_Handler
                0x0000000008006e8e        0x6 src/stm32f4xx_it.o
                0x0000000008006e8e                UsageFault_Handler
 .text.SVC_Handler
                0x0000000008006e94        0xe src/stm32f4xx_it.o
                0x0000000008006e94                SVC_Handler
 .text.DebugMon_Handler
                0x0000000008006ea2        0xe src/stm32f4xx_it.o
                0x0000000008006ea2                DebugMon_Handler
 .text.PendSV_Handler
                0x0000000008006eb0        0xe src/stm32f4xx_it.o
                0x0000000008006eb0                PendSV_Handler
 *fill*         0x0000000008006ebe        0x2 
 .text.SystemInit
                0x0000000008006ec0       0x6c src/system_stm32f4xx.o
                0x0000000008006ec0                SystemInit
 .text.SetSysClock
                0x0000000008006f2c       0xf8 src/system_stm32f4xx.o
 .text.init_sd  0x0000000008007024       0x48 src/wav.o
                0x0000000008007024                init_sd
 .text.deinit_sd
                0x000000000800706c       0x44 src/wav.o
                0x000000000800706c                deinit_sd
 .text.open_file
                0x00000000080070b0       0x4c src/wav.o
                0x00000000080070b0                open_file
 .text.read_header
                0x00000000080070fc       0x4c src/wav.o
                0x00000000080070fc                read_header
 .text.read_file
                0x0000000008007148       0x4c src/wav.o
                0x0000000008007148                read_file
 .text.read_wav_header
                0x0000000008007194       0x46 src/wav.o
                0x0000000008007194                read_wav_header
 .text.read_wav_data
                0x00000000080071da       0x60 src/wav.o
                0x00000000080071da                read_wav_data
 .text.get_wav_size
                0x000000000800723a       0x42 src/wav.o
                0x000000000800723a                get_wav_size
 .text.read_wav_file
                0x000000000800727c       0x74 src/wav.o
                0x000000000800727c                read_wav_file
 .text.__libc_init_array
                0x00000000080072f0       0x48 /opt/Atollic_TrueSTUDIO_for_ARM_x86_64_8.0.0/ARMTools/bin/../lib/gcc/arm-atollic-eabi/6.3.1/../../../../arm-atollic-eabi/lib/armv7e-m/fpu/libc_nano.a(lib_a-init.o)
                0x00000000080072f0                __libc_init_array
 .text.malloc   0x0000000008007338       0x10 /opt/Atollic_TrueSTUDIO_for_ARM_x86_64_8.0.0/ARMTools/bin/../lib/gcc/arm-atollic-eabi/6.3.1/../../../../arm-atollic-eabi/lib/armv7e-m/fpu/libc_nano.a(lib_a-malloc.o)
                0x0000000008007338                malloc
 .text.free     0x0000000008007348       0x10 /opt/Atollic_TrueSTUDIO_for_ARM_x86_64_8.0.0/ARMTools/bin/../lib/gcc/arm-atollic-eabi/6.3.1/../../../../arm-atollic-eabi/lib/armv7e-m/fpu/libc_nano.a(lib_a-malloc.o)
                0x0000000008007348                free
 .text.memcpy   0x0000000008007358       0x16 /opt/Atollic_TrueSTUDIO_for_ARM_x86_64_8.0.0/ARMTools/bin/../lib/gcc/arm-atollic-eabi/6.3.1/../../../../arm-atollic-eabi/lib/armv7e-m/fpu/libc_nano.a(lib_a-memcpy-stub.o)
                0x0000000008007358                memcpy
 *fill*         0x000000000800736e        0x2 
 .text._free_r  0x0000000008007370       0x9c /opt/Atollic_TrueSTUDIO_for_ARM_x86_64_8.0.0/ARMTools/bin/../lib/gcc/arm-atollic-eabi/6.3.1/../../../../arm-atollic-eabi/lib/armv7e-m/fpu/libc_nano.a(lib_a-nano-freer.o)
                0x0000000008007370                _free_r
 .text._malloc_r
                0x000000000800740c       0xbc /opt/Atollic_TrueSTUDIO_for_ARM_x86_64_8.0.0/ARMTools/bin/../lib/gcc/arm-atollic-eabi/6.3.1/../../../../arm-atollic-eabi/lib/armv7e-m/fpu/libc_nano.a(lib_a-nano-mallocr.o)
                0x000000000800740c                _malloc_r
 .text._sbrk_r  0x00000000080074c8       0x20 /opt/Atollic_TrueSTUDIO_for_ARM_x86_64_8.0.0/ARMTools/bin/../lib/gcc/arm-atollic-eabi/6.3.1/../../../../arm-atollic-eabi/lib/armv7e-m/fpu/libc_nano.a(lib_a-sbrkr.o)
                0x00000000080074c8                _sbrk_r
 .text.__malloc_lock
                0x00000000080074e8        0x2 /opt/Atollic_TrueSTUDIO_for_ARM_x86_64_8.0.0/ARMTools/bin/../lib/gcc/arm-atollic-eabi/6.3.1/../../../../arm-atollic-eabi/lib/armv7e-m/fpu/libc_nano.a(lib_a-mlock.o)
                0x00000000080074e8                __malloc_lock
 .text.__malloc_unlock
                0x00000000080074ea        0x2 /opt/Atollic_TrueSTUDIO_for_ARM_x86_64_8.0.0/ARMTools/bin/../lib/gcc/arm-atollic-eabi/6.3.1/../../../../arm-atollic-eabi/lib/armv7e-m/fpu/libc_nano.a(lib_a-mlock.o)
                0x00000000080074ea                __malloc_unlock
 .text._sbrk    0x00000000080074ec       0x1c /opt/Atollic_TrueSTUDIO_for_ARM_x86_64_8.0.0/ARMTools/bin/../lib/gcc/arm-atollic-eabi/6.3.1/../../../../arm-atollic-eabi/lib/armv7e-m/fpu/libnosys.a(sbrk.o)
                0x00000000080074ec                _sbrk
 *(.glue_7)
 .glue_7        0x0000000008007508        0x0 linker stubs
 *(.glue_7t)
 .glue_7t       0x0000000008007508        0x0 linker stubs
 *(.eh_frame)
 .eh_frame      0x0000000008007508        0x0 /opt/Atollic_TrueSTUDIO_for_ARM_x86_64_8.0.0/ARMTools/bin/../lib/gcc/arm-atollic-eabi/6.3.1/armv7e-m/fpu/crtbegin.o
 *(.init)
 .init          0x0000000008007508        0x4 /opt/Atollic_TrueSTUDIO_for_ARM_x86_64_8.0.0/ARMTools/bin/../lib/gcc/arm-atollic-eabi/6.3.1/armv7e-m/fpu/crti.o
                0x0000000008007508                _init
 .init          0x000000000800750c        0x8 /opt/Atollic_TrueSTUDIO_for_ARM_x86_64_8.0.0/ARMTools/bin/../lib/gcc/arm-atollic-eabi/6.3.1/armv7e-m/fpu/crtn.o
 *(.fini)
 .fini          0x0000000008007514        0x4 /opt/Atollic_TrueSTUDIO_for_ARM_x86_64_8.0.0/ARMTools/bin/../lib/gcc/arm-atollic-eabi/6.3.1/armv7e-m/fpu/crti.o
                0x0000000008007514                _fini
 .fini          0x0000000008007518        0x8 /opt/Atollic_TrueSTUDIO_for_ARM_x86_64_8.0.0/ARMTools/bin/../lib/gcc/arm-atollic-eabi/6.3.1/armv7e-m/fpu/crtn.o
                0x0000000008007520                . = ALIGN (0x4)
                0x0000000008007520                _etext = .

.vfp11_veneer   0x0000000008007520        0x0
 .vfp11_veneer  0x0000000008007520        0x0 linker stubs

.v4_bx          0x0000000008007520        0x0
 .v4_bx         0x0000000008007520        0x0 linker stubs

.iplt           0x0000000008007520        0x0
 .iplt          0x0000000008007520        0x0 /opt/Atollic_TrueSTUDIO_for_ARM_x86_64_8.0.0/ARMTools/bin/../lib/gcc/arm-atollic-eabi/6.3.1/armv7e-m/fpu/crtbegin.o

.rodata         0x0000000008007520      0x63c
                0x0000000008007520                . = ALIGN (0x4)
 *(.rodata)
 .rodata        0x0000000008007520       0x9a Libraries/tm_stm32f4_fatfs/fatfs/ff.o
 *fill*         0x00000000080075ba        0x2 
 .rodata        0x00000000080075bc        0xf src/main.o
 *fill*         0x00000000080075cb        0x1 
 .rodata        0x00000000080075cc        0x1 src/wav.o
 *(.rodata*)
 *fill*         0x00000000080075cd        0x3 
 .rodata.ExCvt  0x00000000080075d0       0x80 Libraries/tm_stm32f4_fatfs/fatfs/ff.o
 .rodata.LfnOfs
                0x0000000008007650        0xd Libraries/tm_stm32f4_fatfs/fatfs/ff.o
 *fill*         0x000000000800765d        0x3 
 .rodata.str.5913
                0x0000000008007660       0x24 Libraries/tm_stm32f4_fatfs/fatfs/ff.o
 .rodata.Tbl    0x0000000008007684      0x100 Libraries/tm_stm32f4_fatfs/fatfs/option/ccsbcs.o
 .rodata.tbl_lower.5451
                0x0000000008007784      0x1e0 Libraries/tm_stm32f4_fatfs/fatfs/option/ccsbcs.o
 .rodata.tbl_upper.5452
                0x0000000008007964      0x1e0 Libraries/tm_stm32f4_fatfs/fatfs/option/ccsbcs.o
 .rodata.GPIO_PIN
                0x0000000008007b44        0x8 Utilities/STM32F4-Discovery/stm32f4_discovery.o
                0x0000000008007b44                GPIO_PIN
 .rodata.GPIO_CLK
                0x0000000008007b4c       0x10 Utilities/STM32F4-Discovery/stm32f4_discovery.o
                0x0000000008007b4c                GPIO_CLK
                0x0000000008007b5c                . = ALIGN (0x4)

.rel.dyn        0x0000000008007b5c        0x0
 .rel.iplt      0x0000000008007b5c        0x0 /opt/Atollic_TrueSTUDIO_for_ARM_x86_64_8.0.0/ARMTools/bin/../lib/gcc/arm-atollic-eabi/6.3.1/armv7e-m/fpu/crtbegin.o

.ARM.extab
 *(.ARM.extab* .gnu.linkonce.armextab.*)

.ARM            0x0000000008007b5c        0x0
                0x0000000008007b5c                __exidx_start = .
 *(.ARM.exidx*)
                0x0000000008007b5c                __exidx_end = .

.preinit_array  0x0000000008007b5c        0x0
                0x0000000008007b5c                PROVIDE (__preinit_array_start, .)
 *(.preinit_array*)
                0x0000000008007b5c                PROVIDE (__preinit_array_end, .)

.init_array     0x0000000008007b5c        0x4
                0x0000000008007b5c                PROVIDE (__init_array_start, .)
 *(SORT(.init_array.*))
 *(.init_array*)
 .init_array    0x0000000008007b5c        0x4 /opt/Atollic_TrueSTUDIO_for_ARM_x86_64_8.0.0/ARMTools/bin/../lib/gcc/arm-atollic-eabi/6.3.1/armv7e-m/fpu/crtbegin.o
                0x0000000008007b60                PROVIDE (__init_array_end, .)

.fini_array     0x0000000008007b60        0x4
                [!provide]                        PROVIDE (__fini_array_start, .)
 *(SORT(.fini_array.*))
 *(.fini_array*)
 .fini_array    0x0000000008007b60        0x4 /opt/Atollic_TrueSTUDIO_for_ARM_x86_64_8.0.0/ARMTools/bin/../lib/gcc/arm-atollic-eabi/6.3.1/armv7e-m/fpu/crtbegin.o
                [!provide]                        PROVIDE (__fini_array_end, .)
                0x0000000008007b64                _sidata = LOADADDR (.data)

.data           0x0000000020000000      0x150 load address 0x0000000008007b64
                0x0000000020000000                . = ALIGN (0x4)
                0x0000000020000000                _sdata = .
 *(.data)
 *(.data*)
 .data.APBAHBPrescTable
                0x0000000020000000       0x10 Libraries/STM32F4xx_StdPeriph_Driver/src/stm32f4xx_rcc.o
 .data.FATFS_LowLevelDrivers
                0x0000000020000010       0xb4 Libraries/tm_stm32f4_fatfs/fatfs/diskio.o
                0x0000000020000010                FATFS_LowLevelDrivers
 .data.TM_FATFS_SD_SDIO_Stat
                0x00000000200000c4        0x1 Libraries/tm_stm32f4_fatfs/fatfs/drivers/fatfs_sd_sdio.o
 *fill*         0x00000000200000c5        0x3 
 .data.GPIO_PORT
                0x00000000200000c8       0x10 Utilities/STM32F4-Discovery/stm32f4_discovery.o
                0x00000000200000c8                GPIO_PORT
 .data.AudioRemSize
                0x00000000200000d8        0x4 Utilities/STM32F4-Discovery/stm32f4_discovery_audio_codec.o
                0x00000000200000d8                AudioRemSize
 .data.CurrAudioInterface
                0x00000000200000dc        0x4 Utilities/STM32F4-Discovery/stm32f4_discovery_audio_codec.o
                0x00000000200000dc                CurrAudioInterface
 .data.AUDIO_MAL_DMA_STREAM
                0x00000000200000e0        0x4 Utilities/STM32F4-Discovery/stm32f4_discovery_audio_codec.o
                0x00000000200000e0                AUDIO_MAL_DMA_STREAM
 .data.AUDIO_MAL_DMA_FLAG_TC
                0x00000000200000e4        0x4 Utilities/STM32F4-Discovery/stm32f4_discovery_audio_codec.o
                0x00000000200000e4                AUDIO_MAL_DMA_FLAG_TC
 .data.num_tries
                0x00000000200000e8        0x2 src/wav.o
                0x00000000200000e8                num_tries
 *fill*         0x00000000200000ea        0x2 
 .data._impure_ptr
                0x00000000200000ec        0x4 /opt/Atollic_TrueSTUDIO_for_ARM_x86_64_8.0.0/ARMTools/bin/../lib/gcc/arm-atollic-eabi/6.3.1/../../../../arm-atollic-eabi/lib/armv7e-m/fpu/libc_nano.a(lib_a-impure.o)
                0x00000000200000ec                _impure_ptr
 .data.impure_data
                0x00000000200000f0       0x60 /opt/Atollic_TrueSTUDIO_for_ARM_x86_64_8.0.0/ARMTools/bin/../lib/gcc/arm-atollic-eabi/6.3.1/../../../../arm-atollic-eabi/lib/armv7e-m/fpu/libc_nano.a(lib_a-impure.o)
                0x0000000020000150                . = ALIGN (0x4)
                0x0000000020000150                _edata = .
                0x0000000008007cb4                _siccmram = LOADADDR (.ccmram)

.igot.plt       0x0000000020000150        0x0 load address 0x0000000008007cb4
 .igot.plt      0x0000000020000150        0x0 /opt/Atollic_TrueSTUDIO_for_ARM_x86_64_8.0.0/ARMTools/bin/../lib/gcc/arm-atollic-eabi/6.3.1/armv7e-m/fpu/crtbegin.o

.ccmram         0x0000000010000000        0x0 load address 0x0000000008007cb4
                0x0000000010000000                . = ALIGN (0x4)
                0x0000000010000000                _sccmram = .
 *(.ccmram)
 *(.ccmram*)
                0x0000000010000000                . = ALIGN (0x4)
                0x0000000010000000                _eccmram = .
                0x0000000010000000                . = ALIGN (0x4)

.bss            0x0000000020000150      0x648
                0x0000000020000150                _sbss = .
                0x0000000020000150                __bss_start__ = _sbss
 *(.bss)
 .bss           0x0000000020000150       0x1c /opt/Atollic_TrueSTUDIO_for_ARM_x86_64_8.0.0/ARMTools/bin/../lib/gcc/arm-atollic-eabi/6.3.1/armv7e-m/fpu/crtbegin.o
 *(.bss*)
 .bss.TM_Time   0x000000002000016c        0x4 Libraries/tm_stm32f4_delay/tm_stm32f4_delay.o
                0x000000002000016c                TM_Time
 .bss.TM_Time2  0x0000000020000170        0x4 Libraries/tm_stm32f4_delay/tm_stm32f4_delay.o
                0x0000000020000170                TM_Time2
 .bss.CustomTimers
                0x0000000020000174       0x18 Libraries/tm_stm32f4_delay/tm_stm32f4_delay.o
 .bss.CardType  0x000000002000018c        0x4 Libraries/tm_stm32f4_fatfs/fatfs/drivers/fatfs_sd_sdio.o
 .bss.CSD_Tab   0x0000000020000190       0x10 Libraries/tm_stm32f4_fatfs/fatfs/drivers/fatfs_sd_sdio.o
 .bss.CID_Tab   0x00000000200001a0       0x10 Libraries/tm_stm32f4_fatfs/fatfs/drivers/fatfs_sd_sdio.o
 .bss.RCA       0x00000000200001b0        0x4 Libraries/tm_stm32f4_fatfs/fatfs/drivers/fatfs_sd_sdio.o
 .bss.StopCondition
                0x00000000200001b4        0x4 Libraries/tm_stm32f4_fatfs/fatfs/drivers/fatfs_sd_sdio.o
                0x00000000200001b4                StopCondition
 .bss.TransferError
                0x00000000200001b8        0x1 Libraries/tm_stm32f4_fatfs/fatfs/drivers/fatfs_sd_sdio.o
                0x00000000200001b8                TransferError
 *fill*         0x00000000200001b9        0x3 
 .bss.TransferEnd
                0x00000000200001bc        0x4 Libraries/tm_stm32f4_fatfs/fatfs/drivers/fatfs_sd_sdio.o
                0x00000000200001bc                TransferEnd
 .bss.DMAEndOfTransfer
                0x00000000200001c0        0x4 Libraries/tm_stm32f4_fatfs/fatfs/drivers/fatfs_sd_sdio.o
                0x00000000200001c0                DMAEndOfTransfer
 .bss.FatFs     0x00000000200001c4       0x24 Libraries/tm_stm32f4_fatfs/fatfs/ff.o
 .bss.Fsid      0x00000000200001e8        0x2 Libraries/tm_stm32f4_fatfs/fatfs/ff.o
 .bss.CurrVol   0x00000000200001ea        0x1 Libraries/tm_stm32f4_fatfs/fatfs/ff.o
 *fill*         0x00000000200001eb        0x1 
 .bss.GPIO_UsedPins
                0x00000000200001ec       0x16 Libraries/tm_stm32f4_gpio/tm_stm32f4_gpio.o
 *fill*         0x0000000020000202        0x2 
 .bss.FatFs     0x0000000020000204      0x234 src/main.o
 .bss.fp        0x0000000020000438      0x224 src/main.o
 .bss.mount_state
                0x000000002000065c        0x1 src/wav.o
 *fill*         0x000000002000065d        0x3 
 .bss.__malloc_free_list
                0x0000000020000660        0x4 /opt/Atollic_TrueSTUDIO_for_ARM_x86_64_8.0.0/ARMTools/bin/../lib/gcc/arm-atollic-eabi/6.3.1/../../../../arm-atollic-eabi/lib/armv7e-m/fpu/libc_nano.a(lib_a-nano-mallocr.o)
                0x0000000020000660                __malloc_free_list
 .bss.__malloc_sbrk_start
                0x0000000020000664        0x4 /opt/Atollic_TrueSTUDIO_for_ARM_x86_64_8.0.0/ARMTools/bin/../lib/gcc/arm-atollic-eabi/6.3.1/../../../../arm-atollic-eabi/lib/armv7e-m/fpu/libc_nano.a(lib_a-nano-mallocr.o)
                0x0000000020000664                __malloc_sbrk_start
 .bss.heap_end.5239
                0x0000000020000668        0x4 /opt/Atollic_TrueSTUDIO_for_ARM_x86_64_8.0.0/ARMTools/bin/../lib/gcc/arm-atollic-eabi/6.3.1/../../../../arm-atollic-eabi/lib/armv7e-m/fpu/libnosys.a(sbrk.o)
 *(COMMON)
 *fill*         0x000000002000066c        0x4 
 COMMON         0x0000000020000670       0xa0 Libraries/tm_stm32f4_fatfs/fatfs/drivers/fatfs_sd_sdio.o
                0x0000000020000670                SDIO_CmdInitStructure
                0x0000000020000688                SDCardInfo
                0x00000000200006e0                SDIO_InitStructure
                0x00000000200006f8                SDIO_DataInitStructure
 COMMON         0x0000000020000710       0x7c Utilities/STM32F4-Discovery/stm32f4_discovery_audio_codec.o
                0x0000000020000710                CurrentPos
                0x0000000020000714                AUDIO_MAL_DMA_InitStructure
                0x0000000020000750                DMA_InitStructure
 COMMON         0x000000002000078c        0x8 src/main.o
                0x000000002000078c                GPIO_InitStructure
 COMMON         0x0000000020000794        0x4 /opt/Atollic_TrueSTUDIO_for_ARM_x86_64_8.0.0/ARMTools/bin/../lib/gcc/arm-atollic-eabi/6.3.1/../../../../arm-atollic-eabi/lib/armv7e-m/fpu/libc_nano.a(lib_a-reent.o)
                0x0000000020000794                errno
                0x0000000020000798                . = ALIGN (0x4)
                0x0000000020000798                _ebss = .
                0x0000000020000798                __bss_end__ = _ebss

._user_heap_stack
                0x0000000020000798      0x400
                0x0000000020000798                . = ALIGN (0x4)
                0x0000000020000798                PROVIDE (end, .)
                [!provide]                        PROVIDE (_end, .)
                0x0000000020000798                . = (. + _Min_Heap_Size)
                0x0000000020000b98                . = (. + _Min_Stack_Size)
 *fill*         0x0000000020000798      0x400 
                0x0000000020000b98                . = ALIGN (0x4)

.memory_b1_text
 *(.mb1text)
 *(.mb1text*)
 *(.mb1rodata)
 *(.mb1rodata*)

/DISCARD/
 libc.a(*)
 libm.a(*)
 libgcc.a(*)

.ARM.attributes
                0x0000000000000000       0x30
 *(.ARM.attributes)
 .ARM.attributes
                0x0000000000000000       0x22 /opt/Atollic_TrueSTUDIO_for_ARM_x86_64_8.0.0/ARMTools/bin/../lib/gcc/arm-atollic-eabi/6.3.1/armv7e-m/fpu/crti.o
 .ARM.attributes
                0x0000000000000022       0x34 /opt/Atollic_TrueSTUDIO_for_ARM_x86_64_8.0.0/ARMTools/bin/../lib/gcc/arm-atollic-eabi/6.3.1/armv7e-m/fpu/crtbegin.o
 .ARM.attributes
                0x0000000000000056       0x39 Libraries/STM32F4xx_StdPeriph_Driver/src/misc.o
 .ARM.attributes
                0x000000000000008f       0x39 Libraries/STM32F4xx_StdPeriph_Driver/src/stm32f4xx_dac.o
 .ARM.attributes
                0x00000000000000c8       0x39 Libraries/STM32F4xx_StdPeriph_Driver/src/stm32f4xx_dma.o
 .ARM.attributes
                0x0000000000000101       0x39 Libraries/STM32F4xx_StdPeriph_Driver/src/stm32f4xx_gpio.o
 .ARM.attributes
                0x000000000000013a       0x39 Libraries/STM32F4xx_StdPeriph_Driver/src/stm32f4xx_i2c.o
 .ARM.attributes
                0x0000000000000173       0x39 Libraries/STM32F4xx_StdPeriph_Driver/src/stm32f4xx_rcc.o
 .ARM.attributes
                0x00000000000001ac       0x39 Libraries/STM32F4xx_StdPeriph_Driver/src/stm32f4xx_sdio.o
 .ARM.attributes
                0x00000000000001e5       0x39 Libraries/STM32F4xx_StdPeriph_Driver/src/stm32f4xx_spi.o
 .ARM.attributes
                0x000000000000021e       0x39 Libraries/tm_stm32f4_delay/tm_stm32f4_delay.o
 .ARM.attributes
                0x0000000000000257       0x39 Libraries/tm_stm32f4_fatfs/fatfs/diskio.o
 .ARM.attributes
                0x0000000000000290       0x39 Libraries/tm_stm32f4_fatfs/fatfs/drivers/fatfs_sd_sdio.o
 .ARM.attributes
                0x00000000000002c9       0x39 Libraries/tm_stm32f4_fatfs/fatfs/ff.o
 .ARM.attributes
                0x0000000000000302       0x39 Libraries/tm_stm32f4_fatfs/fatfs/option/ccsbcs.o
 .ARM.attributes
                0x000000000000033b       0x39 Libraries/tm_stm32f4_fatfs/fatfs/option/syscall.o
 .ARM.attributes
                0x0000000000000374       0x39 Libraries/tm_stm32f4_fatfs/tm_stm32f4_fatfs.o
 .ARM.attributes
                0x00000000000003ad       0x39 Libraries/tm_stm32f4_gpio/tm_stm32f4_gpio.o
 .ARM.attributes
                0x00000000000003e6       0x39 Utilities/STM32F4-Discovery/stm32f4_discovery.o
 .ARM.attributes
                0x000000000000041f       0x39 Utilities/STM32F4-Discovery/stm32f4_discovery_audio_codec.o
 .ARM.attributes
                0x0000000000000458       0x39 src/codec.o
 .ARM.attributes
                0x0000000000000491       0x39 src/main.o
 .ARM.attributes
                0x00000000000004ca       0x39 src/sound.o
 .ARM.attributes
                0x0000000000000503       0x21 src/startup_stm32f40xx.o
 .ARM.attributes
                0x0000000000000524       0x39 src/stm32f4xx_it.o
 .ARM.attributes
                0x000000000000055d       0x39 src/system_stm32f4xx.o
 .ARM.attributes
                0x0000000000000596       0x39 src/wav.o
 .ARM.attributes
                0x00000000000005cf       0x34 /opt/Atollic_TrueSTUDIO_for_ARM_x86_64_8.0.0/ARMTools/bin/../lib/gcc/arm-atollic-eabi/6.3.1/../../../../arm-atollic-eabi/lib/armv7e-m/fpu/libc_nano.a(lib_a-init.o)
 .ARM.attributes
                0x0000000000000603       0x34 /opt/Atollic_TrueSTUDIO_for_ARM_x86_64_8.0.0/ARMTools/bin/../lib/gcc/arm-atollic-eabi/6.3.1/../../../../arm-atollic-eabi/lib/armv7e-m/fpu/libc_nano.a(lib_a-malloc.o)
 .ARM.attributes
                0x0000000000000637       0x34 /opt/Atollic_TrueSTUDIO_for_ARM_x86_64_8.0.0/ARMTools/bin/../lib/gcc/arm-atollic-eabi/6.3.1/../../../../arm-atollic-eabi/lib/armv7e-m/fpu/libc_nano.a(lib_a-memcpy-stub.o)
 .ARM.attributes
                0x000000000000066b       0x34 /opt/Atollic_TrueSTUDIO_for_ARM_x86_64_8.0.0/ARMTools/bin/../lib/gcc/arm-atollic-eabi/6.3.1/../../../../arm-atollic-eabi/lib/armv7e-m/fpu/libc_nano.a(lib_a-nano-freer.o)
 .ARM.attributes
                0x000000000000069f       0x34 /opt/Atollic_TrueSTUDIO_for_ARM_x86_64_8.0.0/ARMTools/bin/../lib/gcc/arm-atollic-eabi/6.3.1/../../../../arm-atollic-eabi/lib/armv7e-m/fpu/libc_nano.a(lib_a-nano-mallocr.o)
 .ARM.attributes
                0x00000000000006d3       0x34 /opt/Atollic_TrueSTUDIO_for_ARM_x86_64_8.0.0/ARMTools/bin/../lib/gcc/arm-atollic-eabi/6.3.1/../../../../arm-atollic-eabi/lib/armv7e-m/fpu/libc_nano.a(lib_a-sbrkr.o)
 .ARM.attributes
                0x0000000000000707       0x34 /opt/Atollic_TrueSTUDIO_for_ARM_x86_64_8.0.0/ARMTools/bin/../lib/gcc/arm-atollic-eabi/6.3.1/../../../../arm-atollic-eabi/lib/armv7e-m/fpu/libc_nano.a(lib_a-impure.o)
 .ARM.attributes
                0x000000000000073b       0x34 /opt/Atollic_TrueSTUDIO_for_ARM_x86_64_8.0.0/ARMTools/bin/../lib/gcc/arm-atollic-eabi/6.3.1/../../../../arm-atollic-eabi/lib/armv7e-m/fpu/libc_nano.a(lib_a-mlock.o)
 .ARM.attributes
                0x000000000000076f       0x34 /opt/Atollic_TrueSTUDIO_for_ARM_x86_64_8.0.0/ARMTools/bin/../lib/gcc/arm-atollic-eabi/6.3.1/../../../../arm-atollic-eabi/lib/armv7e-m/fpu/libc_nano.a(lib_a-reent.o)
 .ARM.attributes
                0x00000000000007a3       0x34 /opt/Atollic_TrueSTUDIO_for_ARM_x86_64_8.0.0/ARMTools/bin/../lib/gcc/arm-atollic-eabi/6.3.1/../../../../arm-atollic-eabi/lib/armv7e-m/fpu/libnosys.a(sbrk.o)
 .ARM.attributes
                0x00000000000007d7       0x22 /opt/Atollic_TrueSTUDIO_for_ARM_x86_64_8.0.0/ARMTools/bin/../lib/gcc/arm-atollic-eabi/6.3.1/armv7e-m/fpu/crtn.o
OUTPUT(sdcard.elf elf32-littlearm)

.debug_info     0x0000000000000000    0x12934
 .debug_info    0x0000000000000000      0x54d Libraries/STM32F4xx_StdPeriph_Driver/src/misc.o
 .debug_info    0x000000000000054d      0x654 Libraries/STM32F4xx_StdPeriph_Driver/src/stm32f4xx_dac.o
 .debug_info    0x0000000000000ba1      0x74c Libraries/STM32F4xx_StdPeriph_Driver/src/stm32f4xx_dma.o
 .debug_info    0x00000000000012ed      0x628 Libraries/STM32F4xx_StdPeriph_Driver/src/stm32f4xx_gpio.o
 .debug_info    0x0000000000001915      0xb9e Libraries/STM32F4xx_StdPeriph_Driver/src/stm32f4xx_i2c.o
 .debug_info    0x00000000000024b3      0xc98 Libraries/STM32F4xx_StdPeriph_Driver/src/stm32f4xx_rcc.o
 .debug_info    0x000000000000314b      0x80c Libraries/STM32F4xx_StdPeriph_Driver/src/stm32f4xx_sdio.o
 .debug_info    0x0000000000003957      0xb1a Libraries/STM32F4xx_StdPeriph_Driver/src/stm32f4xx_spi.o
 .debug_info    0x0000000000004471     0x123d Libraries/tm_stm32f4_delay/tm_stm32f4_delay.o
 .debug_info    0x00000000000056ae     0x10d4 Libraries/tm_stm32f4_fatfs/fatfs/diskio.o
 .debug_info    0x0000000000006782     0x25ab Libraries/tm_stm32f4_fatfs/fatfs/drivers/fatfs_sd_sdio.o
 .debug_info    0x0000000000008d2d     0x25a6 Libraries/tm_stm32f4_fatfs/fatfs/ff.o
 .debug_info    0x000000000000b2d3      0x159 Libraries/tm_stm32f4_fatfs/fatfs/option/ccsbcs.o
 .debug_info    0x000000000000b42c      0x8ea Libraries/tm_stm32f4_fatfs/fatfs/option/syscall.o
 .debug_info    0x000000000000bd16     0x10b8 Libraries/tm_stm32f4_fatfs/tm_stm32f4_fatfs.o
 .debug_info    0x000000000000cdce      0x848 Libraries/tm_stm32f4_gpio/tm_stm32f4_gpio.o
 .debug_info    0x000000000000d616      0x8ae Utilities/STM32F4-Discovery/stm32f4_discovery.o
 .debug_info    0x000000000000dec4     0x10a5 Utilities/STM32F4-Discovery/stm32f4_discovery_audio_codec.o
 .debug_info    0x000000000000ef69      0x68d src/codec.o
 .debug_info    0x000000000000f5f6      0xd58 src/main.o
 .debug_info    0x000000000001034e      0xdc5 src/sound.o
 .debug_info    0x0000000000011113       0x76 src/startup_stm32f40xx.o
 .debug_info    0x0000000000011189      0x143 src/stm32f4xx_it.o
 .debug_info    0x00000000000112cc      0x5dd src/system_stm32f4xx.o
 .debug_info    0x00000000000118a9     0x108b src/wav.o

.debug_abbrev   0x0000000000000000     0x2bfb
 .debug_abbrev  0x0000000000000000      0x172 Libraries/STM32F4xx_StdPeriph_Driver/src/misc.o
 .debug_abbrev  0x0000000000000172      0x191 Libraries/STM32F4xx_StdPeriph_Driver/src/stm32f4xx_dac.o
 .debug_abbrev  0x0000000000000303      0x168 Libraries/STM32F4xx_StdPeriph_Driver/src/stm32f4xx_dma.o
 .debug_abbrev  0x000000000000046b      0x1b8 Libraries/STM32F4xx_StdPeriph_Driver/src/stm32f4xx_gpio.o
 .debug_abbrev  0x0000000000000623      0x191 Libraries/STM32F4xx_StdPeriph_Driver/src/stm32f4xx_i2c.o
 .debug_abbrev  0x00000000000007b4      0x1f8 Libraries/STM32F4xx_StdPeriph_Driver/src/stm32f4xx_rcc.o
 .debug_abbrev  0x00000000000009ac      0x18c Libraries/STM32F4xx_StdPeriph_Driver/src/stm32f4xx_sdio.o
 .debug_abbrev  0x0000000000000b38      0x17a Libraries/STM32F4xx_StdPeriph_Driver/src/stm32f4xx_spi.o
 .debug_abbrev  0x0000000000000cb2      0x34f Libraries/tm_stm32f4_delay/tm_stm32f4_delay.o
 .debug_abbrev  0x0000000000001001      0x254 Libraries/tm_stm32f4_fatfs/fatfs/diskio.o
 .debug_abbrev  0x0000000000001255      0x308 Libraries/tm_stm32f4_fatfs/fatfs/drivers/fatfs_sd_sdio.o
 .debug_abbrev  0x000000000000155d      0x212 Libraries/tm_stm32f4_fatfs/fatfs/ff.o
 .debug_abbrev  0x000000000000176f       0xb3 Libraries/tm_stm32f4_fatfs/fatfs/option/ccsbcs.o
 .debug_abbrev  0x0000000000001822      0x19c Libraries/tm_stm32f4_fatfs/fatfs/option/syscall.o
 .debug_abbrev  0x00000000000019be      0x236 Libraries/tm_stm32f4_fatfs/tm_stm32f4_fatfs.o
 .debug_abbrev  0x0000000000001bf4      0x17c Libraries/tm_stm32f4_gpio/tm_stm32f4_gpio.o
 .debug_abbrev  0x0000000000001d70      0x1bd Utilities/STM32F4-Discovery/stm32f4_discovery.o
 .debug_abbrev  0x0000000000001f2d      0x276 Utilities/STM32F4-Discovery/stm32f4_discovery_audio_codec.o
 .debug_abbrev  0x00000000000021a3      0x178 src/codec.o
 .debug_abbrev  0x000000000000231b      0x239 src/main.o
 .debug_abbrev  0x0000000000002554      0x27d src/sound.o
 .debug_abbrev  0x00000000000027d1       0x12 src/startup_stm32f40xx.o
 .debug_abbrev  0x00000000000027e3       0x78 src/stm32f4xx_it.o
 .debug_abbrev  0x000000000000285b      0x158 src/system_stm32f4xx.o
 .debug_abbrev  0x00000000000029b3      0x248 src/wav.o

.debug_aranges  0x0000000000000000     0x1098
 .debug_aranges
                0x0000000000000000       0x40 Libraries/STM32F4xx_StdPeriph_Driver/src/misc.o
 .debug_aranges
                0x0000000000000040       0xa0 Libraries/STM32F4xx_StdPeriph_Driver/src/stm32f4xx_dac.o
 .debug_aranges
                0x00000000000000e0       0xb0 Libraries/STM32F4xx_StdPeriph_Driver/src/stm32f4xx_dma.o
 .debug_aranges
                0x0000000000000190       0x88 Libraries/STM32F4xx_StdPeriph_Driver/src/stm32f4xx_gpio.o
 .debug_aranges
                0x0000000000000218      0x130 Libraries/STM32F4xx_StdPeriph_Driver/src/stm32f4xx_i2c.o
 .debug_aranges
                0x0000000000000348      0x180 Libraries/STM32F4xx_StdPeriph_Driver/src/stm32f4xx_rcc.o
 .debug_aranges
                0x00000000000004c8      0x108 Libraries/STM32F4xx_StdPeriph_Driver/src/stm32f4xx_sdio.o
 .debug_aranges
                0x00000000000005d0       0xe0 Libraries/STM32F4xx_StdPeriph_Driver/src/stm32f4xx_spi.o
 .debug_aranges
                0x00000000000006b0       0x80 Libraries/tm_stm32f4_delay/tm_stm32f4_delay.o
 .debug_aranges
                0x0000000000000730      0x118 Libraries/tm_stm32f4_fatfs/fatfs/diskio.o
 .debug_aranges
                0x0000000000000848      0x1a8 Libraries/tm_stm32f4_fatfs/fatfs/drivers/fatfs_sd_sdio.o
 .debug_aranges
                0x00000000000009f0      0x228 Libraries/tm_stm32f4_fatfs/fatfs/ff.o
 .debug_aranges
                0x0000000000000c18       0x28 Libraries/tm_stm32f4_fatfs/fatfs/option/ccsbcs.o
 .debug_aranges
                0x0000000000000c40       0x28 Libraries/tm_stm32f4_fatfs/fatfs/option/syscall.o
 .debug_aranges
                0x0000000000000c68       0x58 Libraries/tm_stm32f4_fatfs/tm_stm32f4_fatfs.o
 .debug_aranges
                0x0000000000000cc0       0x98 Libraries/tm_stm32f4_gpio/tm_stm32f4_gpio.o
 .debug_aranges
                0x0000000000000d58       0x48 Utilities/STM32F4-Discovery/stm32f4_discovery.o
 .debug_aranges
                0x0000000000000da0      0x130 Utilities/STM32F4-Discovery/stm32f4_discovery_audio_codec.o
 .debug_aranges
                0x0000000000000ed0       0x38 src/codec.o
 .debug_aranges
                0x0000000000000f08       0x30 src/main.o
 .debug_aranges
                0x0000000000000f38       0x48 src/sound.o
 .debug_aranges
                0x0000000000000f80       0x28 src/startup_stm32f40xx.o
 .debug_aranges
                0x0000000000000fa8       0x58 src/stm32f4xx_it.o
 .debug_aranges
                0x0000000000001000       0x30 src/system_stm32f4xx.o
 .debug_aranges
                0x0000000000001030       0x68 src/wav.o

.debug_ranges   0x0000000000000000      0xf28
 .debug_ranges  0x0000000000000000       0x30 Libraries/STM32F4xx_StdPeriph_Driver/src/misc.o
 .debug_ranges  0x0000000000000030       0x90 Libraries/STM32F4xx_StdPeriph_Driver/src/stm32f4xx_dac.o
 .debug_ranges  0x00000000000000c0       0xa0 Libraries/STM32F4xx_StdPeriph_Driver/src/stm32f4xx_dma.o
 .debug_ranges  0x0000000000000160       0x78 Libraries/STM32F4xx_StdPeriph_Driver/src/stm32f4xx_gpio.o
 .debug_ranges  0x00000000000001d8      0x120 Libraries/STM32F4xx_StdPeriph_Driver/src/stm32f4xx_i2c.o
 .debug_ranges  0x00000000000002f8      0x170 Libraries/STM32F4xx_StdPeriph_Driver/src/stm32f4xx_rcc.o
 .debug_ranges  0x0000000000000468       0xf8 Libraries/STM32F4xx_StdPeriph_Driver/src/stm32f4xx_sdio.o
 .debug_ranges  0x0000000000000560       0xd0 Libraries/STM32F4xx_StdPeriph_Driver/src/stm32f4xx_spi.o
 .debug_ranges  0x0000000000000630       0x70 Libraries/tm_stm32f4_delay/tm_stm32f4_delay.o
 .debug_ranges  0x00000000000006a0      0x108 Libraries/tm_stm32f4_fatfs/fatfs/diskio.o
 .debug_ranges  0x00000000000007a8      0x198 Libraries/tm_stm32f4_fatfs/fatfs/drivers/fatfs_sd_sdio.o
 .debug_ranges  0x0000000000000940      0x218 Libraries/tm_stm32f4_fatfs/fatfs/ff.o
 .debug_ranges  0x0000000000000b58       0x18 Libraries/tm_stm32f4_fatfs/fatfs/option/ccsbcs.o
 .debug_ranges  0x0000000000000b70       0x18 Libraries/tm_stm32f4_fatfs/fatfs/option/syscall.o
 .debug_ranges  0x0000000000000b88       0x48 Libraries/tm_stm32f4_fatfs/tm_stm32f4_fatfs.o
 .debug_ranges  0x0000000000000bd0       0x88 Libraries/tm_stm32f4_gpio/tm_stm32f4_gpio.o
 .debug_ranges  0x0000000000000c58       0x38 Utilities/STM32F4-Discovery/stm32f4_discovery.o
 .debug_ranges  0x0000000000000c90      0x120 Utilities/STM32F4-Discovery/stm32f4_discovery_audio_codec.o
 .debug_ranges  0x0000000000000db0       0x28 src/codec.o
 .debug_ranges  0x0000000000000dd8       0x20 src/main.o
 .debug_ranges  0x0000000000000df8       0x38 src/sound.o
 .debug_ranges  0x0000000000000e30       0x20 src/startup_stm32f40xx.o
 .debug_ranges  0x0000000000000e50       0x48 src/stm32f4xx_it.o
 .debug_ranges  0x0000000000000e98       0x20 src/system_stm32f4xx.o
 .debug_ranges  0x0000000000000eb8       0x70 src/wav.o

.debug_line     0x0000000000000000     0x74da
 .debug_line    0x0000000000000000      0x239 Libraries/STM32F4xx_StdPeriph_Driver/src/misc.o
 .debug_line    0x0000000000000239      0x34d Libraries/STM32F4xx_StdPeriph_Driver/src/stm32f4xx_dac.o
 .debug_line    0x0000000000000586      0x425 Libraries/STM32F4xx_StdPeriph_Driver/src/stm32f4xx_dma.o
 .debug_line    0x00000000000009ab      0x35b Libraries/STM32F4xx_StdPeriph_Driver/src/stm32f4xx_gpio.o
 .debug_line    0x0000000000000d06      0x511 Libraries/STM32F4xx_StdPeriph_Driver/src/stm32f4xx_i2c.o
 .debug_line    0x0000000000001217      0x5b3 Libraries/STM32F4xx_StdPeriph_Driver/src/stm32f4xx_rcc.o
 .debug_line    0x00000000000017ca      0x434 Libraries/STM32F4xx_StdPeriph_Driver/src/stm32f4xx_sdio.o
 .debug_line    0x0000000000001bfe      0x46b Libraries/STM32F4xx_StdPeriph_Driver/src/stm32f4xx_spi.o
 .debug_line    0x0000000000002069      0x437 Libraries/tm_stm32f4_delay/tm_stm32f4_delay.o
 .debug_line    0x00000000000024a0      0x51b Libraries/tm_stm32f4_fatfs/fatfs/diskio.o
 .debug_line    0x00000000000029bb      0xde3 Libraries/tm_stm32f4_fatfs/fatfs/drivers/fatfs_sd_sdio.o
 .debug_line    0x000000000000379e     0x17dd Libraries/tm_stm32f4_fatfs/fatfs/ff.o
 .debug_line    0x0000000000004f7b       0xfa Libraries/tm_stm32f4_fatfs/fatfs/option/ccsbcs.o
 .debug_line    0x0000000000005075      0x1ec Libraries/tm_stm32f4_fatfs/fatfs/option/syscall.o
 .debug_line    0x0000000000005261      0x433 Libraries/tm_stm32f4_fatfs/tm_stm32f4_fatfs.o
 .debug_line    0x0000000000005694      0x372 Libraries/tm_stm32f4_gpio/tm_stm32f4_gpio.o
 .debug_line    0x0000000000005a06      0x28a Utilities/STM32F4-Discovery/stm32f4_discovery.o
 .debug_line    0x0000000000005c90      0x6f5 Utilities/STM32F4-Discovery/stm32f4_discovery_audio_codec.o
 .debug_line    0x0000000000006385      0x2f7 src/codec.o
 .debug_line    0x000000000000667c      0x317 src/main.o
 .debug_line    0x0000000000006993      0x353 src/sound.o
 .debug_line    0x0000000000006ce6       0x7a src/startup_stm32f40xx.o
 .debug_line    0x0000000000006d60      0x1fc src/stm32f4xx_it.o
 .debug_line    0x0000000000006f5c      0x1ff src/system_stm32f4xx.o
 .debug_line    0x000000000000715b      0x37f src/wav.o

.debug_str      0x0000000000000000     0x50bb
 .debug_str     0x0000000000000000      0x400 Libraries/STM32F4xx_StdPeriph_Driver/src/misc.o
                                        0x452 (size before relaxing)
 .debug_str     0x0000000000000400      0x2a3 Libraries/STM32F4xx_StdPeriph_Driver/src/stm32f4xx_dac.o
                                        0x4d7 (size before relaxing)
 .debug_str     0x00000000000006a3      0x37e Libraries/STM32F4xx_StdPeriph_Driver/src/stm32f4xx_dma.o
                                        0x5c6 (size before relaxing)
 .debug_str     0x0000000000000a21      0x287 Libraries/STM32F4xx_StdPeriph_Driver/src/stm32f4xx_gpio.o
                                        0x527 (size before relaxing)
 .debug_str     0x0000000000000ca8      0x490 Libraries/STM32F4xx_StdPeriph_Driver/src/stm32f4xx_i2c.o
                                        0x736 (size before relaxing)
 .debug_str     0x0000000000001138      0x5e5 Libraries/STM32F4xx_StdPeriph_Driver/src/stm32f4xx_rcc.o
                                        0x8fd (size before relaxing)
 .debug_str     0x000000000000171d      0x474 Libraries/STM32F4xx_StdPeriph_Driver/src/stm32f4xx_sdio.o
                                        0x6c4 (size before relaxing)
 .debug_str     0x0000000000001b91      0x399 Libraries/STM32F4xx_StdPeriph_Driver/src/stm32f4xx_spi.o
                                        0x70e (size before relaxing)
 .debug_str     0x0000000000001f2a      0xae6 Libraries/tm_stm32f4_delay/tm_stm32f4_delay.o
                                        0xe61 (size before relaxing)
 .debug_str     0x0000000000002a10      0x3c8 Libraries/tm_stm32f4_fatfs/fatfs/diskio.o
                                        0xa42 (size before relaxing)
 .debug_str     0x0000000000002dd8      0xcfb Libraries/tm_stm32f4_fatfs/fatfs/drivers/fatfs_sd_sdio.o
                                       0x1e41 (size before relaxing)
 .debug_str     0x0000000000003ad3      0x5c3 Libraries/tm_stm32f4_fatfs/fatfs/ff.o
                                        0x7dd (size before relaxing)
 .debug_str     0x0000000000004096       0x5f Libraries/tm_stm32f4_fatfs/fatfs/option/ccsbcs.o
                                        0x1c8 (size before relaxing)
 .debug_str     0x00000000000040f5       0x59 Libraries/tm_stm32f4_fatfs/fatfs/option/syscall.o
                                        0x61f (size before relaxing)
 .debug_str     0x000000000000414e      0x1b1 Libraries/tm_stm32f4_fatfs/tm_stm32f4_fatfs.o
                                        0xa4a (size before relaxing)
 .debug_str     0x00000000000042ff      0x210 Libraries/tm_stm32f4_gpio/tm_stm32f4_gpio.o
                                        0x627 (size before relaxing)
 .debug_str     0x000000000000450f      0x290 Utilities/STM32F4-Discovery/stm32f4_discovery.o
                                        0xbad (size before relaxing)
 .debug_str     0x000000000000479f      0x472 Utilities/STM32F4-Discovery/stm32f4_discovery_audio_codec.o
                                       0x10f7 (size before relaxing)
 .debug_str     0x0000000000004c11       0xd2 src/codec.o
                                        0x5cd (size before relaxing)
 .debug_str     0x0000000000004ce3       0x5f src/main.o
                                        0x9f5 (size before relaxing)
 .debug_str     0x0000000000004d42      0x10e src/sound.o
                                        0x97d (size before relaxing)
 .debug_str     0x0000000000004e50       0x96 src/stm32f4xx_it.o
                                        0x263 (size before relaxing)
 .debug_str     0x0000000000004ee6       0x8f src/system_stm32f4xx.o
                                        0x406 (size before relaxing)
 .debug_str     0x0000000000004f75      0x146 src/wav.o
                                        0x9ba (size before relaxing)

.comment        0x0000000000000000       0x7c
 .comment       0x0000000000000000       0x7c Libraries/STM32F4xx_StdPeriph_Driver/src/misc.o
                                         0x7d (size before relaxing)
 .comment       0x000000000000007c       0x7d Libraries/STM32F4xx_StdPeriph_Driver/src/stm32f4xx_dac.o
 .comment       0x000000000000007c       0x7d Libraries/STM32F4xx_StdPeriph_Driver/src/stm32f4xx_dma.o
 .comment       0x000000000000007c       0x7d Libraries/STM32F4xx_StdPeriph_Driver/src/stm32f4xx_gpio.o
 .comment       0x000000000000007c       0x7d Libraries/STM32F4xx_StdPeriph_Driver/src/stm32f4xx_i2c.o
 .comment       0x000000000000007c       0x7d Libraries/STM32F4xx_StdPeriph_Driver/src/stm32f4xx_rcc.o
 .comment       0x000000000000007c       0x7d Libraries/STM32F4xx_StdPeriph_Driver/src/stm32f4xx_sdio.o
 .comment       0x000000000000007c       0x7d Libraries/STM32F4xx_StdPeriph_Driver/src/stm32f4xx_spi.o
 .comment       0x000000000000007c       0x7d Libraries/tm_stm32f4_delay/tm_stm32f4_delay.o
 .comment       0x000000000000007c       0x7d Libraries/tm_stm32f4_fatfs/fatfs/diskio.o
 .comment       0x000000000000007c       0x7d Libraries/tm_stm32f4_fatfs/fatfs/drivers/fatfs_sd_sdio.o
 .comment       0x000000000000007c       0x7d Libraries/tm_stm32f4_fatfs/fatfs/ff.o
 .comment       0x000000000000007c       0x7d Libraries/tm_stm32f4_fatfs/fatfs/option/ccsbcs.o
 .comment       0x000000000000007c       0x7d Libraries/tm_stm32f4_fatfs/fatfs/option/syscall.o
 .comment       0x000000000000007c       0x7d Libraries/tm_stm32f4_fatfs/tm_stm32f4_fatfs.o
 .comment       0x000000000000007c       0x7d Libraries/tm_stm32f4_gpio/tm_stm32f4_gpio.o
 .comment       0x000000000000007c       0x7d Utilities/STM32F4-Discovery/stm32f4_discovery.o
 .comment       0x000000000000007c       0x7d Utilities/STM32F4-Discovery/stm32f4_discovery_audio_codec.o
 .comment       0x000000000000007c       0x7d src/codec.o
 .comment       0x000000000000007c       0x7d src/main.o
 .comment       0x000000000000007c       0x7d src/sound.o
 .comment       0x000000000000007c       0x7d src/stm32f4xx_it.o
 .comment       0x000000000000007c       0x7d src/system_stm32f4xx.o
 .comment       0x000000000000007c       0x7d src/wav.o

.debug_frame    0x0000000000000000     0x4644
 .debug_frame   0x0000000000000000       0xd8 Libraries/STM32F4xx_StdPeriph_Driver/src/misc.o
 .debug_frame   0x00000000000000d8      0x2ac Libraries/STM32F4xx_StdPeriph_Driver/src/stm32f4xx_dac.o
 .debug_frame   0x0000000000000384      0x308 Libraries/STM32F4xx_StdPeriph_Driver/src/stm32f4xx_dma.o
 .debug_frame   0x000000000000068c      0x23c Libraries/STM32F4xx_StdPeriph_Driver/src/stm32f4xx_gpio.o
 .debug_frame   0x00000000000008c8      0x580 Libraries/STM32F4xx_StdPeriph_Driver/src/stm32f4xx_i2c.o
 .debug_frame   0x0000000000000e48      0x6fc Libraries/STM32F4xx_StdPeriph_Driver/src/stm32f4xx_rcc.o
 .debug_frame   0x0000000000001544      0x48c Libraries/STM32F4xx_StdPeriph_Driver/src/stm32f4xx_sdio.o
 .debug_frame   0x00000000000019d0      0x3f4 Libraries/STM32F4xx_StdPeriph_Driver/src/stm32f4xx_spi.o
 .debug_frame   0x0000000000001dc4      0x1ec Libraries/tm_stm32f4_delay/tm_stm32f4_delay.o
 .debug_frame   0x0000000000001fb0      0x4a4 Libraries/tm_stm32f4_fatfs/fatfs/diskio.o
 .debug_frame   0x0000000000002454      0x73c Libraries/tm_stm32f4_fatfs/fatfs/drivers/fatfs_sd_sdio.o
 .debug_frame   0x0000000000002b90      0x9e8 Libraries/tm_stm32f4_fatfs/fatfs/ff.o
 .debug_frame   0x0000000000003578       0x60 Libraries/tm_stm32f4_fatfs/fatfs/option/ccsbcs.o
 .debug_frame   0x00000000000035d8       0x58 Libraries/tm_stm32f4_fatfs/fatfs/option/syscall.o
 .debug_frame   0x0000000000003630      0x140 Libraries/tm_stm32f4_fatfs/tm_stm32f4_fatfs.o
 .debug_frame   0x0000000000003770      0x274 Libraries/tm_stm32f4_gpio/tm_stm32f4_gpio.o
 .debug_frame   0x00000000000039e4       0xf4 Utilities/STM32F4-Discovery/stm32f4_discovery.o
 .debug_frame   0x0000000000003ad8      0x4bc Utilities/STM32F4-Discovery/stm32f4_discovery_audio_codec.o
 .debug_frame   0x0000000000003f94       0xa0 src/codec.o
 .debug_frame   0x0000000000004034       0x80 src/main.o
 .debug_frame   0x00000000000040b4       0xec src/sound.o
 .debug_frame   0x00000000000041a0       0xf0 src/stm32f4xx_it.o
 .debug_frame   0x0000000000004290       0x7c src/system_stm32f4xx.o
 .debug_frame   0x000000000000430c      0x178 src/wav.o
 .debug_frame   0x0000000000004484       0x2c /opt/Atollic_TrueSTUDIO_for_ARM_x86_64_8.0.0/ARMTools/bin/../lib/gcc/arm-atollic-eabi/6.3.1/../../../../arm-atollic-eabi/lib/armv7e-m/fpu/libc_nano.a(lib_a-init.o)
 .debug_frame   0x00000000000044b0       0x30 /opt/Atollic_TrueSTUDIO_for_ARM_x86_64_8.0.0/ARMTools/bin/../lib/gcc/arm-atollic-eabi/6.3.1/../../../../arm-atollic-eabi/lib/armv7e-m/fpu/libc_nano.a(lib_a-malloc.o)
 .debug_frame   0x00000000000044e0       0x28 /opt/Atollic_TrueSTUDIO_for_ARM_x86_64_8.0.0/ARMTools/bin/../lib/gcc/arm-atollic-eabi/6.3.1/../../../../arm-atollic-eabi/lib/armv7e-m/fpu/libc_nano.a(lib_a-memcpy-stub.o)
 .debug_frame   0x0000000000004508       0x38 /opt/Atollic_TrueSTUDIO_for_ARM_x86_64_8.0.0/ARMTools/bin/../lib/gcc/arm-atollic-eabi/6.3.1/../../../../arm-atollic-eabi/lib/armv7e-m/fpu/libc_nano.a(lib_a-nano-freer.o)
 .debug_frame   0x0000000000004540       0x2c /opt/Atollic_TrueSTUDIO_for_ARM_x86_64_8.0.0/ARMTools/bin/../lib/gcc/arm-atollic-eabi/6.3.1/../../../../arm-atollic-eabi/lib/armv7e-m/fpu/libc_nano.a(lib_a-nano-mallocr.o)
 .debug_frame   0x000000000000456c       0x2c /opt/Atollic_TrueSTUDIO_for_ARM_x86_64_8.0.0/ARMTools/bin/../lib/gcc/arm-atollic-eabi/6.3.1/../../../../arm-atollic-eabi/lib/armv7e-m/fpu/libc_nano.a(lib_a-sbrkr.o)
 .debug_frame   0x0000000000004598       0x30 /opt/Atollic_TrueSTUDIO_for_ARM_x86_64_8.0.0/ARMTools/bin/../lib/gcc/arm-atollic-eabi/6.3.1/../../../../arm-atollic-eabi/lib/armv7e-m/fpu/libc_nano.a(lib_a-mlock.o)
 .debug_frame   0x00000000000045c8       0x5c /opt/Atollic_TrueSTUDIO_for_ARM_x86_64_8.0.0/ARMTools/bin/../lib/gcc/arm-atollic-eabi/6.3.1/../../../../arm-atollic-eabi/lib/armv7e-m/fpu/libc_nano.a(lib_a-reent.o)
 .debug_frame   0x0000000000004624       0x20 /opt/Atollic_TrueSTUDIO_for_ARM_x86_64_8.0.0/ARMTools/bin/../lib/gcc/arm-atollic-eabi/6.3.1/../../../../arm-atollic-eabi/lib/armv7e-m/fpu/libnosys.a(sbrk.o)

.stabstr        0x0000000000000000       0x3f
 .stabstr       0x0000000000000000       0x3f /opt/Atollic_TrueSTUDIO_for_ARM_x86_64_8.0.0/ARMTools/bin/../lib/gcc/arm-atollic-eabi/6.3.1/../../../../arm-atollic-eabi/lib/armv7e-m/fpu/libnosys.a(write.o)

Cross Reference Table

Symbol                                            File
ADC_AnalogWatchdogCmd                             Libraries/STM32F4xx_StdPeriph_Driver/src/stm32f4xx_adc.o
ADC_AnalogWatchdogSingleChannelConfig             Libraries/STM32F4xx_StdPeriph_Driver/src/stm32f4xx_adc.o
ADC_AnalogWatchdogThresholdsConfig                Libraries/STM32F4xx_StdPeriph_Driver/src/stm32f4xx_adc.o
ADC_AutoInjectedConvCmd                           Libraries/STM32F4xx_StdPeriph_Driver/src/stm32f4xx_adc.o
ADC_ClearFlag                                     Libraries/STM32F4xx_StdPeriph_Driver/src/stm32f4xx_adc.o
ADC_ClearITPendingBit                             Libraries/STM32F4xx_StdPeriph_Driver/src/stm32f4xx_adc.o
ADC_Cmd                                           Libraries/STM32F4xx_StdPeriph_Driver/src/stm32f4xx_adc.o
ADC_CommonInit                                    Libraries/STM32F4xx_StdPeriph_Driver/src/stm32f4xx_adc.o
ADC_CommonStructInit                              Libraries/STM32F4xx_StdPeriph_Driver/src/stm32f4xx_adc.o
ADC_ContinuousModeCmd                             Libraries/STM32F4xx_StdPeriph_Driver/src/stm32f4xx_adc.o
ADC_DMACmd                                        Libraries/STM32F4xx_StdPeriph_Driver/src/stm32f4xx_adc.o
ADC_DMARequestAfterLastTransferCmd                Libraries/STM32F4xx_StdPeriph_Driver/src/stm32f4xx_adc.o
ADC_DeInit                                        Libraries/STM32F4xx_StdPeriph_Driver/src/stm32f4xx_adc.o
ADC_DiscModeChannelCountConfig                    Libraries/STM32F4xx_StdPeriph_Driver/src/stm32f4xx_adc.o
ADC_DiscModeCmd                                   Libraries/STM32F4xx_StdPeriph_Driver/src/stm32f4xx_adc.o
ADC_EOCOnEachRegularChannelCmd                    Libraries/STM32F4xx_StdPeriph_Driver/src/stm32f4xx_adc.o
ADC_ExternalTrigInjectedConvConfig                Libraries/STM32F4xx_StdPeriph_Driver/src/stm32f4xx_adc.o
ADC_ExternalTrigInjectedConvEdgeConfig            Libraries/STM32F4xx_StdPeriph_Driver/src/stm32f4xx_adc.o
ADC_GetConversionValue                            Libraries/STM32F4xx_StdPeriph_Driver/src/stm32f4xx_adc.o
ADC_GetFlagStatus                                 Libraries/STM32F4xx_StdPeriph_Driver/src/stm32f4xx_adc.o
ADC_GetITStatus                                   Libraries/STM32F4xx_StdPeriph_Driver/src/stm32f4xx_adc.o
ADC_GetInjectedConversionValue                    Libraries/STM32F4xx_StdPeriph_Driver/src/stm32f4xx_adc.o
ADC_GetMultiModeConversionValue                   Libraries/STM32F4xx_StdPeriph_Driver/src/stm32f4xx_adc.o
ADC_GetSoftwareStartConvStatus                    Libraries/STM32F4xx_StdPeriph_Driver/src/stm32f4xx_adc.o
ADC_GetSoftwareStartInjectedConvCmdStatus         Libraries/STM32F4xx_StdPeriph_Driver/src/stm32f4xx_adc.o
ADC_IRQHandler                                    src/startup_stm32f40xx.o
ADC_ITConfig                                      Libraries/STM32F4xx_StdPeriph_Driver/src/stm32f4xx_adc.o
ADC_Init                                          Libraries/STM32F4xx_StdPeriph_Driver/src/stm32f4xx_adc.o
ADC_InjectedChannelConfig                         Libraries/STM32F4xx_StdPeriph_Driver/src/stm32f4xx_adc.o
ADC_InjectedDiscModeCmd                           Libraries/STM32F4xx_StdPeriph_Driver/src/stm32f4xx_adc.o
ADC_InjectedSequencerLengthConfig                 Libraries/STM32F4xx_StdPeriph_Driver/src/stm32f4xx_adc.o
ADC_MultiModeDMARequestAfterLastTransferCmd       Libraries/STM32F4xx_StdPeriph_Driver/src/stm32f4xx_adc.o
ADC_RegularChannelConfig                          Libraries/STM32F4xx_StdPeriph_Driver/src/stm32f4xx_adc.o
ADC_SetInjectedOffset                             Libraries/STM32F4xx_StdPeriph_Driver/src/stm32f4xx_adc.o
ADC_SoftwareStartConv                             Libraries/STM32F4xx_StdPeriph_Driver/src/stm32f4xx_adc.o
ADC_SoftwareStartInjectedConv                     Libraries/STM32F4xx_StdPeriph_Driver/src/stm32f4xx_adc.o
ADC_StructInit                                    Libraries/STM32F4xx_StdPeriph_Driver/src/stm32f4xx_adc.o
ADC_TempSensorVrefintCmd                          Libraries/STM32F4xx_StdPeriph_Driver/src/stm32f4xx_adc.o
ADC_VBATCmd                                       Libraries/STM32F4xx_StdPeriph_Driver/src/stm32f4xx_adc.o
AHBPrescTable                                     src/system_stm32f4xx.o
AUDIO_MAL_DMA_CHANNEL                             Utilities/STM32F4-Discovery/stm32f4_discovery_audio_codec.o
AUDIO_MAL_DMA_CLOCK                               Utilities/STM32F4-Discovery/stm32f4_discovery_audio_codec.o
AUDIO_MAL_DMA_DREG                                Utilities/STM32F4-Discovery/stm32f4_discovery_audio_codec.o
AUDIO_MAL_DMA_FLAG_DME                            Utilities/STM32F4-Discovery/stm32f4_discovery_audio_codec.o
AUDIO_MAL_DMA_FLAG_FE                             Utilities/STM32F4-Discovery/stm32f4_discovery_audio_codec.o
AUDIO_MAL_DMA_FLAG_HT                             Utilities/STM32F4-Discovery/stm32f4_discovery_audio_codec.o
AUDIO_MAL_DMA_FLAG_TC                             Utilities/STM32F4-Discovery/stm32f4_discovery_audio_codec.o
AUDIO_MAL_DMA_FLAG_TE                             Utilities/STM32F4-Discovery/stm32f4_discovery_audio_codec.o
AUDIO_MAL_DMA_IRQ                                 Utilities/STM32F4-Discovery/stm32f4_discovery_audio_codec.o
AUDIO_MAL_DMA_InitStructure                       Utilities/STM32F4-Discovery/stm32f4_discovery_audio_codec.o
AUDIO_MAL_DMA_STREAM                              Utilities/STM32F4-Discovery/stm32f4_discovery_audio_codec.o
AudioRemSize                                      Utilities/STM32F4-Discovery/stm32f4_discovery_audio_codec.o
AudioTotalSize                                    Utilities/STM32F4-Discovery/stm32f4_discovery_audio_codec.o
Audio_MAL_Play                                    Utilities/STM32F4-Discovery/stm32f4_discovery_audio_codec.o
BUTTON_CLK                                        Utilities/STM32F4-Discovery/stm32f4_discovery.o
BUTTON_EXTI_LINE                                  Utilities/STM32F4-Discovery/stm32f4_discovery.o
BUTTON_IRQn                                       Utilities/STM32F4-Discovery/stm32f4_discovery.o
BUTTON_PIN                                        Utilities/STM32F4-Discovery/stm32f4_discovery.o
BUTTON_PIN_SOURCE                                 Utilities/STM32F4-Discovery/stm32f4_discovery.o
BUTTON_PORT                                       Utilities/STM32F4-Discovery/stm32f4_discovery.o