Archive member included to satisfy reference by file (symbol)

/usr/lib/gcc/arm-none-eabi/5.4.1/../../../arm-none-eabi/lib/armv7e-m/fpu/libc.a(lib_a-atexit.o)
                              /usr/lib/gcc/arm-none-eabi/5.4.1/../../../arm-none-eabi/lib/armv7e-m/fpu/crt0.o (atexit)
/usr/lib/gcc/arm-none-eabi/5.4.1/../../../arm-none-eabi/lib/armv7e-m/fpu/libc.a(lib_a-exit.o)
                              /usr/lib/gcc/arm-none-eabi/5.4.1/../../../arm-none-eabi/lib/armv7e-m/fpu/crt0.o (exit)
/usr/lib/gcc/arm-none-eabi/5.4.1/../../../arm-none-eabi/lib/armv7e-m/fpu/libc.a(lib_a-fini.o)
                              /usr/lib/gcc/arm-none-eabi/5.4.1/../../../arm-none-eabi/lib/armv7e-m/fpu/crt0.o (__libc_fini_array)
/usr/lib/gcc/arm-none-eabi/5.4.1/../../../arm-none-eabi/lib/armv7e-m/fpu/libc.a(lib_a-impure.o)
                              /usr/lib/gcc/arm-none-eabi/5.4.1/../../../arm-none-eabi/lib/armv7e-m/fpu/libc.a(lib_a-exit.o) (_global_impure_ptr)
/usr/lib/gcc/arm-none-eabi/5.4.1/../../../arm-none-eabi/lib/armv7e-m/fpu/libc.a(lib_a-init.o)
                              /usr/lib/gcc/arm-none-eabi/5.4.1/../../../arm-none-eabi/lib/armv7e-m/fpu/crt0.o (__libc_init_array)
/usr/lib/gcc/arm-none-eabi/5.4.1/../../../arm-none-eabi/lib/armv7e-m/fpu/libc.a(lib_a-memset.o)
                              /usr/lib/gcc/arm-none-eabi/5.4.1/../../../arm-none-eabi/lib/armv7e-m/fpu/crt0.o (memset)
/usr/lib/gcc/arm-none-eabi/5.4.1/../../../arm-none-eabi/lib/armv7e-m/fpu/libc.a(lib_a-__atexit.o)
                              /usr/lib/gcc/arm-none-eabi/5.4.1/../../../arm-none-eabi/lib/armv7e-m/fpu/libc.a(lib_a-atexit.o) (__register_exitproc)
/usr/lib/gcc/arm-none-eabi/5.4.1/../../../arm-none-eabi/lib/armv7e-m/fpu/libc.a(lib_a-__call_atexit.o)
                              /usr/lib/gcc/arm-none-eabi/5.4.1/../../../arm-none-eabi/lib/armv7e-m/fpu/libc.a(lib_a-exit.o) (__call_exitprocs)
/usr/lib/gcc/arm-none-eabi/5.4.1/../../../arm-none-eabi/lib/armv7e-m/fpu/libc.a(lib_a-memcpy.o)
                              /home/amisi/syncthing/sync/School/2017/EEE3074W/project/embedded2017/base/build/queue.o (memcpy)

Allocating common symbols
Common symbol       size              file

xQueueRegistry      0x40              /home/amisi/syncthing/sync/School/2017/EEE3074W/project/embedded2017/base/build/queue.o

Discarded input sections

 .text          0x0000000000000000        0x0 /usr/lib/gcc/arm-none-eabi/5.4.1/armv7e-m/fpu/crti.o
 .data          0x0000000000000000        0x0 /usr/lib/gcc/arm-none-eabi/5.4.1/armv7e-m/fpu/crti.o
 .bss           0x0000000000000000        0x0 /usr/lib/gcc/arm-none-eabi/5.4.1/armv7e-m/fpu/crti.o
 .data          0x0000000000000000        0x4 /usr/lib/gcc/arm-none-eabi/5.4.1/armv7e-m/fpu/crtbegin.o
 .text          0x0000000000000000       0x68 /usr/lib/gcc/arm-none-eabi/5.4.1/../../../arm-none-eabi/lib/armv7e-m/fpu/crt0.o
 .data          0x0000000000000000        0x0 /usr/lib/gcc/arm-none-eabi/5.4.1/../../../arm-none-eabi/lib/armv7e-m/fpu/crt0.o
 .bss           0x0000000000000000        0x0 /usr/lib/gcc/arm-none-eabi/5.4.1/../../../arm-none-eabi/lib/armv7e-m/fpu/crt0.o
 .ARM.extab     0x0000000000000000        0x0 /usr/lib/gcc/arm-none-eabi/5.4.1/../../../arm-none-eabi/lib/armv7e-m/fpu/crt0.o
 .ARM.exidx     0x0000000000000000        0x8 /usr/lib/gcc/arm-none-eabi/5.4.1/../../../arm-none-eabi/lib/armv7e-m/fpu/crt0.o
 .debug_line    0x0000000000000000       0x7e /usr/lib/gcc/arm-none-eabi/5.4.1/../../../arm-none-eabi/lib/armv7e-m/fpu/crt0.o
 .debug_info    0x0000000000000000       0xa5 /usr/lib/gcc/arm-none-eabi/5.4.1/../../../arm-none-eabi/lib/armv7e-m/fpu/crt0.o
 .debug_abbrev  0x0000000000000000       0x14 /usr/lib/gcc/arm-none-eabi/5.4.1/../../../arm-none-eabi/lib/armv7e-m/fpu/crt0.o
 .debug_aranges
                0x0000000000000000       0x20 /usr/lib/gcc/arm-none-eabi/5.4.1/../../../arm-none-eabi/lib/armv7e-m/fpu/crt0.o
 .ARM.attributes
                0x0000000000000000       0x20 /usr/lib/gcc/arm-none-eabi/5.4.1/../../../arm-none-eabi/lib/armv7e-m/fpu/crt0.o
 .data          0x0000000000000000        0x0 /usr/lib/gcc/arm-none-eabi/5.4.1/../../../arm-none-eabi/lib/armv7e-m/fpu/libc.a(lib_a-atexit.o)
 .bss           0x0000000000000000        0x0 /usr/lib/gcc/arm-none-eabi/5.4.1/../../../arm-none-eabi/lib/armv7e-m/fpu/libc.a(lib_a-atexit.o)
 .debug_info    0x0000000000000000       0xfe /usr/lib/gcc/arm-none-eabi/5.4.1/../../../arm-none-eabi/lib/armv7e-m/fpu/libc.a(lib_a-atexit.o)
 .debug_abbrev  0x0000000000000000       0xaa /usr/lib/gcc/arm-none-eabi/5.4.1/../../../arm-none-eabi/lib/armv7e-m/fpu/libc.a(lib_a-atexit.o)
 .debug_loc     0x0000000000000000       0x2c /usr/lib/gcc/arm-none-eabi/5.4.1/../../../arm-none-eabi/lib/armv7e-m/fpu/libc.a(lib_a-atexit.o)
 .debug_aranges
                0x0000000000000000       0x20 /usr/lib/gcc/arm-none-eabi/5.4.1/../../../arm-none-eabi/lib/armv7e-m/fpu/libc.a(lib_a-atexit.o)
[...]
Memory Configuration

Name             Origin             Length             Attributes
FLASH            0x0000000008000000 0x0000000000100000 xr
RAM              0x0000000020000000 0x0000000000020000 xrw
CCMRAM           0x0000000010000000 0x0000000000010000 rw
*default*        0x0000000000000000 0xffffffffffffffff

Linker script and memory map

LOAD /usr/lib/gcc/arm-none-eabi/5.4.1/armv7e-m/fpu/crti.o
LOAD /usr/lib/gcc/arm-none-eabi/5.4.1/armv7e-m/fpu/crtbegin.o
LOAD /usr/lib/gcc/arm-none-eabi/5.4.1/../../../arm-none-eabi/lib/armv7e-m/fpu/crt0.o
                0x000000002001ffff                _estack = 0x2001ffff
                0x0000000000000200                _Min_Heap_Size = 0x200
                0x0000000000000400                _Min_Stack_Size = 0x400

.isr_vector     0x0000000008000000      0x188
                0x0000000008000000                . = ALIGN (0x4)
 *(.isr_vector)
 .isr_vector    0x0000000008000000      0x188 /home/amisi/syncthing/sync/School/2017/EEE3074W/project/embedded2017/base/build/startup_stm32f4xx.o
                0x0000000008000000                g_pfnVectors
                0x0000000008000188                . = ALIGN (0x4)

.text           0x0000000008000190     0x3368
                0x0000000008000190                . = ALIGN (0x4)
 *(.text)
 .text          0x0000000008000190       0xa4 /usr/lib/gcc/arm-none-eabi/5.4.1/armv7e-m/fpu/crtbegin.o
 .text          0x0000000008000234        0xc /usr/lib/gcc/arm-none-eabi/5.4.1/../../../arm-none-eabi/lib/armv7e-m/fpu/libc.a(lib_a-atexit.o)
                0x0000000008000234                atexit
 .text          0x0000000008000240       0x28 /usr/lib/gcc/arm-none-eabi/5.4.1/../../../arm-none-eabi/lib/armv7e-m/fpu/libc.a(lib_a-fini.o)
                0x0000000008000240                __libc_fini_array
 .text          0x0000000008000268       0x50 /usr/lib/gcc/arm-none-eabi/5.4.1/../../../arm-none-eabi/lib/armv7e-m/fpu/libc.a(lib_a-init.o)
                0x0000000008000268                __libc_init_array
 .text          0x00000000080002b8       0x9c /usr/lib/gcc/arm-none-eabi/5.4.1/../../../arm-none-eabi/lib/armv7e-m/fpu/libc.a(lib_a-memset.o)
                0x00000000080002b8                memset
 .text          0x0000000008000354       0xa4 /usr/lib/gcc/arm-none-eabi/5.4.1/../../../arm-none-eabi/lib/armv7e-m/fpu/libc.a(lib_a-__atexit.o)
                0x0000000008000354                __register_exitproc
 .text          0x00000000080003f8      0x134 /usr/lib/gcc/arm-none-eabi/5.4.1/../../../arm-none-eabi/lib/armv7e-m/fpu/libc.a(lib_a-memcpy.o)
                0x00000000080003f8                memcpy
 *(.text*)
 .text.startup  0x000000000800052c       0x14 /usr/lib/gcc/arm-none-eabi/5.4.1/../../../arm-none-eabi/lib/armv7e-m/fpu/libc.a(lib_a-__call_atexit.o)
 .text.NMI_Handler
                0x0000000008000540       0x10 /home/amisi/syncthing/sync/School/2017/EEE3074W/project/embedded2017/base/build/stm32f4xx_it.o
                0x0000000008000540                NMI_Handler
 .text.prvGetRegistersFromStack
                0x0000000008000550       0x48 /home/amisi/syncthing/sync/School/2017/EEE3074W/project/embedded2017/base/build/stm32f4xx_it.o
                0x0000000008000550                prvGetRegistersFromStack
 .text.HardFault_Handler
                0x0000000008000598       0x1c /home/amisi/syncthing/sync/School/2017/EEE3074W/project/embedded2017/base/build/stm32f4xx_it.o
                0x0000000008000598                HardFault_Handler
 .text.MemManage_Handler
                0x00000000080005b4        0x8 /home/amisi/syncthing/sync/School/2017/EEE3074W/project/embedded2017/base/build/stm32f4xx_it.o
                0x00000000080005b4                MemManage_Handler
 .text.BusFault_Handler
                0x00000000080005bc        0x8 /home/amisi/syncthing/sync/School/2017/EEE3074W/project/embedded2017/base/build/stm32f4xx_it.o
                0x00000000080005bc                BusFault_Handler
 .text.UsageFault_Handler
                0x00000000080005c4        0x8 /home/amisi/syncthing/sync/School/2017/EEE3074W/project/embedded2017/base/build/stm32f4xx_it.o
                0x00000000080005c4                UsageFault_Handler
 .text.DebugMon_Handler
                0x00000000080005cc       0x10 /home/amisi/syncthing/sync/School/2017/EEE3074W/project/embedded2017/base/build/stm32f4xx_it.o
                0x00000000080005cc                DebugMon_Handler
 .text.SystemInit
                0x00000000080005dc       0x6c /home/amisi/syncthing/sync/School/2017/EEE3074W/project/embedded2017/base/build/system_stm32f4xx.o
                0x00000000080005dc                SystemInit
 .text.SetSysClock
                0x0000000008000648       0xf8 /home/amisi/syncthing/sync/School/2017/EEE3074W/project/embedded2017/base/build/system_stm32f4xx.o
 .text.main     0x0000000008000740       0x3c /home/amisi/syncthing/sync/School/2017/EEE3074W/project/embedded2017/base/build/main.o
                0x0000000008000740                main
 .text.vApplicationTickHook
                0x000000000800077c       0x10 /home/amisi/syncthing/sync/School/2017/EEE3074W/project/embedded2017/base/build/main.o
                0x000000000800077c                vApplicationTickHook
 .text.vApplicationIdleHook
                0x000000000800078c       0x10 /home/amisi/syncthing/sync/School/2017/EEE3074W/project/embedded2017/base/build/main.o
                0x000000000800078c                vApplicationIdleHook
 .text.vApplicationStackOverflowHook
                0x000000000800079c       0x20 /home/amisi/syncthing/sync/School/2017/EEE3074W/project/embedded2017/base/build/main.o
                0x000000000800079c                vApplicationStackOverflowHook
 .text.vApplicationGetIdleTaskMemory
                0x00000000080007bc       0x34 /home/amisi/syncthing/sync/School/2017/EEE3074W/project/embedded2017/base/build/main.o
                0x00000000080007bc                vApplicationGetIdleTaskMemory
 .text.vApplicationGetTimerTaskMemory
                0x00000000080007f0       0x34 /home/amisi/syncthing/sync/School/2017/EEE3074W/project/embedded2017/base/build/main.o
                0x00000000080007f0                vApplicationGetTimerTaskMemory
 .text.adc_init
                0x0000000008000824       0x88 /home/amisi/syncthing/sync/School/2017/EEE3074W/project/embedded2017/base/build/uinput.o
                0x0000000008000824                adc_init
 .text.readADC1
                0x00000000080008ac       0x2c /home/amisi/syncthing/sync/School/2017/EEE3074W/project/embedded2017/base/build/uinput.o
                0x00000000080008ac                readADC1
 .text.uinput_main
                0x00000000080008d8       0xac /home/amisi/syncthing/sync/School/2017/EEE3074W/project/embedded2017/base/build/uinput.o
                0x00000000080008d8                uinput_main
 .text.pxPortInitialiseStack
                0x0000000008000984       0x68 /home/amisi/syncthing/sync/School/2017/EEE3074W/project/embedded2017/base/build/port.o
                0x0000000008000984                pxPortInitialiseStack
 .text.prvTaskExitError
                0x00000000080009ec       0x3c /home/amisi/syncthing/sync/School/2017/EEE3074W/project/embedded2017/base/build/port.o
 *fill*         0x0000000008000a28        0x8 
 .text.SVC_Handler
                0x0000000008000a30       0x28 /home/amisi/syncthing/sync/School/2017/EEE3074W/project/embedded2017/base/build/port.o
                0x0000000008000a30                SVC_Handler
 .text.prvPortStartFirstTask
                0x0000000008000a58       0x20 /home/amisi/syncthing/sync/School/2017/EEE3074W/project/embedded2017/base/build/port.o
 .text.xPortStartScheduler
                0x0000000008000a78      0x118 /home/amisi/syncthing/sync/School/2017/EEE3074W/project/embedded2017/base/build/port.o
                0x0000000008000a78                xPortStartScheduler
 .text.vPortEnterCritical
                0x0000000008000b90       0x5c /home/amisi/syncthing/sync/School/2017/EEE3074W/project/embedded2017/base/build/port.o
                0x0000000008000b90                vPortEnterCritical
 .text.vPortExitCritical
                0x0000000008000bec       0x50 /home/amisi/syncthing/sync/School/2017/EEE3074W/project/embedded2017/base/build/port.o
                0x0000000008000bec                vPortExitCritical
 *fill*         0x0000000008000c3c        0x4 
 .text.PendSV_Handler
                0x0000000008000c40       0x68 /home/amisi/syncthing/sync/School/2017/EEE3074W/project/embedded2017/base/build/port.o
                0x0000000008000c40                PendSV_Handler
 .text.SysTick_Handler
                0x0000000008000ca8       0x40 /home/amisi/syncthing/sync/School/2017/EEE3074W/project/embedded2017/base/build/port.o
                0x0000000008000ca8                SysTick_Handler
 .text.vPortSetupTimerInterrupt
                0x0000000008000ce8       0x38 /home/amisi/syncthing/sync/School/2017/EEE3074W/project/embedded2017/base/build/port.o
                0x0000000008000ce8                vPortSetupTimerInterrupt
 .text.vPortEnableVFP
                0x0000000008000d20       0x14 /home/amisi/syncthing/sync/School/2017/EEE3074W/project/embedded2017/base/build/port.o
 .text.vPortValidateInterruptPriority
                0x0000000008000d34       0x7c /home/amisi/syncthing/sync/School/2017/EEE3074W/project/embedded2017/base/build/port.o
                0x0000000008000d34                vPortValidateInterruptPriority
 .text.vListInitialise
                0x0000000008000db0       0x40 /home/amisi/syncthing/sync/School/2017/EEE3074W/project/embedded2017/base/build/list.o
                0x0000000008000db0                vListInitialise
 .text.vListInitialiseItem
                0x0000000008000df0       0x1c /home/amisi/syncthing/sync/School/2017/EEE3074W/project/embedded2017/base/build/list.o
                0x0000000008000df0                vListInitialiseItem
 .text.vListInsertEnd
                0x0000000008000e0c       0x48 /home/amisi/syncthing/sync/School/2017/EEE3074W/project/embedded2017/base/build/list.o
                0x0000000008000e0c                vListInsertEnd
 .text.vListInsert
                0x0000000008000e54       0x74 /home/amisi/syncthing/sync/School/2017/EEE3074W/project/embedded2017/base/build/list.o
                0x0000000008000e54                vListInsert
 .text.uxListRemove
                0x0000000008000ec8       0x54 /home/amisi/syncthing/sync/School/2017/EEE3074W/project/embedded2017/base/build/list.o
                0x0000000008000ec8                uxListRemove
 .text.xQueueGenericReset
                0x0000000008000f1c       0xd0 /home/amisi/syncthing/sync/School/2017/EEE3074W/project/embedded2017/base/build/queue.o
                0x0000000008000f1c                xQueueGenericReset
 .text.xQueueGenericCreateStatic
                0x0000000008000fec       0xe4 /home/amisi/syncthing/sync/School/2017/EEE3074W/project/embedded2017/base/build/queue.o
                0x0000000008000fec                xQueueGenericCreateStatic
 .text.prvInitialiseNewQueue
                0x00000000080010d0       0x48 /home/amisi/syncthing/sync/School/2017/EEE3074W/project/embedded2017/base/build/queue.o
 .text.xQueueGenericSend
                0x0000000008001118      0x1f4 /home/amisi/syncthing/sync/School/2017/EEE3074W/project/embedded2017/base/build/queue.o
                0x0000000008001118                xQueueGenericSend
 .text.xQueueGenericSendFromISR
                0x000000000800130c      0x128 /home/amisi/syncthing/sync/School/2017/EEE3074W/project/embedded2017/base/build/queue.o
                0x000000000800130c                xQueueGenericSendFromISR
 .text.xQueueGenericReceive
                0x0000000008001434      0x224 /home/amisi/syncthing/sync/School/2017/EEE3074W/project/embedded2017/base/build/queue.o
                0x0000000008001434                xQueueGenericReceive
 .text.prvCopyDataToQueue
                0x0000000008001658       0xd4 /home/amisi/syncthing/sync/School/2017/EEE3074W/project/embedded2017/base/build/queue.o
 .text.prvCopyDataFromQueue
                0x000000000800172c       0x4c /home/amisi/syncthing/sync/School/2017/EEE3074W/project/embedded2017/base/build/queue.o
 .text.prvUnlockQueue
                0x0000000008001778       0xa4 /home/amisi/syncthing/sync/School/2017/EEE3074W/project/embedded2017/base/build/queue.o
 .text.prvIsQueueEmpty
                0x000000000800181c       0x2c /home/amisi/syncthing/sync/School/2017/EEE3074W/project/embedded2017/base/build/queue.o
 .text.prvIsQueueFull
                0x0000000008001848       0x30 /home/amisi/syncthing/sync/School/2017/EEE3074W/project/embedded2017/base/build/queue.o
 .text.vQueueAddToRegistry
                0x0000000008001878       0x50 /home/amisi/syncthing/sync/School/2017/EEE3074W/project/embedded2017/base/build/queue.o
                0x0000000008001878                vQueueAddToRegistry
 .text.vQueueWaitForMessageRestricted
                0x00000000080018c8       0x68 /home/amisi/syncthing/sync/School/2017/EEE3074W/project/embedded2017/base/build/queue.o
                0x00000000080018c8                vQueueWaitForMessageRestricted
 .text.xTaskCreateStatic
                0x0000000008001930       0x94 /home/amisi/syncthing/sync/School/2017/EEE3074W/project/embedded2017/base/build/tasks.o
                0x0000000008001930                xTaskCreateStatic
 .text.prvInitialiseNewTask
                0x00000000080019c4      0x10c /home/amisi/syncthing/sync/School/2017/EEE3074W/project/embedded2017/base/build/tasks.o
 .text.prvAddNewTaskToReadyList
                0x0000000008001ad0       0xdc /home/amisi/syncthing/sync/School/2017/EEE3074W/project/embedded2017/base/build/tasks.o
 .text.vTaskStartScheduler
                0x0000000008001bac       0xc8 /home/amisi/syncthing/sync/School/2017/EEE3074W/project/embedded2017/base/build/tasks.o
                0x0000000008001bac                vTaskStartScheduler
 .text.vTaskSuspendAll
                0x0000000008001c74       0x1c /home/amisi/syncthing/sync/School/2017/EEE3074W/project/embedded2017/base/build/tasks.o
                0x0000000008001c74                vTaskSuspendAll
 .text.xTaskResumeAll
                0x0000000008001c90      0x138 /home/amisi/syncthing/sync/School/2017/EEE3074W/project/embedded2017/base/build/tasks.o
                0x0000000008001c90                xTaskResumeAll
 .text.xTaskGetTickCount
                0x0000000008001dc8       0x20 /home/amisi/syncthing/sync/School/2017/EEE3074W/project/embedded2017/base/build/tasks.o
                0x0000000008001dc8                xTaskGetTickCount
 .text.xTaskIncrementTick
                0x0000000008001de8      0x188 /home/amisi/syncthing/sync/School/2017/EEE3074W/project/embedded2017/base/build/tasks.o
                0x0000000008001de8                xTaskIncrementTick
 .text.vTaskSwitchContext
                0x0000000008001f70      0x100 /home/amisi/syncthing/sync/School/2017/EEE3074W/project/embedded2017/base/build/tasks.o
                0x0000000008001f70                vTaskSwitchContext
 .text.vTaskPlaceOnEventList
                0x0000000008002070       0x48 /home/amisi/syncthing/sync/School/2017/EEE3074W/project/embedded2017/base/build/tasks.o
                0x0000000008002070                vTaskPlaceOnEventList
 .text.vTaskPlaceOnEventListRestricted
                0x00000000080020b8       0x54 /home/amisi/syncthing/sync/School/2017/EEE3074W/project/embedded2017/base/build/tasks.o
                0x00000000080020b8                vTaskPlaceOnEventListRestricted
 .text.xTaskRemoveFromEventList
                0x000000000800210c       0xc4 /home/amisi/syncthing/sync/School/2017/EEE3074W/project/embedded2017/base/build/tasks.o
                0x000000000800210c                xTaskRemoveFromEventList
 .text.vTaskSetTimeOutState
                0x00000000080021d0       0x48 /home/amisi/syncthing/sync/School/2017/EEE3074W/project/embedded2017/base/build/tasks.o
                0x00000000080021d0                vTaskSetTimeOutState
 .text.xTaskCheckForTimeOut
                0x0000000008002218       0xbc /home/amisi/syncthing/sync/School/2017/EEE3074W/project/embedded2017/base/build/tasks.o
                0x0000000008002218                xTaskCheckForTimeOut
 .text.vTaskMissedYield
                0x00000000080022d4       0x18 /home/amisi/syncthing/sync/School/2017/EEE3074W/project/embedded2017/base/build/tasks.o
                0x00000000080022d4                vTaskMissedYield
 .text.prvIdleTask
                0x00000000080022ec       0x34 /home/amisi/syncthing/sync/School/2017/EEE3074W/project/embedded2017/base/build/tasks.o
 .text.prvInitialiseTaskLists
                0x0000000008002320       0x80 /home/amisi/syncthing/sync/School/2017/EEE3074W/project/embedded2017/base/build/tasks.o
 .text.prvCheckTasksWaitingTermination
                0x00000000080023a0       0x78 /home/amisi/syncthing/sync/School/2017/EEE3074W/project/embedded2017/base/build/tasks.o
 .text.prvDeleteTCB
                0x0000000008002418       0x5c /home/amisi/syncthing/sync/School/2017/EEE3074W/project/embedded2017/base/build/tasks.o
 .text.prvResetNextTaskUnblockTime
                0x0000000008002474       0x4c /home/amisi/syncthing/sync/School/2017/EEE3074W/project/embedded2017/base/build/tasks.o
 .text.xTaskGetSchedulerState
                0x00000000080024c0       0x3c /home/amisi/syncthing/sync/School/2017/EEE3074W/project/embedded2017/base/build/tasks.o
                0x00000000080024c0                xTaskGetSchedulerState
 .text.vTaskPriorityInherit
                0x00000000080024fc       0xec /home/amisi/syncthing/sync/School/2017/EEE3074W/project/embedded2017/base/build/tasks.o
                0x00000000080024fc                vTaskPriorityInherit
 .text.xTaskPriorityDisinherit
                0x00000000080025e8      0x108 /home/amisi/syncthing/sync/School/2017/EEE3074W/project/embedded2017/base/build/tasks.o
                0x00000000080025e8                xTaskPriorityDisinherit
 .text.pvTaskIncrementMutexHeldCount
                0x00000000080026f0       0x28 /home/amisi/syncthing/sync/School/2017/EEE3074W/project/embedded2017/base/build/tasks.o
                0x00000000080026f0                pvTaskIncrementMutexHeldCount
 .text.prvAddCurrentTaskToDelayedList
                0x0000000008002718       0xcc /home/amisi/syncthing/sync/School/2017/EEE3074W/project/embedded2017/base/build/tasks.o
 .text.xTimerCreateTimerTask
                0x00000000080027e4       0x90 /home/amisi/syncthing/sync/School/2017/EEE3074W/project/embedded2017/base/build/timers.o
                0x00000000080027e4                xTimerCreateTimerTask
 .text.xTimerGenericCommand
                0x0000000008002874       0x98 /home/amisi/syncthing/sync/School/2017/EEE3074W/project/embedded2017/base/build/timers.o
                0x0000000008002874                xTimerGenericCommand
 .text.prvProcessExpiredTimer
                0x000000000800290c       0x80 /home/amisi/syncthing/sync/School/2017/EEE3074W/project/embedded2017/base/build/timers.o
 .text.prvTimerTask
                0x000000000800298c       0x24 /home/amisi/syncthing/sync/School/2017/EEE3074W/project/embedded2017/base/build/timers.o
 .text.prvProcessTimerOrBlockTask
                0x00000000080029b0       0x9c /home/amisi/syncthing/sync/School/2017/EEE3074W/project/embedded2017/base/build/timers.o
 .text.prvGetNextExpireTime
                0x0000000008002a4c       0x48 /home/amisi/syncthing/sync/School/2017/EEE3074W/project/embedded2017/base/build/timers.o
 .text.prvSampleTimeNow
                0x0000000008002a94       0x40 /home/amisi/syncthing/sync/School/2017/EEE3074W/project/embedded2017/base/build/timers.o
 .text.prvInsertTimerInActiveList
                0x0000000008002ad4       0x84 /home/amisi/syncthing/sync/School/2017/EEE3074W/project/embedded2017/base/build/timers.o
 .text.prvProcessReceivedCommands
                0x0000000008002b58      0x12c /home/amisi/syncthing/sync/School/2017/EEE3074W/project/embedded2017/base/build/timers.o
 .text.prvSwitchTimerLists
                0x0000000008002c84       0xc0 /home/amisi/syncthing/sync/School/2017/EEE3074W/project/embedded2017/base/build/timers.o
 .text.prvCheckForValidListAndQueue
                0x0000000008002d44       0x80 /home/amisi/syncthing/sync/School/2017/EEE3074W/project/embedded2017/base/build/timers.o
 .text.vPortFree
                0x0000000008002dc4       0xb0 /home/amisi/syncthing/sync/School/2017/EEE3074W/project/embedded2017/base/build/heap_4.o
                0x0000000008002dc4                vPortFree
 .text.prvInsertBlockIntoFreeList
                0x0000000008002e74       0xb4 /home/amisi/syncthing/sync/School/2017/EEE3074W/project/embedded2017/base/build/heap_4.o
 .text.ADC_DeInit
                0x0000000008002f28       0x1c /home/amisi/syncthing/sync/School/2017/EEE3074W/project/embedded2017/base/build/stm32f4xx_adc.o
                0x0000000008002f28                ADC_DeInit
 .text.ADC_Init
                0x0000000008002f44       0xac /home/amisi/syncthing/sync/School/2017/EEE3074W/project/embedded2017/base/build/stm32f4xx_adc.o
                0x0000000008002f44                ADC_Init
 .text.ADC_Cmd  0x0000000008002ff0       0x38 /home/amisi/syncthing/sync/School/2017/EEE3074W/project/embedded2017/base/build/stm32f4xx_adc.o
                0x0000000008002ff0                ADC_Cmd
 .text.ADC_RegularChannelConfig
                0x0000000008003028      0x194 /home/amisi/syncthing/sync/School/2017/EEE3074W/project/embedded2017/base/build/stm32f4xx_adc.o
                0x0000000008003028                ADC_RegularChannelConfig
 .text.ADC_SoftwareStartConv
                0x00000000080031bc       0x20 /home/amisi/syncthing/sync/School/2017/EEE3074W/project/embedded2017/base/build/stm32f4xx_adc.o
                0x00000000080031bc                ADC_SoftwareStartConv
 .text.ADC_GetConversionValue
                0x00000000080031dc       0x1c /home/amisi/syncthing/sync/School/2017/EEE3074W/project/embedded2017/base/build/stm32f4xx_adc.o
                0x00000000080031dc                ADC_GetConversionValue
 .text.ADC_GetFlagStatus
                0x00000000080031f8       0x34 /home/amisi/syncthing/sync/School/2017/EEE3074W/project/embedded2017/base/build/stm32f4xx_adc.o
                0x00000000080031f8                ADC_GetFlagStatus
 .text.RCC_AHB1PeriphClockCmd
                0x000000000800322c       0x40 /home/amisi/syncthing/sync/School/2017/EEE3074W/project/embedded2017/base/build/stm32f4xx_rcc.o
                0x000000000800322c                RCC_AHB1PeriphClockCmd
 .text.RCC_APB2PeriphClockCmd
                0x000000000800326c       0x40 /home/amisi/syncthing/sync/School/2017/EEE3074W/project/embedded2017/base/build/stm32f4xx_rcc.o
                0x000000000800326c                RCC_APB2PeriphClockCmd
 .text.RCC_APB2PeriphResetCmd
                0x00000000080032ac       0x40 /home/amisi/syncthing/sync/School/2017/EEE3074W/project/embedded2017/base/build/stm32f4xx_rcc.o
                0x00000000080032ac                RCC_APB2PeriphResetCmd
 .text.GPIO_Init
                0x00000000080032ec      0x11c /home/amisi/syncthing/sync/School/2017/EEE3074W/project/embedded2017/base/build/stm32f4xx_gpio.o
                0x00000000080032ec                GPIO_Init
 .text.GPIO_StructInit
                0x0000000008003408       0x34 /home/amisi/syncthing/sync/School/2017/EEE3074W/project/embedded2017/base/build/stm32f4xx_gpio.o
                0x0000000008003408                GPIO_StructInit
 .text.GPIO_SetBits
                0x000000000800343c       0x20 /home/amisi/syncthing/sync/School/2017/EEE3074W/project/embedded2017/base/build/stm32f4xx_gpio.o
                0x000000000800343c                GPIO_SetBits
 .text.GPIO_ResetBits
                0x000000000800345c       0x20 /home/amisi/syncthing/sync/School/2017/EEE3074W/project/embedded2017/base/build/stm32f4xx_gpio.o
                0x000000000800345c                GPIO_ResetBits
 .text.Reset_Handler
                0x000000000800347c       0x60 /home/amisi/syncthing/sync/School/2017/EEE3074W/project/embedded2017/base/build/startup_stm32f4xx.o
                0x000000000800347c                Reset_Handler
 .text.Default_Handler
                0x00000000080034dc        0x2 /home/amisi/syncthing/sync/School/2017/EEE3074W/project/embedded2017/base/build/startup_stm32f4xx.o
                0x00000000080034dc                RTC_Alarm_IRQHandler
                0x00000000080034dc                HASH_RNG_IRQHandler
                0x00000000080034dc                EXTI2_IRQHandler
                0x00000000080034dc                TIM8_CC_IRQHandler
                0x00000000080034dc                TIM1_CC_IRQHandler
                0x00000000080034dc                DMA2_Stream5_IRQHandler
                0x00000000080034dc                DMA1_Stream5_IRQHandler
                0x00000000080034dc                PVD_IRQHandler
                0x00000000080034dc                SDIO_IRQHandler
                0x00000000080034dc                TAMP_STAMP_IRQHandler
                0x00000000080034dc                CAN2_RX1_IRQHandler
                0x00000000080034dc                EXTI3_IRQHandler
                0x00000000080034dc                TIM8_TRG_COM_TIM14_IRQHandler
                0x00000000080034dc                TIM1_UP_TIM10_IRQHandler
                0x00000000080034dc                TIM8_UP_TIM13_IRQHandler
                0x00000000080034dc                I2C3_ER_IRQHandler
                0x00000000080034dc                EXTI0_IRQHandler
                0x00000000080034dc                I2C2_EV_IRQHandler
                0x00000000080034dc                DMA1_Stream2_IRQHandler
                0x00000000080034dc                CAN1_RX0_IRQHandler
                0x00000000080034dc                FPU_IRQHandler
                0x00000000080034dc                OTG_HS_WKUP_IRQHandler
                0x00000000080034dc                CAN2_SCE_IRQHandler
                0x00000000080034dc                DMA2_Stream2_IRQHandler
                0x00000000080034dc                SPI1_IRQHandler
                0x00000000080034dc                TIM6_DAC_IRQHandler
                0x00000000080034dc                TIM1_BRK_TIM9_IRQHandler
                0x00000000080034dc                DCMI_IRQHandler
                0x00000000080034dc                CAN2_RX0_IRQHandler
                0x00000000080034dc                DMA2_Stream3_IRQHandler
                0x00000000080034dc                USART6_IRQHandler
                0x00000000080034dc                USART3_IRQHandler
                0x00000000080034dc                CRYP_IRQHandler
                0x00000000080034dc                CAN1_RX1_IRQHandler
                0x00000000080034dc                UART5_IRQHandler
                0x00000000080034dc                DMA2_Stream0_IRQHandler
                0x00000000080034dc                TIM4_IRQHandler
                0x00000000080034dc                I2C1_EV_IRQHandler
                0x00000000080034dc                DMA1_Stream6_IRQHandler
                0x00000000080034dc                DMA1_Stream1_IRQHandler
                0x00000000080034dc                UART4_IRQHandler
                0x00000000080034dc                TIM3_IRQHandler
                0x00000000080034dc                RCC_IRQHandler
                0x00000000080034dc                TIM8_BRK_TIM12_IRQHandler
                0x00000000080034dc                Default_Handler
                0x00000000080034dc                EXTI15_10_IRQHandler
                0x00000000080034dc                ADC_IRQHandler
                0x00000000080034dc                DMA1_Stream7_IRQHandler
                0x00000000080034dc                TIM7_IRQHandler
                0x00000000080034dc                CAN2_TX_IRQHandler
                0x00000000080034dc                TIM5_IRQHandler
                0x00000000080034dc                DMA2_Stream7_IRQHandler
                0x00000000080034dc                I2C3_EV_IRQHandler
                0x00000000080034dc                EXTI9_5_IRQHandler
                0x00000000080034dc                RTC_WKUP_IRQHandler
                0x00000000080034dc                ETH_WKUP_IRQHandler
                0x00000000080034dc                SPI2_IRQHandler
                0x00000000080034dc                OTG_HS_EP1_IN_IRQHandler
                0x00000000080034dc                DMA1_Stream0_IRQHandler
                0x00000000080034dc                CAN1_TX_IRQHandler
                0x00000000080034dc                EXTI4_IRQHandler
                0x00000000080034dc                FSMC_IRQHandler
                0x00000000080034dc                ETH_IRQHandler
                0x00000000080034dc                OTG_HS_EP1_OUT_IRQHandler
                0x00000000080034dc                WWDG_IRQHandler
                0x00000000080034dc                TIM2_IRQHandler
                0x00000000080034dc                OTG_FS_WKUP_IRQHandler
                0x00000000080034dc                TIM1_TRG_COM_TIM11_IRQHandler
                0x00000000080034dc                OTG_HS_IRQHandler
                0x00000000080034dc                EXTI1_IRQHandler
                0x00000000080034dc                USART2_IRQHandler
                0x00000000080034dc                I2C2_ER_IRQHandler
                0x00000000080034dc                DMA2_Stream1_IRQHandler
                0x00000000080034dc                CAN1_SCE_IRQHandler
                0x00000000080034dc                FLASH_IRQHandler
                0x00000000080034dc                DMA2_Stream4_IRQHandler
                0x00000000080034dc                USART1_IRQHandler
                0x00000000080034dc                OTG_FS_IRQHandler
                0x00000000080034dc                SPI3_IRQHandler
                0x00000000080034dc                DMA1_Stream4_IRQHandler
                0x00000000080034dc                I2C1_ER_IRQHandler
                0x00000000080034dc                DMA2_Stream6_IRQHandler
                0x00000000080034dc                DMA1_Stream3_IRQHandler
 *(.glue_7)
 .glue_7        0x00000000080034de        0x0 linker stubs
 *(.glue_7t)
 .glue_7t       0x00000000080034de        0x0 linker stubs
 *(.eh_frame)
 *fill*         0x00000000080034de        0x2 
 .eh_frame      0x00000000080034e0        0x0 /usr/lib/gcc/arm-none-eabi/5.4.1/armv7e-m/fpu/crtbegin.o
 *(.init)
 .init          0x00000000080034e0        0x4 /usr/lib/gcc/arm-none-eabi/5.4.1/armv7e-m/fpu/crti.o
                0x00000000080034e0                _init
 .init          0x00000000080034e4        0x8 /usr/lib/gcc/arm-none-eabi/5.4.1/armv7e-m/fpu/crtn.o
 *(.fini)
 .fini          0x00000000080034ec        0x4 /usr/lib/gcc/arm-none-eabi/5.4.1/armv7e-m/fpu/crti.o
                0x00000000080034ec                _fini
 .fini          0x00000000080034f0        0x8 /usr/lib/gcc/arm-none-eabi/5.4.1/armv7e-m/fpu/crtn.o
                0x00000000080034f8                . = ALIGN (0x4)
                0x00000000080034f8                _etext = .

.vfp11_veneer   0x00000000080034f8        0x0
 .vfp11_veneer  0x00000000080034f8        0x0 linker stubs

.v4_bx          0x00000000080034f8        0x0
 .v4_bx         0x00000000080034f8        0x0 linker stubs

.iplt           0x00000000080034f8        0x0
 .iplt          0x00000000080034f8        0x0 /usr/lib/gcc/arm-none-eabi/5.4.1/armv7e-m/fpu/crtbegin.o

.rodata         0x00000000080034f8       0x34
                0x00000000080034f8                . = ALIGN (0x4)
 *(.rodata)
 .rodata        0x00000000080034f8        0x4 /usr/lib/gcc/arm-none-eabi/5.4.1/../../../arm-none-eabi/lib/armv7e-m/fpu/libc.a(lib_a-impure.o)
                0x00000000080034f8                _global_impure_ptr
 .rodata        0x00000000080034fc        0xa /home/amisi/syncthing/sync/School/2017/EEE3074W/project/embedded2017/base/build/main.o
 *fill*         0x0000000008003506        0x2 
 .rodata        0x0000000008003508        0x5 /home/amisi/syncthing/sync/School/2017/EEE3074W/project/embedded2017/base/build/tasks.o
 *fill*         0x000000000800350d        0x3 
 .rodata        0x0000000008003510        0xd /home/amisi/syncthing/sync/School/2017/EEE3074W/project/embedded2017/base/build/timers.o
 *(.rodata*)
 *fill*         0x000000000800351d        0x3 
 .rodata.str1.4
                0x0000000008003520        0x4 /usr/lib/gcc/arm-none-eabi/5.4.1/../../../arm-none-eabi/lib/armv7e-m/fpu/libc.a(lib_a-impure.o)
                                          0x2 (size before relaxing)
 .rodata.LED    0x0000000008003524        0x8 /home/amisi/syncthing/sync/School/2017/EEE3074W/project/embedded2017/base/build/uinput.o
                0x0000000008003524                LED
                0x000000000800352c                . = ALIGN (0x4)

.rel.dyn        0x000000000800352c        0x0
 .rel.iplt      0x000000000800352c        0x0 /usr/lib/gcc/arm-none-eabi/5.4.1/armv7e-m/fpu/crtbegin.o

.ARM.extab
 *(.ARM.extab* .gnu.linkonce.armextab.*)

.ARM            0x000000000800352c        0x0
                0x000000000800352c                __exidx_start = .
 *(.ARM.exidx*)
                0x000000000800352c                __exidx_end = .

.preinit_array  0x000000000800352c        0x0
                0x000000000800352c                PROVIDE (__preinit_array_start, .)
 *(.preinit_array*)
                0x000000000800352c                PROVIDE (__preinit_array_end, .)

.init_array     0x000000000800352c        0x8
                0x000000000800352c                PROVIDE (__init_array_start, .)
 *(SORT(.init_array.*))
 .init_array.00000
                0x000000000800352c        0x4 /usr/lib/gcc/arm-none-eabi/5.4.1/../../../arm-none-eabi/lib/armv7e-m/fpu/libc.a(lib_a-__call_atexit.o)
 *(.init_array*)
 .init_array    0x0000000008003530        0x4 /usr/lib/gcc/arm-none-eabi/5.4.1/armv7e-m/fpu/crtbegin.o
                0x0000000008003534                PROVIDE (__init_array_end, .)

.fini_array     0x0000000008003534        0x4
                0x0000000008003534                PROVIDE (__fini_array_start, .)
 *(SORT(.fini_array.*))
 *(.fini_array*)
 .fini_array    0x0000000008003534        0x4 /usr/lib/gcc/arm-none-eabi/5.4.1/armv7e-m/fpu/crtbegin.o
                0x0000000008003538                PROVIDE (__fini_array_end, .)
                0x0000000008003538                _sidata = LOADADDR (.data)

.data           0x0000000020000000      0x438 load address 0x0000000008003538
                0x0000000020000000                . = ALIGN (0x4)
                0x0000000020000000                _sdata = .
 *(.data)
 .data          0x0000000020000000      0x430 /usr/lib/gcc/arm-none-eabi/5.4.1/../../../arm-none-eabi/lib/armv7e-m/fpu/libc.a(lib_a-impure.o)
                0x0000000020000000                _impure_ptr
 *(.data*)
 .data.SystemCoreClock
                0x0000000020000430        0x4 /home/amisi/syncthing/sync/School/2017/EEE3074W/project/embedded2017/base/build/system_stm32f4xx.o
                0x0000000020000430                SystemCoreClock
 .data.uxCriticalNesting
                0x0000000020000434        0x4 /home/amisi/syncthing/sync/School/2017/EEE3074W/project/embedded2017/base/build/port.o
                0x0000000020000438                . = ALIGN (0x4)
                0x0000000020000438                _edata = .
                0x0000000008003970                _siccmram = LOADADDR (.ccmram)

.jcr            0x0000000020000438        0x0 load address 0x0000000008003970
 .jcr           0x0000000020000438        0x0 /usr/lib/gcc/arm-none-eabi/5.4.1/armv7e-m/fpu/crtbegin.o

.tm_clone_table
                0x0000000020000438        0x0 load address 0x0000000008003970
 .tm_clone_table
                0x0000000020000438        0x0 /usr/lib/gcc/arm-none-eabi/5.4.1/armv7e-m/fpu/crtbegin.o
 .tm_clone_table
                0x0000000020000438        0x0 /usr/lib/gcc/arm-none-eabi/5.4.1/armv7e-m/fpu/crtend.o

.igot.plt       0x0000000020000438        0x0 load address 0x0000000008003970
 .igot.plt      0x0000000020000438        0x0 /usr/lib/gcc/arm-none-eabi/5.4.1/armv7e-m/fpu/crtbegin.o

.ccmram         0x0000000010000000      0xb20 load address 0x0000000008003970
                0x0000000010000000                . = ALIGN (0x4)
                0x0000000010000000                _sccmram = .
 *(.ccmram)
 .ccmram        0x0000000010000000      0xb20 /home/amisi/syncthing/sync/School/2017/EEE3074W/project/embedded2017/base/build/main.o
                0x0000000010000000                uinputTaskStack
                0x0000000010000400                uinputTaskBuffer
                0x0000000010000458                xIdleTaskTCB
                0x00000000100004b0                uxIdleTaskStack
 *(.ccmram*)
                0x0000000010000b20                . = ALIGN (0x4)
                0x0000000010000b20                _eccmram = .
                0x0000000010000b20                . = ALIGN (0x4)

.bss            0x0000000020000438      0x280
                0x0000000020000438                _sbss = .
                0x0000000020000438                __bss_start__ = _sbss
 *(.bss)
 .bss           0x0000000020000438       0x1c /usr/lib/gcc/arm-none-eabi/5.4.1/armv7e-m/fpu/crtbegin.o
 *(.bss*)
 .bss.ucMaxSysCallPriority
                0x0000000020000454        0x1 /home/amisi/syncthing/sync/School/2017/EEE3074W/project/embedded2017/base/build/port.o
 *fill*         0x0000000020000455        0x3 
 .bss.ulMaxPRIGROUPValue
                0x0000000020000458        0x4 /home/amisi/syncthing/sync/School/2017/EEE3074W/project/embedded2017/base/build/port.o
 .bss.pxCurrentTCB
                0x000000002000045c        0x4 /home/amisi/syncthing/sync/School/2017/EEE3074W/project/embedded2017/base/build/tasks.o
                0x000000002000045c                pxCurrentTCB
 .bss.pxReadyTasksLists
                0x0000000020000460       0x64 /home/amisi/syncthing/sync/School/2017/EEE3074W/project/embedded2017/base/build/tasks.o
 .bss.xDelayedTaskList1
                0x00000000200004c4       0x14 /home/amisi/syncthing/sync/School/2017/EEE3074W/project/embedded2017/base/build/tasks.o
 .bss.xDelayedTaskList2
                0x00000000200004d8       0x14 /home/amisi/syncthing/sync/School/2017/EEE3074W/project/embedded2017/base/build/tasks.o
 .bss.pxDelayedTaskList
                0x00000000200004ec        0x4 /home/amisi/syncthing/sync/School/2017/EEE3074W/project/embedded2017/base/build/tasks.o
 .bss.pxOverflowDelayedTaskList
                0x00000000200004f0        0x4 /home/amisi/syncthing/sync/School/2017/EEE3074W/project/embedded2017/base/build/tasks.o
 .bss.xPendingReadyList
                0x00000000200004f4       0x14 /home/amisi/syncthing/sync/School/2017/EEE3074W/project/embedded2017/base/build/tasks.o
 .bss.xTasksWaitingTermination
                0x0000000020000508       0x14 /home/amisi/syncthing/sync/School/2017/EEE3074W/project/embedded2017/base/build/tasks.o
 .bss.uxDeletedTasksWaitingCleanUp
                0x000000002000051c        0x4 /home/amisi/syncthing/sync/School/2017/EEE3074W/project/embedded2017/base/build/tasks.o
 .bss.xSuspendedTaskList
                0x0000000020000520       0x14 /home/amisi/syncthing/sync/School/2017/EEE3074W/project/embedded2017/base/build/tasks.o
 .bss.uxCurrentNumberOfTasks
                0x0000000020000534        0x4 /home/amisi/syncthing/sync/School/2017/EEE3074W/project/embedded2017/base/build/tasks.o
 .bss.xTickCount
                0x0000000020000538        0x4 /home/amisi/syncthing/sync/School/2017/EEE3074W/project/embedded2017/base/build/tasks.o
 .bss.uxTopReadyPriority
                0x000000002000053c        0x4 /home/amisi/syncthing/sync/School/2017/EEE3074W/project/embedded2017/base/build/tasks.o
 .bss.xSchedulerRunning
                0x0000000020000540        0x4 /home/amisi/syncthing/sync/School/2017/EEE3074W/project/embedded2017/base/build/tasks.o
 .bss.uxPendedTicks
                0x0000000020000544        0x4 /home/amisi/syncthing/sync/School/2017/EEE3074W/project/embedded2017/base/build/tasks.o
 .bss.xYieldPending
                0x0000000020000548        0x4 /home/amisi/syncthing/sync/School/2017/EEE3074W/project/embedded2017/base/build/tasks.o
 .bss.xNumOfOverflows
                0x000000002000054c        0x4 /home/amisi/syncthing/sync/School/2017/EEE3074W/project/embedded2017/base/build/tasks.o
 .bss.uxTaskNumber
                0x0000000020000550        0x4 /home/amisi/syncthing/sync/School/2017/EEE3074W/project/embedded2017/base/build/tasks.o
 .bss.xNextTaskUnblockTime
                0x0000000020000554        0x4 /home/amisi/syncthing/sync/School/2017/EEE3074W/project/embedded2017/base/build/tasks.o
 .bss.xIdleTaskHandle
                0x0000000020000558        0x4 /home/amisi/syncthing/sync/School/2017/EEE3074W/project/embedded2017/base/build/tasks.o
 .bss.uxSchedulerSuspended
                0x000000002000055c        0x4 /home/amisi/syncthing/sync/School/2017/EEE3074W/project/embedded2017/base/build/tasks.o
 .bss.xActiveTimerList1
                0x0000000020000560       0x14 /home/amisi/syncthing/sync/School/2017/EEE3074W/project/embedded2017/base/build/timers.o
 .bss.xActiveTimerList2
                0x0000000020000574       0x14 /home/amisi/syncthing/sync/School/2017/EEE3074W/project/embedded2017/base/build/timers.o
 .bss.pxCurrentTimerList
                0x0000000020000588        0x4 /home/amisi/syncthing/sync/School/2017/EEE3074W/project/embedded2017/base/build/timers.o
 .bss.pxOverflowTimerList
                0x000000002000058c        0x4 /home/amisi/syncthing/sync/School/2017/EEE3074W/project/embedded2017/base/build/timers.o
 .bss.xTimerQueue
                0x0000000020000590        0x4 /home/amisi/syncthing/sync/School/2017/EEE3074W/project/embedded2017/base/build/timers.o
 .bss.xTimerTaskHandle
                0x0000000020000594        0x4 /home/amisi/syncthing/sync/School/2017/EEE3074W/project/embedded2017/base/build/timers.o
 .bss.xLastTime.5475
                0x0000000020000598        0x4 /home/amisi/syncthing/sync/School/2017/EEE3074W/project/embedded2017/base/build/timers.o
 .bss.ucStaticTimerQueueStorage.5524
                0x000000002000059c       0x78 /home/amisi/syncthing/sync/School/2017/EEE3074W/project/embedded2017/base/build/timers.o
 .bss.xStaticTimerQueue.5523
                0x0000000020000614       0x50 /home/amisi/syncthing/sync/School/2017/EEE3074W/project/embedded2017/base/build/timers.o
 .bss.xStart    0x0000000020000664        0x8 /home/amisi/syncthing/sync/School/2017/EEE3074W/project/embedded2017/base/build/heap_4.o
 .bss.pxEnd     0x000000002000066c        0x4 /home/amisi/syncthing/sync/School/2017/EEE3074W/project/embedded2017/base/build/heap_4.o
 .bss.xFreeBytesRemaining
                0x0000000020000670        0x4 /home/amisi/syncthing/sync/School/2017/EEE3074W/project/embedded2017/base/build/heap_4.o
 .bss.xBlockAllocatedBit
                0x0000000020000674        0x4 /home/amisi/syncthing/sync/School/2017/EEE3074W/project/embedded2017/base/build/heap_4.o
 *(COMMON)
 COMMON         0x0000000020000678       0x40 /home/amisi/syncthing/sync/School/2017/EEE3074W/project/embedded2017/base/build/queue.o
                0x0000000020000678                xQueueRegistry
                0x00000000200006b8                . = ALIGN (0x4)
                0x00000000200006b8                _ebss = .
                0x00000000200006b8                __bss_end__ = _ebss

._user_heap_stack
                0x00000000200006b8      0x600
                0x00000000200006b8                . = ALIGN (0x4)
                [!provide]                        PROVIDE (end, .)
                [!provide]                        PROVIDE (_end, .)
                0x00000000200008b8                . = (. + _Min_Heap_Size)
 *fill*         0x00000000200006b8      0x200 
                0x0000000020000cb8                . = (. + _Min_Stack_Size)
 *fill*         0x00000000200008b8      0x400 
                0x0000000020000cb8                . = ALIGN (0x4)

/DISCARD/
 libc.a(*)
 libm.a(*)
 libgcc.a(*)

.ARM.attributes
                0x0000000000000000       0x30
 *(.ARM.attributes)
 .ARM.attributes
                0x0000000000000000       0x22 /usr/lib/gcc/arm-none-eabi/5.4.1/armv7e-m/fpu/crti.o
 .ARM.attributes
                0x0000000000000022       0x34 /usr/lib/gcc/arm-none-eabi/5.4.1/armv7e-m/fpu/crtbegin.o
 .ARM.attributes
                0x0000000000000056       0x39 /home/amisi/syncthing/sync/School/2017/EEE3074W/project/embedded2017/base/build/stm32f4xx_it.o
 .ARM.attributes
                0x000000000000008f       0x39 /home/amisi/syncthing/sync/School/2017/EEE3074W/project/embedded2017/base/build/system_stm32f4xx.o
 .ARM.attributes
                0x00000000000000c8       0x39 /home/amisi/syncthing/sync/School/2017/EEE3074W/project/embedded2017/base/build/main.o
 .ARM.attributes
                0x0000000000000101       0x39 /home/amisi/syncthing/sync/School/2017/EEE3074W/project/embedded2017/base/build/uinput.o
 .ARM.attributes
                0x000000000000013a       0x39 /home/amisi/syncthing/sync/School/2017/EEE3074W/project/embedded2017/base/build/port.o
 .ARM.attributes
                0x0000000000000173       0x39 /home/amisi/syncthing/sync/School/2017/EEE3074W/project/embedded2017/base/build/list.o
 .ARM.attributes
                0x00000000000001ac       0x39 /home/amisi/syncthing/sync/School/2017/EEE3074W/project/embedded2017/base/build/queue.o
 .ARM.attributes
                0x00000000000001e5       0x39 /home/amisi/syncthing/sync/School/2017/EEE3074W/project/embedded2017/base/build/tasks.o
 .ARM.attributes
                0x000000000000021e       0x39 /home/amisi/syncthing/sync/School/2017/EEE3074W/project/embedded2017/base/build/timers.o
 .ARM.attributes
                0x0000000000000257       0x39 /home/amisi/syncthing/sync/School/2017/EEE3074W/project/embedded2017/base/build/heap_4.o
 .ARM.attributes
                0x0000000000000290       0x39 /home/amisi/syncthing/sync/School/2017/EEE3074W/project/embedded2017/base/build/stm32f4xx_adc.o
 .ARM.attributes
                0x00000000000002c9       0x39 /home/amisi/syncthing/sync/School/2017/EEE3074W/project/embedded2017/base/build/stm32f4xx_rcc.o
 .ARM.attributes
                0x0000000000000302       0x39 /home/amisi/syncthing/sync/School/2017/EEE3074W/project/embedded2017/base/build/stm32f4xx_gpio.o
 .ARM.attributes
                0x000000000000033b       0x21 /home/amisi/syncthing/sync/School/2017/EEE3074W/project/embedded2017/base/build/startup_stm32f4xx.o
 .ARM.attributes
                0x000000000000035c       0x20 /usr/lib/gcc/arm-none-eabi/5.4.1/../../../arm-none-eabi/lib/armv7e-m/fpu/libc.a(lib_a-memcpy.o)
 .ARM.attributes
                0x000000000000037c       0x34 /usr/lib/gcc/arm-none-eabi/5.4.1/armv7e-m/fpu/crtend.o
 .ARM.attributes
                0x00000000000003b0       0x22 /usr/lib/gcc/arm-none-eabi/5.4.1/armv7e-m/fpu/crtn.o
LOAD /home/amisi/syncthing/sync/School/2017/EEE3074W/project/embedded2017/base/build/stm32f4xx_it.o
LOAD /home/amisi/syncthing/sync/School/2017/EEE3074W/project/embedded2017/base/build/system_stm32f4xx.o
LOAD /home/amisi/syncthing/sync/School/2017/EEE3074W/project/embedded2017/base/build/main.o
LOAD /home/amisi/syncthing/sync/School/2017/EEE3074W/project/embedded2017/base/build/uinput.o
LOAD /home/amisi/syncthing/sync/School/2017/EEE3074W/project/embedded2017/base/build/port.o
LOAD /home/amisi/syncthing/sync/School/2017/EEE3074W/project/embedded2017/base/build/list.o
LOAD /home/amisi/syncthing/sync/School/2017/EEE3074W/project/embedded2017/base/build/queue.o
LOAD /home/amisi/syncthing/sync/School/2017/EEE3074W/project/embedded2017/base/build/tasks.o
LOAD /home/amisi/syncthing/sync/School/2017/EEE3074W/project/embedded2017/base/build/event_groups.o
LOAD /home/amisi/syncthing/sync/School/2017/EEE3074W/project/embedded2017/base/build/timers.o
LOAD /home/amisi/syncthing/sync/School/2017/EEE3074W/project/embedded2017/base/build/heap_4.o
LOAD /home/amisi/syncthing/sync/School/2017/EEE3074W/project/embedded2017/base/build/misc.o
LOAD /home/amisi/syncthing/sync/School/2017/EEE3074W/project/embedded2017/base/build/stm32f4xx_dcmi.o
LOAD /home/amisi/syncthing/sync/School/2017/EEE3074W/project/embedded2017/base/build/stm32f4xx_rtc.o
LOAD /home/amisi/syncthing/sync/School/2017/EEE3074W/project/embedded2017/base/build/stm32f4xx_adc.o
LOAD /home/amisi/syncthing/sync/School/2017/EEE3074W/project/embedded2017/base/build/stm32f4xx_dma.o
LOAD /home/amisi/syncthing/sync/School/2017/EEE3074W/project/embedded2017/base/build/stm32f4xx_sai.o
LOAD /home/amisi/syncthing/sync/School/2017/EEE3074W/project/embedded2017/base/build/stm32f4xx_can.o
LOAD /home/amisi/syncthing/sync/School/2017/EEE3074W/project/embedded2017/base/build/stm32f4xx_dma2d.o
LOAD /home/amisi/syncthing/sync/School/2017/EEE3074W/project/embedded2017/base/build/stm32f4xx_sdio.o
LOAD /home/amisi/syncthing/sync/School/2017/EEE3074W/project/embedded2017/base/build/stm32f4xx_cec.o
LOAD /home/amisi/syncthing/sync/School/2017/EEE3074W/project/embedded2017/base/build/stm32f4xx_dsi.o
LOAD /home/amisi/syncthing/sync/School/2017/EEE3074W/project/embedded2017/base/build/stm32f4xx_i2c.o
LOAD /home/amisi/syncthing/sync/School/2017/EEE3074W/project/embedded2017/base/build/stm32f4xx_spdifrx.o
LOAD /home/amisi/syncthing/sync/School/2017/EEE3074W/project/embedded2017/base/build/stm32f4xx_crc.o
LOAD /home/amisi/syncthing/sync/School/2017/EEE3074W/project/embedded2017/base/build/stm32f4xx_exti.o
LOAD /home/amisi/syncthing/sync/School/2017/EEE3074W/project/embedded2017/base/build/stm32f4xx_iwdg.o
LOAD /home/amisi/syncthing/sync/School/2017/EEE3074W/project/embedded2017/base/build/stm32f4xx_spi.o
LOAD /home/amisi/syncthing/sync/School/2017/EEE3074W/project/embedded2017/base/build/stm32f4xx_flash.o
LOAD /home/amisi/syncthing/sync/School/2017/EEE3074W/project/embedded2017/base/build/stm32f4xx_lptim.o
LOAD /home/amisi/syncthing/sync/School/2017/EEE3074W/project/embedded2017/base/build/stm32f4xx_syscfg.o
LOAD /home/amisi/syncthing/sync/School/2017/EEE3074W/project/embedded2017/base/build/stm32f4xx_flash_ramfunc.o
LOAD /home/amisi/syncthing/sync/School/2017/EEE3074W/project/embedded2017/base/build/stm32f4xx_ltdc.o
LOAD /home/amisi/syncthing/sync/School/2017/EEE3074W/project/embedded2017/base/build/stm32f4xx_tim.o
LOAD /home/amisi/syncthing/sync/School/2017/EEE3074W/project/embedded2017/base/build/stm32f4xx_pwr.o
LOAD /home/amisi/syncthing/sync/School/2017/EEE3074W/project/embedded2017/base/build/stm32f4xx_usart.o
LOAD /home/amisi/syncthing/sync/School/2017/EEE3074W/project/embedded2017/base/build/stm32f4xx_fmpi2c.o
LOAD /home/amisi/syncthing/sync/School/2017/EEE3074W/project/embedded2017/base/build/stm32f4xx_qspi.o
LOAD /home/amisi/syncthing/sync/School/2017/EEE3074W/project/embedded2017/base/build/stm32f4xx_wwdg.o
LOAD /home/amisi/syncthing/sync/School/2017/EEE3074W/project/embedded2017/base/build/stm32f4xx_dac.o
LOAD /home/amisi/syncthing/sync/School/2017/EEE3074W/project/embedded2017/base/build/stm32f4xx_fsmc.o
LOAD /home/amisi/syncthing/sync/School/2017/EEE3074W/project/embedded2017/base/build/stm32f4xx_rcc.o
LOAD /home/amisi/syncthing/sync/School/2017/EEE3074W/project/embedded2017/base/build/stm32f4xx_dbgmcu.o
LOAD /home/amisi/syncthing/sync/School/2017/EEE3074W/project/embedded2017/base/build/stm32f4xx_gpio.o
LOAD /home/amisi/syncthing/sync/School/2017/EEE3074W/project/embedded2017/base/build/stm32f4xx_rng.o
LOAD /home/amisi/syncthing/sync/School/2017/EEE3074W/project/embedded2017/base/build/startup_stm32f4xx.o
LOAD /usr/lib/gcc/arm-none-eabi/5.4.1/../../../arm-none-eabi/lib/armv7e-m/fpu/libm.a
LOAD /usr/lib/gcc/arm-none-eabi/5.4.1/../../../arm-none-eabi/lib/armv7e-m/fpu/libc.a
LOAD /usr/lib/gcc/arm-none-eabi/5.4.1/armv7e-m/fpu/libgcc.a
START GROUP
LOAD /usr/lib/gcc/arm-none-eabi/5.4.1/armv7e-m/fpu/libgcc.a
LOAD /usr/lib/gcc/arm-none-eabi/5.4.1/../../../arm-none-eabi/lib/armv7e-m/fpu/libc.a
END GROUP
LOAD /usr/lib/gcc/arm-none-eabi/5.4.1/armv7e-m/fpu/crtend.o
LOAD /usr/lib/gcc/arm-none-eabi/5.4.1/armv7e-m/fpu/crtn.o
OUTPUT(/home/amisi/syncthing/sync/School/2017/EEE3074W/project/embedded2017/base/binary/FreeRTOS.elf elf32-littlearm)

.comment        0x0000000000000000       0x2b
 .comment       0x0000000000000000       0x2b /usr/lib/gcc/arm-none-eabi/5.4.1/armv7e-m/fpu/crtbegin.o
                                         0x2c (size before relaxing)
 .comment       0x000000000000002b       0x2c /home/amisi/syncthing/sync/School/2017/EEE3074W/project/embedded2017/base/build/stm32f4xx_it.o
 .comment       0x000000000000002b       0x2c /home/amisi/syncthing/sync/School/2017/EEE3074W/project/embedded2017/base/build/system_stm32f4xx.o
 .comment       0x000000000000002b       0x2c /home/amisi/syncthing/sync/School/2017/EEE3074W/project/embedded2017/base/build/main.o
 .comment       0x000000000000002b       0x2c /home/amisi/syncthing/sync/School/2017/EEE3074W/project/embedded2017/base/build/uinput.o
 .comment       0x000000000000002b       0x2c /home/amisi/syncthing/sync/School/2017/EEE3074W/project/embedded2017/base/build/port.o
 .comment       0x000000000000002b       0x2c /home/amisi/syncthing/sync/School/2017/EEE3074W/project/embedded2017/base/build/list.o
 .comment       0x000000000000002b       0x2c /home/amisi/syncthing/sync/School/2017/EEE3074W/project/embedded2017/base/build/queue.o
 .comment       0x000000000000002b       0x2c /home/amisi/syncthing/sync/School/2017/EEE3074W/project/embedded2017/base/build/tasks.o
 .comment       0x000000000000002b       0x2c /home/amisi/syncthing/sync/School/2017/EEE3074W/project/embedded2017/base/build/timers.o
 .comment       0x000000000000002b       0x2c /home/amisi/syncthing/sync/School/2017/EEE3074W/project/embedded2017/base/build/heap_4.o
 .comment       0x000000000000002b       0x2c /home/amisi/syncthing/sync/School/2017/EEE3074W/project/embedded2017/base/build/stm32f4xx_adc.o
 .comment       0x000000000000002b       0x2c /home/amisi/syncthing/sync/School/2017/EEE3074W/project/embedded2017/base/build/stm32f4xx_rcc.o
 .comment       0x000000000000002b       0x2c /home/amisi/syncthing/sync/School/2017/EEE3074W/project/embedded2017/base/build/stm32f4xx_gpio.o
 .comment       0x000000000000002b       0x2c /usr/lib/gcc/arm-none-eabi/5.4.1/armv7e-m/fpu/crtend.o

.debug_info     0x0000000000000000     0x85e7
 .debug_info    0x0000000000000000      0x1ab /home/amisi/syncthing/sync/School/2017/EEE3074W/project/embedded2017/base/build/stm32f4xx_it.o
 .debug_info    0x00000000000001ab      0x609 /home/amisi/syncthing/sync/School/2017/EEE3074W/project/embedded2017/base/build/system_stm32f4xx.o
 .debug_info    0x00000000000007b4      0x3fa /home/amisi/syncthing/sync/School/2017/EEE3074W/project/embedded2017/base/build/main.o
 .debug_info    0x0000000000000bae      0x523 /home/amisi/syncthing/sync/School/2017/EEE3074W/project/embedded2017/base/build/uinput.o
 .debug_info    0x00000000000010d1      0x4ff /home/amisi/syncthing/sync/School/2017/EEE3074W/project/embedded2017/base/build/port.o
 .debug_info    0x00000000000015d0      0x299 /home/amisi/syncthing/sync/School/2017/EEE3074W/project/embedded2017/base/build/list.o
 .debug_info    0x0000000000001869     0x17cd /home/amisi/syncthing/sync/School/2017/EEE3074W/project/embedded2017/base/build/queue.o
 .debug_info    0x0000000000003036     0x206e /home/amisi/syncthing/sync/School/2017/EEE3074W/project/embedded2017/base/build/tasks.o
 .debug_info    0x00000000000050a4      0xfe5 /home/amisi/syncthing/sync/School/2017/EEE3074W/project/embedded2017/base/build/timers.o
 .debug_info    0x0000000000006089      0x3df /home/amisi/syncthing/sync/School/2017/EEE3074W/project/embedded2017/base/build/heap_4.o
 .debug_info    0x0000000000006468      0xc40 /home/amisi/syncthing/sync/School/2017/EEE3074W/project/embedded2017/base/build/stm32f4xx_adc.o
 .debug_info    0x00000000000070a8      0xe58 /home/amisi/syncthing/sync/School/2017/EEE3074W/project/embedded2017/base/build/stm32f4xx_rcc.o
 .debug_info    0x0000000000007f00      0x61d /home/amisi/syncthing/sync/School/2017/EEE3074W/project/embedded2017/base/build/stm32f4xx_gpio.o
 .debug_info    0x000000000000851d       0xca /usr/lib/gcc/arm-none-eabi/5.4.1/../../../arm-none-eabi/lib/armv7e-m/fpu/libc.a(lib_a-memcpy.o)

.debug_abbrev   0x0000000000000000     0x1583
 .debug_abbrev  0x0000000000000000       0xa6 /home/amisi/syncthing/sync/School/2017/EEE3074W/project/embedded2017/base/build/stm32f4xx_it.o
 .debug_abbrev  0x00000000000000a6      0x138 /home/amisi/syncthing/sync/School/2017/EEE3074W/project/embedded2017/base/build/system_stm32f4xx.o
 .debug_abbrev  0x00000000000001de      0x147 /home/amisi/syncthing/sync/School/2017/EEE3074W/project/embedded2017/base/build/main.o
 .debug_abbrev  0x0000000000000325      0x181 /home/amisi/syncthing/sync/School/2017/EEE3074W/project/embedded2017/base/build/uinput.o
 .debug_abbrev  0x00000000000004a6      0x1ca /home/amisi/syncthing/sync/School/2017/EEE3074W/project/embedded2017/base/build/port.o
 .debug_abbrev  0x0000000000000670       0xbc /home/amisi/syncthing/sync/School/2017/EEE3074W/project/embedded2017/base/build/list.o
 .debug_abbrev  0x000000000000072c      0x276 /home/amisi/syncthing/sync/School/2017/EEE3074W/project/embedded2017/base/build/queue.o
 .debug_abbrev  0x00000000000009a2      0x2c9 /home/amisi/syncthing/sync/School/2017/EEE3074W/project/embedded2017/base/build/tasks.o
 .debug_abbrev  0x0000000000000c6b      0x236 /home/amisi/syncthing/sync/School/2017/EEE3074W/project/embedded2017/base/build/timers.o
 .debug_abbrev  0x0000000000000ea1      0x1d3 /home/amisi/syncthing/sync/School/2017/EEE3074W/project/embedded2017/base/build/heap_4.o
 .debug_abbrev  0x0000000000001074      0x198 /home/amisi/syncthing/sync/School/2017/EEE3074W/project/embedded2017/base/build/stm32f4xx_adc.o
 .debug_abbrev  0x000000000000120c      0x1bc /home/amisi/syncthing/sync/School/2017/EEE3074W/project/embedded2017/base/build/stm32f4xx_rcc.o
 .debug_abbrev  0x00000000000013c8      0x1a7 /home/amisi/syncthing/sync/School/2017/EEE3074W/project/embedded2017/base/build/stm32f4xx_gpio.o
 .debug_abbrev  0x000000000000156f       0x14 /usr/lib/gcc/arm-none-eabi/5.4.1/../../../arm-none-eabi/lib/armv7e-m/fpu/libc.a(lib_a-memcpy.o)

.debug_aranges  0x0000000000000000      0x990
 .debug_aranges
                0x0000000000000000       0x50 /home/amisi/syncthing/sync/School/2017/EEE3074W/project/embedded2017/base/build/stm32f4xx_it.o
 .debug_aranges
                0x0000000000000050       0x30 /home/amisi/syncthing/sync/School/2017/EEE3074W/project/embedded2017/base/build/system_stm32f4xx.o
 .debug_aranges
                0x0000000000000080       0x50 /home/amisi/syncthing/sync/School/2017/EEE3074W/project/embedded2017/base/build/main.o
 .debug_aranges
                0x00000000000000d0       0x30 /home/amisi/syncthing/sync/School/2017/EEE3074W/project/embedded2017/base/build/uinput.o
 .debug_aranges
                0x0000000000000100       0x80 /home/amisi/syncthing/sync/School/2017/EEE3074W/project/embedded2017/base/build/port.o
 .debug_aranges
                0x0000000000000180       0x40 /home/amisi/syncthing/sync/School/2017/EEE3074W/project/embedded2017/base/build/list.o
 .debug_aranges
                0x00000000000001c0      0x130 /home/amisi/syncthing/sync/School/2017/EEE3074W/project/embedded2017/base/build/queue.o
 .debug_aranges
                0x00000000000002f0      0x1e0 /home/amisi/syncthing/sync/School/2017/EEE3074W/project/embedded2017/base/build/tasks.o
 .debug_aranges
                0x00000000000004d0       0xc0 /home/amisi/syncthing/sync/School/2017/EEE3074W/project/embedded2017/base/build/timers.o
 .debug_aranges
                0x0000000000000590       0x50 /home/amisi/syncthing/sync/School/2017/EEE3074W/project/embedded2017/base/build/heap_4.o
 .debug_aranges
                0x00000000000005e0      0x148 /home/amisi/syncthing/sync/School/2017/EEE3074W/project/embedded2017/base/build/stm32f4xx_adc.o
 .debug_aranges
                0x0000000000000728      0x1c0 /home/amisi/syncthing/sync/School/2017/EEE3074W/project/embedded2017/base/build/stm32f4xx_rcc.o
 .debug_aranges
                0x00000000000008e8       0x88 /home/amisi/syncthing/sync/School/2017/EEE3074W/project/embedded2017/base/build/stm32f4xx_gpio.o
 .debug_aranges
                0x0000000000000970       0x20 /usr/lib/gcc/arm-none-eabi/5.4.1/../../../arm-none-eabi/lib/armv7e-m/fpu/libc.a(lib_a-memcpy.o)

.debug_ranges   0x0000000000000000      0x8a0
 .debug_ranges  0x0000000000000000       0x40 /home/amisi/syncthing/sync/School/2017/EEE3074W/project/embedded2017/base/build/stm32f4xx_it.o
 .debug_ranges  0x0000000000000040       0x20 /home/amisi/syncthing/sync/School/2017/EEE3074W/project/embedded2017/base/build/system_stm32f4xx.o
 .debug_ranges  0x0000000000000060       0x40 /home/amisi/syncthing/sync/School/2017/EEE3074W/project/embedded2017/base/build/main.o
 .debug_ranges  0x00000000000000a0       0x20 /home/amisi/syncthing/sync/School/2017/EEE3074W/project/embedded2017/base/build/uinput.o
 .debug_ranges  0x00000000000000c0       0x70 /home/amisi/syncthing/sync/School/2017/EEE3074W/project/embedded2017/base/build/port.o
 .debug_ranges  0x0000000000000130       0x30 /home/amisi/syncthing/sync/School/2017/EEE3074W/project/embedded2017/base/build/list.o
 .debug_ranges  0x0000000000000160      0x120 /home/amisi/syncthing/sync/School/2017/EEE3074W/project/embedded2017/base/build/queue.o
 .debug_ranges  0x0000000000000280      0x1d0 /home/amisi/syncthing/sync/School/2017/EEE3074W/project/embedded2017/base/build/tasks.o
 .debug_ranges  0x0000000000000450       0xb0 /home/amisi/syncthing/sync/School/2017/EEE3074W/project/embedded2017/base/build/timers.o
 .debug_ranges  0x0000000000000500       0x40 /home/amisi/syncthing/sync/School/2017/EEE3074W/project/embedded2017/base/build/heap_4.o
 .debug_ranges  0x0000000000000540      0x138 /home/amisi/syncthing/sync/School/2017/EEE3074W/project/embedded2017/base/build/stm32f4xx_adc.o
 .debug_ranges  0x0000000000000678      0x1b0 /home/amisi/syncthing/sync/School/2017/EEE3074W/project/embedded2017/base/build/stm32f4xx_rcc.o
 .debug_ranges  0x0000000000000828       0x78 /home/amisi/syncthing/sync/School/2017/EEE3074W/project/embedded2017/base/build/stm32f4xx_gpio.o

.debug_line     0x0000000000000000     0x427f
 .debug_line    0x0000000000000000      0x1d0 /home/amisi/syncthing/sync/School/2017/EEE3074W/project/embedded2017/base/build/stm32f4xx_it.o
 .debug_line    0x00000000000001d0      0x257 /home/amisi/syncthing/sync/School/2017/EEE3074W/project/embedded2017/base/build/system_stm32f4xx.o
 .debug_line    0x0000000000000427      0x204 /home/amisi/syncthing/sync/School/2017/EEE3074W/project/embedded2017/base/build/main.o
 .debug_line    0x000000000000062b      0x2c1 /home/amisi/syncthing/sync/School/2017/EEE3074W/project/embedded2017/base/build/uinput.o
 .debug_line    0x00000000000008ec      0x3e3 /home/amisi/syncthing/sync/School/2017/EEE3074W/project/embedded2017/base/build/port.o
 .debug_line    0x0000000000000ccf      0x232 /home/amisi/syncthing/sync/School/2017/EEE3074W/project/embedded2017/base/build/list.o
 .debug_line    0x0000000000000f01      0xaef /home/amisi/syncthing/sync/School/2017/EEE3074W/project/embedded2017/base/build/queue.o
 .debug_line    0x00000000000019f0      0xea9 /home/amisi/syncthing/sync/School/2017/EEE3074W/project/embedded2017/base/build/tasks.o
 .debug_line    0x0000000000002899      0x5a9 /home/amisi/syncthing/sync/School/2017/EEE3074W/project/embedded2017/base/build/timers.o
 .debug_line    0x0000000000002e42      0x2de /home/amisi/syncthing/sync/School/2017/EEE3074W/project/embedded2017/base/build/heap_4.o
 .debug_line    0x0000000000003120      0x5d9 /home/amisi/syncthing/sync/School/2017/EEE3074W/project/embedded2017/base/build/stm32f4xx_adc.o
 .debug_line    0x00000000000036f9      0x6df /home/amisi/syncthing/sync/School/2017/EEE3074W/project/embedded2017/base/build/stm32f4xx_rcc.o
 .debug_line    0x0000000000003dd8      0x3ec /home/amisi/syncthing/sync/School/2017/EEE3074W/project/embedded2017/base/build/stm32f4xx_gpio.o
 .debug_line    0x00000000000041c4       0xbb /usr/lib/gcc/arm-none-eabi/5.4.1/../../../arm-none-eabi/lib/armv7e-m/fpu/libc.a(lib_a-memcpy.o)

.debug_str      0x0000000000000000     0x3702
 .debug_str     0x0000000000000000      0x227 /home/amisi/syncthing/sync/School/2017/EEE3074W/project/embedded2017/base/build/stm32f4xx_it.o
                                        0x26c (size before relaxing)
 .debug_str     0x0000000000000227      0x28b /home/amisi/syncthing/sync/School/2017/EEE3074W/project/embedded2017/base/build/system_stm32f4xx.o
                                        0x431 (size before relaxing)
 .debug_str     0x00000000000004b2      0x2d9 /home/amisi/syncthing/sync/School/2017/EEE3074W/project/embedded2017/base/build/main.o
                                        0x455 (size before relaxing)
 .debug_str     0x000000000000078b      0x347 /home/amisi/syncthing/sync/School/2017/EEE3074W/project/embedded2017/base/build/uinput.o
                                        0x4e9 (size before relaxing)
 .debug_str     0x0000000000000ad2      0x278 /home/amisi/syncthing/sync/School/2017/EEE3074W/project/embedded2017/base/build/port.o
                                        0x444 (size before relaxing)
 .debug_str     0x0000000000000d4a      0x161 /home/amisi/syncthing/sync/School/2017/EEE3074W/project/embedded2017/base/build/list.o
                                        0x2f6 (size before relaxing)
 .debug_str     0x0000000000000eab      0x6fd /home/amisi/syncthing/sync/School/2017/EEE3074W/project/embedded2017/base/build/queue.o
                                        0x9cc (size before relaxing)
 .debug_str     0x00000000000015a8      0xc03 /home/amisi/syncthing/sync/School/2017/EEE3074W/project/embedded2017/base/build/tasks.o
                                       0x10e5 (size before relaxing)
 .debug_str     0x00000000000021ab      0x4e6 /home/amisi/syncthing/sync/School/2017/EEE3074W/project/embedded2017/base/build/timers.o
                                        0x98a (size before relaxing)
 .debug_str     0x0000000000002691      0x217 /home/amisi/syncthing/sync/School/2017/EEE3074W/project/embedded2017/base/build/heap_4.o
                                        0x3dd (size before relaxing)
 .debug_str     0x00000000000028a8      0x599 /home/amisi/syncthing/sync/School/2017/EEE3074W/project/embedded2017/base/build/stm32f4xx_adc.o
                                        0x873 (size before relaxing)
 .debug_str     0x0000000000002e41      0x6ea /home/amisi/syncthing/sync/School/2017/EEE3074W/project/embedded2017/base/build/stm32f4xx_rcc.o
                                        0xa31 (size before relaxing)
 .debug_str     0x000000000000352b      0x1d7 /home/amisi/syncthing/sync/School/2017/EEE3074W/project/embedded2017/base/build/stm32f4xx_gpio.o
                                        0x50f (size before relaxing)

.debug_frame    0x0000000000000000     0x2718
 .debug_frame   0x0000000000000000       0xd0 /home/amisi/syncthing/sync/School/2017/EEE3074W/project/embedded2017/base/build/stm32f4xx_it.o
 .debug_frame   0x00000000000000d0       0x7c /home/amisi/syncthing/sync/School/2017/EEE3074W/project/embedded2017/base/build/system_stm32f4xx.o
 .debug_frame   0x000000000000014c       0xf8 /home/amisi/syncthing/sync/School/2017/EEE3074W/project/embedded2017/base/build/main.o
 .debug_frame   0x0000000000000244       0x70 /home/amisi/syncthing/sync/School/2017/EEE3074W/project/embedded2017/base/build/uinput.o
 .debug_frame   0x00000000000002b4      0x19c /home/amisi/syncthing/sync/School/2017/EEE3074W/project/embedded2017/base/build/port.o
 .debug_frame   0x0000000000000450       0xd8 /home/amisi/syncthing/sync/School/2017/EEE3074W/project/embedded2017/base/build/list.o
 .debug_frame   0x0000000000000528      0x530 /home/amisi/syncthing/sync/School/2017/EEE3074W/project/embedded2017/base/build/queue.o
 .debug_frame   0x0000000000000a58      0x838 /home/amisi/syncthing/sync/School/2017/EEE3074W/project/embedded2017/base/build/tasks.o
 .debug_frame   0x0000000000001290      0x31c /home/amisi/syncthing/sync/School/2017/EEE3074W/project/embedded2017/base/build/timers.o
 .debug_frame   0x00000000000015ac      0x108 /home/amisi/syncthing/sync/School/2017/EEE3074W/project/embedded2017/base/build/heap_4.o
 .debug_frame   0x00000000000016b4      0x5ec /home/amisi/syncthing/sync/School/2017/EEE3074W/project/embedded2017/base/build/stm32f4xx_adc.o
 .debug_frame   0x0000000000001ca0      0x83c /home/amisi/syncthing/sync/School/2017/EEE3074W/project/embedded2017/base/build/stm32f4xx_rcc.o
 .debug_frame   0x00000000000024dc      0x23c /home/amisi/syncthing/sync/School/2017/EEE3074W/project/embedded2017/base/build/stm32f4xx_gpio.o
