tm_stm32f4_spi.h:454:25:TM_SPI_Send	16	static
tm_stm32f4_delay.h:282:22:Delayms	24	static
fatfs_sd.c:35:13:init_spi	8	static
fatfs_sd.c:51:13:rcvr_spi_multi	16	static
fatfs_sd.c:63:13:xmit_spi_multi	16	static
fatfs_sd.c:78:12:wait_ready	24	static
fatfs_sd.c:104:13:deselect	8	static
fatfs_sd.c:117:12:sd_select	8	static
fatfs_sd.c:137:12:rcvr_datablock	24	static
fatfs_sd.c:168:12:xmit_datablock	24	static
fatfs_sd.c:201:13:send_cmd	24	static
fatfs_sd.c:244:6:TM_FATFS_InitPins	16	static
fatfs_sd.c:259:9:TM_FATFS_Detect	4	static
fatfs_sd.c:267:9:TM_FATFS_WriteEnabled	4	static
fatfs_sd.c:275:9:TM_FATFS_SD_disk_initialize	24	static
fatfs_sd.c:340:9:TM_FATFS_SD_disk_status	8	static
fatfs_sd.c:363:9:TM_FATFS_SD_disk_read	24	static
fatfs_sd.c:405:9:TM_FATFS_SD_disk_write	24	static
fatfs_sd.c:460:9:TM_FATFS_SD_disk_ioctl	56	static
